   1              	 .syntax unified
   2              	 .cpu cortex-m4
   3              	 .eabi_attribute 27,3
   4              	 .fpu fpv4-sp-d16
   5              	 .eabi_attribute 20,1
   6              	 .eabi_attribute 21,1
   7              	 .eabi_attribute 23,3
   8              	 .eabi_attribute 24,1
   9              	 .eabi_attribute 25,1
  10              	 .eabi_attribute 26,1
  11              	 .eabi_attribute 30,4
  12              	 .eabi_attribute 34,1
  13              	 .eabi_attribute 18,4
  14              	 .thumb
  15              	 .file "xmc_dma.c"
  16              	 .section .text.XMC_DMA_Enable,"ax",%progbits
  17              	 .align 1
  18              	 .global XMC_DMA_Enable
  19              	 .thumb
  20              	 .thumb_func
  22              	XMC_DMA_Enable:
  23              	 
  24              	 
  25 0000 064B     	 ldr r3,.L5
  26 0002 10B5     	 push {r4,lr}
  27 0004 9842     	 cmp r0,r3
  28 0006 0446     	 mov r4,r0
  29 0008 0CBF     	 ite eq
  30 000a 0548     	 ldreq r0,.L5+4
  31 000c 0548     	 ldrne r0,.L5+8
  32 000e FFF7FEFF 	 bl XMC_SCU_RESET_DeassertPeripheralReset
  33 0012 0123     	 movs r3,#1
  34 0014 C4F89833 	 str r3,[r4,#920]
  35 0018 10BD     	 pop {r4,pc}
  36              	.L6:
  37 001a 00BF     	 .align 2
  38              	.L5:
  39 001c 00400150 	 .word 1342259200
  40 0020 10000020 	 .word 536870928
  41 0024 20000020 	 .word 536870944
  43              	 .section .text.XMC_DMA_Init,"ax",%progbits
  44              	 .align 1
  45              	 .global XMC_DMA_Init
  46              	 .thumb
  47              	 .thumb_func
  49              	XMC_DMA_Init:
  50              	 
  51              	 
  52              	 
  53 0000 FFF7FEBF 	 b XMC_DMA_Enable
  55              	 .section .text.XMC_DMA_Disable,"ax",%progbits
  56              	 .align 1
  57              	 .global XMC_DMA_Disable
  58              	 .thumb
  59              	 .thumb_func
  61              	XMC_DMA_Disable:
  62              	 
  63              	 
  64              	 
  65 0000 0023     	 movs r3,#0
  66 0002 C0F89833 	 str r3,[r0,#920]
  67 0006 034B     	 ldr r3,.L11
  68 0008 9842     	 cmp r0,r3
  69 000a 0CBF     	 ite eq
  70 000c 0248     	 ldreq r0,.L11+4
  71 000e 0348     	 ldrne r0,.L11+8
  72 0010 FFF7FEBF 	 b XMC_SCU_RESET_AssertPeripheralReset
  73              	.L12:
  74              	 .align 2
  75              	.L11:
  76 0014 00400150 	 .word 1342259200
  77 0018 10000020 	 .word 536870928
  78 001c 20000020 	 .word 536870944
  80              	 .section .text.XMC_DMA_IsEnabled,"ax",%progbits
  81              	 .align 1
  82              	 .global XMC_DMA_IsEnabled
  83              	 .thumb
  84              	 .thumb_func
  86              	XMC_DMA_IsEnabled:
  87              	 
  88              	 
  89 0000 094B     	 ldr r3,.L22
  90 0002 9842     	 cmp r0,r3
  91 0004 10B5     	 push {r4,lr}
  92 0006 0446     	 mov r4,r0
  93 0008 0CBF     	 ite eq
  94 000a 0848     	 ldreq r0,.L22+4
  95 000c 0848     	 ldrne r0,.L22+8
  96 000e FFF7FEFF 	 bl XMC_SCU_RESET_IsPeripheralResetAsserted
  97 0012 80F00100 	 eor r0,r0,#1
  98 0016 C0B2     	 uxtb r0,r0
  99 0018 28B1     	 cbz r0,.L21
 100 001a D4F89803 	 ldr r0,[r4,#920]
 101 001e 0030     	 adds r0,r0,#0
 102 0020 18BF     	 it ne
 103 0022 0120     	 movne r0,#1
 104 0024 10BD     	 pop {r4,pc}
 105              	.L21:
 106 0026 10BD     	 pop {r4,pc}
 107              	.L23:
 108              	 .align 2
 109              	.L22:
 110 0028 00400150 	 .word 1342259200
 111 002c 10000020 	 .word 536870928
 112 0030 20000020 	 .word 536870944
 114              	 .section .text.XMC_DMA_EnableRequestLine,"ax",%progbits
 115              	 .align 1
 116              	 .global XMC_DMA_EnableRequestLine
 117              	 .thumb
 118              	 .thumb_func
 120              	XMC_DMA_EnableRequestLine:
 121              	 
 122              	 
 123 0000 114B     	 ldr r3,.L28
 124 0002 9842     	 cmp r0,r3
 125 0004 30B5     	 push {r4,r5,lr}
 126 0006 1148     	 ldr r0,.L28+4
 127 0008 0BB2     	 sxth r3,r1
 128 000a 0DD1     	 bne .L25
 129 000c 8568     	 ldr r5,[r0,#8]
 130 000e 9B00     	 lsls r3,r3,#2
 131 0010 0F24     	 movs r4,#15
 132 0012 9C40     	 lsls r4,r4,r3
 133 0014 9A40     	 lsls r2,r2,r3
 134 0016 25EA0404 	 bic r4,r5,r4
 135 001a 2243     	 orrs r2,r2,r4
 136 001c 8260     	 str r2,[r0,#8]
 137 001e 0269     	 ldr r2,[r0,#16]
 138 0020 01F00701 	 and r1,r1,#7
 139 0024 0123     	 movs r3,#1
 140 0026 0BE0     	 b .L27
 141              	.L25:
 142 0028 C568     	 ldr r5,[r0,#12]
 143 002a 9B00     	 lsls r3,r3,#2
 144 002c 0F24     	 movs r4,#15
 145 002e 9C40     	 lsls r4,r4,r3
 146 0030 9A40     	 lsls r2,r2,r3
 147 0032 25EA0404 	 bic r4,r5,r4
 148 0036 2243     	 orrs r2,r2,r4
 149 0038 C260     	 str r2,[r0,#12]
 150 003a 0269     	 ldr r2,[r0,#16]
 151 003c 4FF48073 	 mov r3,#256
 152              	.L27:
 153 0040 8B40     	 lsls r3,r3,r1
 154 0042 1343     	 orrs r3,r3,r2
 155 0044 0361     	 str r3,[r0,#16]
 156 0046 30BD     	 pop {r4,r5,pc}
 157              	.L29:
 158              	 .align 2
 159              	.L28:
 160 0048 00400150 	 .word 1342259200
 161 004c 00490050 	 .word 1342195968
 163              	 .section .text.XMC_DMA_DisableRequestLine,"ax",%progbits
 164              	 .align 1
 165              	 .global XMC_DMA_DisableRequestLine
 166              	 .thumb
 167              	 .thumb_func
 169              	XMC_DMA_DisableRequestLine:
 170              	 
 171              	 
 172              	 
 173 0000 074B     	 ldr r3,.L34
 174 0002 9842     	 cmp r0,r3
 175 0004 A3F57743 	 sub r3,r3,#63232
 176 0008 08BF     	 it eq
 177 000a 0122     	 moveq r2,#1
 178 000c 1869     	 ldr r0,[r3,#16]
 179 000e 18BF     	 it ne
 180 0010 4FF48072 	 movne r2,#256
 181 0014 8A40     	 lsls r2,r2,r1
 182 0016 20EA0202 	 bic r2,r0,r2
 183 001a 1A61     	 str r2,[r3,#16]
 184 001c 7047     	 bx lr
 185              	.L35:
 186 001e 00BF     	 .align 2
 187              	.L34:
 188 0020 00400150 	 .word 1342259200
 190              	 .section .text.XMC_DMA_ClearRequestLine,"ax",%progbits
 191              	 .align 1
 192              	 .global XMC_DMA_ClearRequestLine
 193              	 .thumb
 194              	 .thumb_func
 196              	XMC_DMA_ClearRequestLine:
 197              	 
 198              	 
 199              	 
 200 0000 084B     	 ldr r3,.L40
 201 0002 9842     	 cmp r0,r3
 202 0004 A3F57743 	 sub r3,r3,#63232
 203 0008 08BF     	 it eq
 204 000a 0122     	 moveq r2,#1
 205 000c 1869     	 ldr r0,[r3,#16]
 206 000e 18BF     	 it ne
 207 0010 4FF48072 	 movne r2,#256
 208 0014 8A40     	 lsls r2,r2,r1
 209 0016 20EA0201 	 bic r1,r0,r2
 210 001a 1961     	 str r1,[r3,#16]
 211 001c 1969     	 ldr r1,[r3,#16]
 212 001e 0A43     	 orrs r2,r2,r1
 213 0020 1A61     	 str r2,[r3,#16]
 214 0022 7047     	 bx lr
 215              	.L41:
 216              	 .align 2
 217              	.L40:
 218 0024 00400150 	 .word 1342259200
 220              	 .section .text.XMC_DMA_GetOverrunStatus,"ax",%progbits
 221              	 .align 1
 222              	 .global XMC_DMA_GetOverrunStatus
 223              	 .thumb
 224              	 .thumb_func
 226              	XMC_DMA_GetOverrunStatus:
 227              	 
 228              	 
 229              	 
 230 0000 094B     	 ldr r3,.L45
 231 0002 9842     	 cmp r0,r3
 232 0004 A3F57743 	 sub r3,r3,#63232
 233 0008 04D1     	 bne .L43
 234 000a 1868     	 ldr r0,[r3]
 235 000c C840     	 lsrs r0,r0,r1
 236 000e 00F00100 	 and r0,r0,#1
 237 0012 7047     	 bx lr
 238              	.L43:
 239 0014 1A68     	 ldr r2,[r3]
 240 0016 4FF48073 	 mov r3,#256
 241 001a 8B40     	 lsls r3,r3,r1
 242 001c 1342     	 tst r3,r2
 243 001e 14BF     	 ite ne
 244 0020 0120     	 movne r0,#1
 245 0022 0020     	 moveq r0,#0
 246 0024 7047     	 bx lr
 247              	.L46:
 248 0026 00BF     	 .align 2
 249              	.L45:
 250 0028 00400150 	 .word 1342259200
 252              	 .section .text.XMC_DMA_ClearOverrunStatus,"ax",%progbits
 253              	 .align 1
 254              	 .global XMC_DMA_ClearOverrunStatus
 255              	 .thumb
 256              	 .thumb_func
 258              	XMC_DMA_ClearOverrunStatus:
 259              	 
 260              	 
 261              	 
 262 0000 044B     	 ldr r3,.L51
 263 0002 054A     	 ldr r2,.L51+4
 264 0004 9842     	 cmp r0,r3
 265 0006 0CBF     	 ite eq
 266 0008 0123     	 moveq r3,#1
 267 000a 4FF48073 	 movne r3,#256
 268 000e 8B40     	 lsls r3,r3,r1
 269 0010 5360     	 str r3,[r2,#4]
 270 0012 7047     	 bx lr
 271              	.L52:
 272              	 .align 2
 273              	.L51:
 274 0014 00400150 	 .word 1342259200
 275 0018 00490050 	 .word 1342195968
 277              	 .section .text.XMC_DMA_CH_Disable,"ax",%progbits
 278              	 .align 1
 279              	 .global XMC_DMA_CH_Disable
 280              	 .thumb
 281              	 .thumb_func
 283              	XMC_DMA_CH_Disable:
 284              	 
 285              	 
 286              	 
 287 0000 4FF48073 	 mov r3,#256
 288 0004 8B40     	 lsls r3,r3,r1
 289 0006 C0F8A033 	 str r3,[r0,#928]
 290 000a 0123     	 movs r3,#1
 291 000c 8B40     	 lsls r3,r3,r1
 292              	.L54:
 293 000e D0F8A023 	 ldr r2,[r0,#928]
 294 0012 1342     	 tst r3,r2
 295 0014 FBD1     	 bne .L54
 296 0016 7047     	 bx lr
 298              	 .section .text.XMC_DMA_CH_IsEnabled,"ax",%progbits
 299              	 .align 1
 300              	 .global XMC_DMA_CH_IsEnabled
 301              	 .thumb
 302              	 .thumb_func
 304              	XMC_DMA_CH_IsEnabled:
 305              	 
 306              	 
 307              	 
 308 0000 D0F8A003 	 ldr r0,[r0,#928]
 309 0004 C840     	 lsrs r0,r0,r1
 310 0006 00F00100 	 and r0,r0,#1
 311 000a 7047     	 bx lr
 313              	 .section .text.XMC_DMA_CH_Suspend,"ax",%progbits
 314              	 .align 1
 315              	 .global XMC_DMA_CH_Suspend
 316              	 .thumb
 317              	 .thumb_func
 319              	XMC_DMA_CH_Suspend:
 320              	 
 321              	 
 322              	 
 323 0000 5823     	 movs r3,#88
 324 0002 03FB0101 	 mla r1,r3,r1,r0
 325 0006 0B6C     	 ldr r3,[r1,#64]
 326 0008 43F48073 	 orr r3,r3,#256
 327 000c 0B64     	 str r3,[r1,#64]
 328 000e 7047     	 bx lr
 330              	 .section .text.XMC_DMA_CH_Resume,"ax",%progbits
 331              	 .align 1
 332              	 .global XMC_DMA_CH_Resume
 333              	 .thumb
 334              	 .thumb_func
 336              	XMC_DMA_CH_Resume:
 337              	 
 338              	 
 339              	 
 340 0000 5823     	 movs r3,#88
 341 0002 03FB0101 	 mla r1,r3,r1,r0
 342 0006 0B6C     	 ldr r3,[r1,#64]
 343 0008 23F48073 	 bic r3,r3,#256
 344 000c 0B64     	 str r3,[r1,#64]
 345 000e 7047     	 bx lr
 347              	 .section .text.XMC_DMA_CH_IsSuspended,"ax",%progbits
 348              	 .align 1
 349              	 .global XMC_DMA_CH_IsSuspended
 350              	 .thumb
 351              	 .thumb_func
 353              	XMC_DMA_CH_IsSuspended:
 354              	 
 355              	 
 356              	 
 357 0000 5823     	 movs r3,#88
 358 0002 03FB0101 	 mla r1,r3,r1,r0
 359 0006 086C     	 ldr r0,[r1,#64]
 360 0008 C0F30020 	 ubfx r0,r0,#8,#1
 361 000c 7047     	 bx lr
 363              	 .section .text.XMC_DMA_CH_EnableEvent,"ax",%progbits
 364              	 .align 1
 365              	 .global XMC_DMA_CH_EnableEvent
 366              	 .thumb
 367              	 .thumb_func
 369              	XMC_DMA_CH_EnableEvent:
 370              	 
 371              	 
 372 0000 10B5     	 push {r4,lr}
 373 0002 40F20113 	 movw r3,#257
 374 0006 03FA01F1 	 lsl r1,r3,r1
 375 000a 0023     	 movs r3,#0
 376              	.L62:
 377 000c 22FA03F4 	 lsr r4,r2,r3
 378 0010 E407     	 lsls r4,r4,#31
 379 0012 44BF     	 itt mi
 380 0014 5C00     	 lslmi r4,r3,#1
 381 0016 C434     	 addmi r4,r4,#196
 382 0018 03F10103 	 add r3,r3,#1
 383 001c 48BF     	 it mi
 384 001e 40F82410 	 strmi r1,[r0,r4,lsl#2]
 385 0022 052B     	 cmp r3,#5
 386 0024 F2D1     	 bne .L62
 387 0026 10BD     	 pop {r4,pc}
 389              	 .section .text.XMC_DMA_CH_DisableEvent,"ax",%progbits
 390              	 .align 1
 391              	 .global XMC_DMA_CH_DisableEvent
 392              	 .thumb
 393              	 .thumb_func
 395              	XMC_DMA_CH_DisableEvent:
 396              	 
 397              	 
 398 0000 10B5     	 push {r4,lr}
 399 0002 4FF48073 	 mov r3,#256
 400 0006 03FA01F1 	 lsl r1,r3,r1
 401 000a 0023     	 movs r3,#0
 402              	.L69:
 403 000c 22FA03F4 	 lsr r4,r2,r3
 404 0010 E407     	 lsls r4,r4,#31
 405 0012 44BF     	 itt mi
 406 0014 5C00     	 lslmi r4,r3,#1
 407 0016 C434     	 addmi r4,r4,#196
 408 0018 03F10103 	 add r3,r3,#1
 409 001c 48BF     	 it mi
 410 001e 40F82410 	 strmi r1,[r0,r4,lsl#2]
 411 0022 052B     	 cmp r3,#5
 412 0024 F2D1     	 bne .L69
 413 0026 10BD     	 pop {r4,pc}
 415              	 .section .text.XMC_DMA_CH_ClearEventStatus,"ax",%progbits
 416              	 .align 1
 417              	 .global XMC_DMA_CH_ClearEventStatus
 418              	 .thumb
 419              	 .thumb_func
 421              	XMC_DMA_CH_ClearEventStatus:
 422              	 
 423              	 
 424 0000 10B5     	 push {r4,lr}
 425 0002 0123     	 movs r3,#1
 426 0004 03FA01F1 	 lsl r1,r3,r1
 427 0008 0023     	 movs r3,#0
 428              	.L76:
 429 000a 22FA03F4 	 lsr r4,r2,r3
 430 000e E407     	 lsls r4,r4,#31
 431 0010 44BF     	 itt mi
 432 0012 5C00     	 lslmi r4,r3,#1
 433 0014 CE34     	 addmi r4,r4,#206
 434 0016 03F10103 	 add r3,r3,#1
 435 001a 48BF     	 it mi
 436 001c 40F82410 	 strmi r1,[r0,r4,lsl#2]
 437 0020 052B     	 cmp r3,#5
 438 0022 F2D1     	 bne .L76
 439 0024 10BD     	 pop {r4,pc}
 441              	 .section .text.XMC_DMA_CH_Init,"ax",%progbits
 442              	 .align 1
 443              	 .global XMC_DMA_CH_Init
 444              	 .thumb
 445              	 .thumb_func
 447              	XMC_DMA_CH_Init:
 448              	 
 449              	 
 450 0000 F8B5     	 push {r3,r4,r5,r6,r7,lr}
 451 0002 0446     	 mov r4,r0
 452 0004 0D46     	 mov r5,r1
 453 0006 1646     	 mov r6,r2
 454 0008 FFF7FEFF 	 bl XMC_DMA_IsEnabled
 455 000c 0028     	 cmp r0,#0
 456 000e 00F0A880 	 beq .L99
 457 0012 D4F8A033 	 ldr r3,[r4,#928]
 458 0016 EB40     	 lsrs r3,r3,r5
 459 0018 DB07     	 lsls r3,r3,#31
 460 001a 00F1A480 	 bmi .L100
 461 001e 5822     	 movs r2,#88
 462 0020 6A43     	 muls r2,r5,r2
 463 0022 7168     	 ldr r1,[r6,#4]
 464 0024 A150     	 str r1,[r4,r2]
 465 0026 A318     	 adds r3,r4,r2
 466 0028 B268     	 ldr r2,[r6,#8]
 467 002a 9A60     	 str r2,[r3,#8]
 468 002c 318B     	 ldrh r1,[r6,#24]
 469 002e F268     	 ldr r2,[r6,#12]
 470 0030 1A61     	 str r2,[r3,#16]
 471 0032 D961     	 str r1,[r3,#28]
 472 0034 3268     	 ldr r2,[r6]
 473 0036 9A61     	 str r2,[r3,#24]
 474 0038 F27E     	 ldrb r2,[r6,#27]
 475 003a 42F44062 	 orr r2,r2,#3072
 476 003e 1A64     	 str r2,[r3,#64]
 477 0040 4B4A     	 ldr r2,.L106
 478 0042 9442     	 cmp r4,r2
 479 0044 05D1     	 bne .L83
 480 0046 012D     	 cmp r5,#1
 481 0048 9FBF     	 itttt ls
 482 004a 3269     	 ldrls r2,[r6,#16]
 483 004c 9A64     	 strls r2,[r3,#72]
 484 004e 7269     	 ldrls r2,[r6,#20]
 485 0050 1A65     	 strls r2,[r3,#80]
 486              	.L83:
 487 0052 338C     	 ldrh r3,[r6,#32]
 488 0054 E3B9     	 cbnz r3,.L84
 489 0056 B378     	 ldrb r3,[r6,#2]
 490 0058 03F05003 	 and r3,r3,#80
 491 005c 102B     	 cmp r3,#16
 492 005e 17D1     	 bne .L84
 493 0060 5827     	 movs r7,#88
 494 0062 07FB0547 	 mla r7,r7,r5,r4
 495 0066 424B     	 ldr r3,.L106
 496 0068 96F82220 	 ldrb r2,[r6,#34]
 497 006c 9C42     	 cmp r4,r3
 498 006e 7B6C     	 ldr r3,[r7,#68]
 499 0070 0CBF     	 ite eq
 500 0072 02F00701 	 andeq r1,r2,#7
 501 0076 02F00301 	 andne r1,r2,#3
 502 007a 43EAC123 	 orr r3,r3,r1,lsl#11
 503 007e 7B64     	 str r3,[r7,#68]
 504 0080 2046     	 mov r0,r4
 505 0082 1209     	 lsrs r2,r2,#4
 506 0084 FFF7FEFF 	 bl XMC_DMA_EnableRequestLine
 507 0088 3B6C     	 ldr r3,[r7,#64]
 508 008a 23F48063 	 bic r3,r3,#1024
 509 008e 3B64     	 str r3,[r7,#64]
 510              	.L84:
 511 0090 B38B     	 ldrh r3,[r6,#28]
 512 0092 DBB9     	 cbnz r3,.L87
 513 0094 B378     	 ldrb r3,[r6,#2]
 514 0096 03F06003 	 and r3,r3,#96
 515 009a 202B     	 cmp r3,#32
 516 009c 16D1     	 bne .L87
 517 009e 5827     	 movs r7,#88
 518 00a0 07FB0547 	 mla r7,r7,r5,r4
 519 00a4 324B     	 ldr r3,.L106
 520 00a6 B27F     	 ldrb r2,[r6,#30]
 521 00a8 9C42     	 cmp r4,r3
 522 00aa 7B6C     	 ldr r3,[r7,#68]
 523 00ac 0CBF     	 ite eq
 524 00ae 02F00701 	 andeq r1,r2,#7
 525 00b2 02F00301 	 andne r1,r2,#3
 526 00b6 43EAC113 	 orr r3,r3,r1,lsl#7
 527 00ba 7B64     	 str r3,[r7,#68]
 528 00bc 2046     	 mov r0,r4
 529 00be 1209     	 lsrs r2,r2,#4
 530 00c0 FFF7FEFF 	 bl XMC_DMA_EnableRequestLine
 531 00c4 3B6C     	 ldr r3,[r7,#64]
 532 00c6 23F40063 	 bic r3,r3,#2048
 533 00ca 3B64     	 str r3,[r7,#64]
 534              	.L87:
 535 00cc 2046     	 mov r0,r4
 536 00ce 2946     	 mov r1,r5
 537 00d0 1F22     	 movs r2,#31
 538 00d2 FFF7FEFF 	 bl XMC_DMA_CH_ClearEventStatus
 539 00d6 B37E     	 ldrb r3,[r6,#26]
 540 00d8 013B     	 subs r3,r3,#1
 541 00da 072B     	 cmp r3,#7
 542 00dc 45D8     	 bhi .L101
 543 00de DFE803F0 	 tbb [pc,r3]
 544              	.L91:
 545 00e2 04       	 .byte (.L90-.L91)/2
 546 00e3 0B       	 .byte (.L92-.L91)/2
 547 00e4 13       	 .byte (.L93-.L91)/2
 548 00e5 1A       	 .byte (.L94-.L91)/2
 549 00e6 1E       	 .byte (.L95-.L91)/2
 550 00e7 29       	 .byte (.L96-.L91)/2
 551 00e8 2D       	 .byte (.L97-.L91)/2
 552 00e9 38       	 .byte (.L98-.L91)/2
 553              	 .p2align 1
 554              	.L90:
 555 00ea 5823     	 movs r3,#88
 556 00ec 03FB0544 	 mla r4,r3,r5,r4
 557 00f0 236C     	 ldr r3,[r4,#64]
 558 00f2 43F00043 	 orr r3,r3,#-2147483648
 559 00f6 05E0     	 b .L103
 560              	.L92:
 561 00f8 5823     	 movs r3,#88
 562 00fa 03FB0544 	 mla r4,r3,r5,r4
 563 00fe 236C     	 ldr r3,[r4,#64]
 564 0100 43F08043 	 orr r3,r3,#1073741824
 565              	.L103:
 566 0104 2364     	 str r3,[r4,#64]
 567 0106 30E0     	 b .L101
 568              	.L93:
 569 0108 5823     	 movs r3,#88
 570 010a 03FB0544 	 mla r4,r3,r5,r4
 571 010e 236C     	 ldr r3,[r4,#64]
 572 0110 43F04043 	 orr r3,r3,#-1073741824
 573 0114 F6E7     	 b .L103
 574              	.L94:
 575 0116 5823     	 movs r3,#88
 576 0118 03FB0544 	 mla r4,r3,r5,r4
 577 011c 06E0     	 b .L105
 578              	.L95:
 579 011e 5823     	 movs r3,#88
 580 0120 03FB0544 	 mla r4,r3,r5,r4
 581 0124 236C     	 ldr r3,[r4,#64]
 582 0126 43F08043 	 orr r3,r3,#1073741824
 583 012a 2364     	 str r3,[r4,#64]
 584              	.L105:
 585 012c A369     	 ldr r3,[r4,#24]
 586 012e 43F00063 	 orr r3,r3,#134217728
 587 0132 14E0     	 b .L102
 588              	.L96:
 589 0134 5823     	 movs r3,#88
 590 0136 03FB0544 	 mla r4,r3,r5,r4
 591 013a 06E0     	 b .L104
 592              	.L97:
 593 013c 5823     	 movs r3,#88
 594 013e 03FB0544 	 mla r4,r3,r5,r4
 595 0142 236C     	 ldr r3,[r4,#64]
 596 0144 43F00043 	 orr r3,r3,#-2147483648
 597 0148 2364     	 str r3,[r4,#64]
 598              	.L104:
 599 014a A369     	 ldr r3,[r4,#24]
 600 014c 43F08053 	 orr r3,r3,#268435456
 601 0150 05E0     	 b .L102
 602              	.L98:
 603 0152 5823     	 movs r3,#88
 604 0154 03FB0544 	 mla r4,r3,r5,r4
 605 0158 A369     	 ldr r3,[r4,#24]
 606 015a 43F0C053 	 orr r3,r3,#402653184
 607              	.L102:
 608 015e A361     	 str r3,[r4,#24]
 609 0160 03E0     	 b .L101
 610              	.L99:
 611 0162 0120     	 movs r0,#1
 612 0164 F8BD     	 pop {r3,r4,r5,r6,r7,pc}
 613              	.L100:
 614 0166 0220     	 movs r0,#2
 615 0168 F8BD     	 pop {r3,r4,r5,r6,r7,pc}
 616              	.L101:
 617 016a 0020     	 movs r0,#0
 618 016c F8BD     	 pop {r3,r4,r5,r6,r7,pc}
 619              	.L107:
 620 016e 00BF     	 .align 2
 621              	.L106:
 622 0170 00400150 	 .word 1342259200
 624              	 .section .text.XMC_DMA_CH_GetEventStatus,"ax",%progbits
 625              	 .align 1
 626              	 .global XMC_DMA_CH_GetEventStatus
 627              	 .thumb
 628              	 .thumb_func
 630              	XMC_DMA_CH_GetEventStatus:
 631              	 
 632              	 
 633 0000 10B5     	 push {r4,lr}
 634 0002 0124     	 movs r4,#1
 635 0004 8C40     	 lsls r4,r4,r1
 636 0006 0021     	 movs r1,#0
 637 0008 0A46     	 mov r2,r1
 638              	.L110:
 639 000a 5300     	 lsls r3,r2,#1
 640 000c BA33     	 adds r3,r3,#186
 641 000e 50F82330 	 ldr r3,[r0,r3,lsl#2]
 642 0012 2340     	 ands r3,r3,r4
 643 0014 1CBF     	 itt ne
 644 0016 0123     	 movne r3,#1
 645 0018 9340     	 lslne r3,r3,r2
 646 001a 0132     	 adds r2,r2,#1
 647 001c 052A     	 cmp r2,#5
 648 001e 41EA0301 	 orr r1,r1,r3
 649 0022 F2D1     	 bne .L110
 650 0024 0846     	 mov r0,r1
 651 0026 10BD     	 pop {r4,pc}
 653              	 .section .text.XMC_DMA_CH_EnableSourceGather,"ax",%progbits
 654              	 .align 1
 655              	 .global XMC_DMA_CH_EnableSourceGather
 656              	 .thumb
 657              	 .thumb_func
 659              	XMC_DMA_CH_EnableSourceGather:
 660              	 
 661              	 
 662 0000 10B5     	 push {r4,lr}
 663 0002 5824     	 movs r4,#88
 664 0004 04FB0101 	 mla r1,r4,r1,r0
 665 0008 42EA0353 	 orr r3,r2,r3,lsl#20
 666 000c 8869     	 ldr r0,[r1,#24]
 667 000e 40F40030 	 orr r0,r0,#131072
 668 0012 8861     	 str r0,[r1,#24]
 669 0014 8B64     	 str r3,[r1,#72]
 670 0016 10BD     	 pop {r4,pc}
 672              	 .section .text.XMC_DMA_CH_DisableSourceGather,"ax",%progbits
 673              	 .align 1
 674              	 .global XMC_DMA_CH_DisableSourceGather
 675              	 .thumb
 676              	 .thumb_func
 678              	XMC_DMA_CH_DisableSourceGather:
 679              	 
 680              	 
 681              	 
 682 0000 5823     	 movs r3,#88
 683 0002 03FB0101 	 mla r1,r3,r1,r0
 684 0006 8B69     	 ldr r3,[r1,#24]
 685 0008 23F40033 	 bic r3,r3,#131072
 686 000c 8B61     	 str r3,[r1,#24]
 687 000e 7047     	 bx lr
 689              	 .section .text.XMC_DMA_CH_EnableDestinationScatter,"ax",%progbits
 690              	 .align 1
 691              	 .global XMC_DMA_CH_EnableDestinationScatter
 692              	 .thumb
 693              	 .thumb_func
 695              	XMC_DMA_CH_EnableDestinationScatter:
 696              	 
 697              	 
 698 0000 10B5     	 push {r4,lr}
 699 0002 5824     	 movs r4,#88
 700 0004 04FB0101 	 mla r1,r4,r1,r0
 701 0008 42EA0353 	 orr r3,r2,r3,lsl#20
 702 000c 8869     	 ldr r0,[r1,#24]
 703 000e 40F48020 	 orr r0,r0,#262144
 704 0012 8861     	 str r0,[r1,#24]
 705 0014 0B65     	 str r3,[r1,#80]
 706 0016 10BD     	 pop {r4,pc}
 708              	 .section .text.XMC_DMA_CH_DisableDestinationScatter,"ax",%progbits
 709              	 .align 1
 710              	 .global XMC_DMA_CH_DisableDestinationScatter
 711              	 .thumb
 712              	 .thumb_func
 714              	XMC_DMA_CH_DisableDestinationScatter:
 715              	 
 716              	 
 717              	 
 718 0000 5823     	 movs r3,#88
 719 0002 03FB0101 	 mla r1,r3,r1,r0
 720 0006 8B69     	 ldr r3,[r1,#24]
 721 0008 23F48023 	 bic r3,r3,#262144
 722 000c 8B61     	 str r3,[r1,#24]
 723 000e 7047     	 bx lr
 725              	 .section .text.XMC_DMA_CH_TriggerSourceRequest,"ax",%progbits
 726              	 .align 1
 727              	 .global XMC_DMA_CH_TriggerSourceRequest
 728              	 .thumb
 729              	 .thumb_func
 731              	XMC_DMA_CH_TriggerSourceRequest:
 732              	 
 733              	 
 734              	 
 735 0000 22B9     	 cbnz r2,.L120
 736 0002 40F20112 	 movw r2,#257
 737 0006 8A40     	 lsls r2,r2,r1
 738 0008 C0F87823 	 str r2,[r0,#888]
 739              	.L120:
 740 000c 40F20112 	 movw r2,#257
 741 0010 1BB1     	 cbz r3,.L121
 742 0012 02FA01F3 	 lsl r3,r2,r1
 743 0016 C0F88833 	 str r3,[r0,#904]
 744              	.L121:
 745 001a 8A40     	 lsls r2,r2,r1
 746 001c C0F86823 	 str r2,[r0,#872]
 747 0020 7047     	 bx lr
 749              	 .section .text.XMC_DMA_CH_TriggerDestinationRequest,"ax",%progbits
 750              	 .align 1
 751              	 .global XMC_DMA_CH_TriggerDestinationRequest
 752              	 .thumb
 753              	 .thumb_func
 755              	XMC_DMA_CH_TriggerDestinationRequest:
 756              	 
 757              	 
 758              	 
 759 0000 22B9     	 cbnz r2,.L126
 760 0002 40F20112 	 movw r2,#257
 761 0006 8A40     	 lsls r2,r2,r1
 762 0008 C0F88023 	 str r2,[r0,#896]
 763              	.L126:
 764 000c 40F20112 	 movw r2,#257
 765 0010 1BB1     	 cbz r3,.L127
 766 0012 02FA01F3 	 lsl r3,r2,r1
 767 0016 C0F89033 	 str r3,[r0,#912]
 768              	.L127:
 769 001a 8A40     	 lsls r2,r2,r1
 770 001c C0F87023 	 str r2,[r0,#880]
 771 0020 7047     	 bx lr
 773              	 .section .text.XMC_DMA_CH_EnableSourceAddressReload,"ax",%progbits
 774              	 .align 1
 775              	 .global XMC_DMA_CH_EnableSourceAddressReload
 776              	 .thumb
 777              	 .thumb_func
 779              	XMC_DMA_CH_EnableSourceAddressReload:
 780              	 
 781              	 
 782              	 
 783 0000 5823     	 movs r3,#88
 784 0002 03FB0101 	 mla r1,r3,r1,r0
 785 0006 0B6C     	 ldr r3,[r1,#64]
 786 0008 43F08043 	 orr r3,r3,#1073741824
 787 000c 0B64     	 str r3,[r1,#64]
 788 000e 7047     	 bx lr
 790              	 .section .text.XMC_DMA_CH_DisableSourceAddressReload,"ax",%progbits
 791              	 .align 1
 792              	 .global XMC_DMA_CH_DisableSourceAddressReload
 793              	 .thumb
 794              	 .thumb_func
 796              	XMC_DMA_CH_DisableSourceAddressReload:
 797              	 
 798              	 
 799              	 
 800 0000 5823     	 movs r3,#88
 801 0002 03FB0101 	 mla r1,r3,r1,r0
 802 0006 0B6C     	 ldr r3,[r1,#64]
 803 0008 23F08043 	 bic r3,r3,#1073741824
 804 000c 0B64     	 str r3,[r1,#64]
 805 000e 7047     	 bx lr
 807              	 .section .text.XMC_DMA_CH_EnableDestinationAddressReload,"ax",%progbits
 808              	 .align 1
 809              	 .global XMC_DMA_CH_EnableDestinationAddressReload
 810              	 .thumb
 811              	 .thumb_func
 813              	XMC_DMA_CH_EnableDestinationAddressReload:
 814              	 
 815              	 
 816              	 
 817 0000 5823     	 movs r3,#88
 818 0002 03FB0101 	 mla r1,r3,r1,r0
 819 0006 0B6C     	 ldr r3,[r1,#64]
 820 0008 43F00043 	 orr r3,r3,#-2147483648
 821 000c 0B64     	 str r3,[r1,#64]
 822 000e 7047     	 bx lr
 824              	 .section .text.XMC_DMA_CH_DisableDestinationAddressReload,"ax",%progbits
 825              	 .align 1
 826              	 .global XMC_DMA_CH_DisableDestinationAddressReload
 827              	 .thumb
 828              	 .thumb_func
 830              	XMC_DMA_CH_DisableDestinationAddressReload:
 831              	 
 832              	 
 833              	 
 834 0000 5823     	 movs r3,#88
 835 0002 03FB0101 	 mla r1,r3,r1,r0
 836 0006 0B6C     	 ldr r3,[r1,#64]
 837 0008 23F00043 	 bic r3,r3,#-2147483648
 838 000c 0B64     	 str r3,[r1,#64]
 839 000e 7047     	 bx lr
 841              	 .section .text.XMC_DMA_CH_RequestLastMultiblockTransfer,"ax",%progbits
 842              	 .align 1
 843              	 .global XMC_DMA_CH_RequestLastMultiblockTransfer
 844              	 .thumb
 845              	 .thumb_func
 847              	XMC_DMA_CH_RequestLastMultiblockTransfer:
 848              	 
 849              	 
 850              	 
 851 0000 5823     	 movs r3,#88
 852 0002 03FB0101 	 mla r1,r3,r1,r0
 853 0006 0B6C     	 ldr r3,[r1,#64]
 854 0008 23F04043 	 bic r3,r3,#-1073741824
 855 000c 0B64     	 str r3,[r1,#64]
 856 000e 7047     	 bx lr
 858              	 .section .text.XMC_DMA_CH_SetEventHandler,"ax",%progbits
 859              	 .align 1
 860              	 .global XMC_DMA_CH_SetEventHandler
 861              	 .thumb
 862              	 .thumb_func
 864              	XMC_DMA_CH_SetEventHandler:
 865              	 
 866              	 
 867              	 
 868 0000 034B     	 ldr r3,.L140
 869 0002 9842     	 cmp r0,r3
 870 0004 0CBF     	 ite eq
 871 0006 034B     	 ldreq r3,.L140+4
 872 0008 034B     	 ldrne r3,.L140+8
 873 000a 43F82120 	 str r2,[r3,r1,lsl#2]
 874 000e 7047     	 bx lr
 875              	.L141:
 876              	 .align 2
 877              	.L140:
 878 0010 00400150 	 .word 1342259200
 879 0014 00000000 	 .word dma0_event_handlers
 880 0018 00000000 	 .word dma1_event_handlers
 882              	 .section .text.XMC_DMA_CH_ClearSourcePeripheralRequest,"ax",%progbits
 883              	 .align 1
 884              	 .global XMC_DMA_CH_ClearSourcePeripheralRequest
 885              	 .thumb
 886              	 .thumb_func
 888              	XMC_DMA_CH_ClearSourcePeripheralRequest:
 889              	 
 890              	 
 891              	 
 892 0000 5823     	 movs r3,#88
 893 0002 03FB0101 	 mla r1,r3,r1,r0
 894 0006 4031     	 adds r1,r1,#64
 895 0008 4968     	 ldr r1,[r1,#4]
 896 000a C1F3C311 	 ubfx r1,r1,#7,#4
 897 000e FFF7FEBF 	 b XMC_DMA_ClearRequestLine
 899              	 .section .text.XMC_DMA_CH_ClearDestinationPeripheralRequest,"ax",%progbits
 900              	 .align 1
 901              	 .global XMC_DMA_CH_ClearDestinationPeripheralRequest
 902              	 .thumb
 903              	 .thumb_func
 905              	XMC_DMA_CH_ClearDestinationPeripheralRequest:
 906              	 
 907              	 
 908              	 
 909 0000 5823     	 movs r3,#88
 910 0002 03FB0101 	 mla r1,r3,r1,r0
 911 0006 4031     	 adds r1,r1,#64
 912 0008 4968     	 ldr r1,[r1,#4]
 913 000a C1F3C321 	 ubfx r1,r1,#11,#4
 914 000e FFF7FEBF 	 b XMC_DMA_ClearRequestLine
 916              	 .section .text.XMC_DMA_IRQHandler,"ax",%progbits
 917              	 .align 1
 918              	 .global XMC_DMA_IRQHandler
 919              	 .thumb
 920              	 .thumb_func
 922              	XMC_DMA_IRQHandler:
 923              	 
 924              	 
 925 0000 3F4B     	 ldr r3,.L189
 926 0002 404A     	 ldr r2,.L189+4
 927 0004 70B5     	 push {r4,r5,r6,lr}
 928 0006 404D     	 ldr r5,.L189+8
 929 0008 A842     	 cmp r0,r5
 930 000a 0CBF     	 ite eq
 931 000c 1546     	 moveq r5,r2
 932 000e 1D46     	 movne r5,r3
 933 0010 D0F86033 	 ldr r3,[r0,#864]
 934 0014 13F01002 	 ands r2,r3,#16
 935 0018 14D0     	 beq .L146
 936 001a D0F80823 	 ldr r2,[r0,#776]
 937 001e 0024     	 movs r4,#0
 938              	.L147:
 939 0020 7AB1     	 cbz r2,.L185
 940 0022 0123     	 movs r3,#1
 941 0024 A340     	 lsls r3,r3,r4
 942 0026 1342     	 tst r3,r2
 943 0028 09D0     	 beq .L148
 944 002a E1B2     	 uxtb r1,r4
 945 002c 1022     	 movs r2,#16
 946 002e FFF7FEFF 	 bl XMC_DMA_CH_ClearEventStatus
 947 0032 55F82430 	 ldr r3,[r5,r4,lsl#2]
 948 0036 002B     	 cmp r3,#0
 949 0038 60D0     	 beq .L144
 950 003a 1020     	 movs r0,#16
 951 003c 5BE0     	 b .L184
 952              	.L148:
 953 003e 0134     	 adds r4,r4,#1
 954 0040 EEE7     	 b .L147
 955              	.L185:
 956 0042 70BD     	 pop {r4,r5,r6,pc}
 957              	.L146:
 958 0044 13F00104 	 ands r4,r3,#1
 959 0048 15D0     	 beq .L153
 960 004a D0F8E832 	 ldr r3,[r0,#744]
 961 004e 1446     	 mov r4,r2
 962              	.L154:
 963 0050 83B1     	 cbz r3,.L186
 964 0052 0126     	 movs r6,#1
 965 0054 06FA04F2 	 lsl r2,r6,r4
 966 0058 1A42     	 tst r2,r3
 967 005a 09D0     	 beq .L155
 968 005c E1B2     	 uxtb r1,r4
 969 005e 0F22     	 movs r2,#15
 970 0060 FFF7FEFF 	 bl XMC_DMA_CH_ClearEventStatus
 971 0064 55F82430 	 ldr r3,[r5,r4,lsl#2]
 972 0068 002B     	 cmp r3,#0
 973 006a 47D0     	 beq .L144
 974 006c 3046     	 mov r0,r6
 975 006e 42E0     	 b .L184
 976              	.L155:
 977 0070 0134     	 adds r4,r4,#1
 978 0072 EDE7     	 b .L154
 979              	.L186:
 980 0074 70BD     	 pop {r4,r5,r6,pc}
 981              	.L153:
 982 0076 13F00202 	 ands r2,r3,#2
 983 007a 12D0     	 beq .L157
 984 007c D0F8F022 	 ldr r2,[r0,#752]
 985              	.L158:
 986 0080 72B1     	 cbz r2,.L187
 987 0082 0123     	 movs r3,#1
 988 0084 A340     	 lsls r3,r3,r4
 989 0086 1342     	 tst r3,r2
 990 0088 08D0     	 beq .L159
 991 008a E1B2     	 uxtb r1,r4
 992 008c 0E22     	 movs r2,#14
 993 008e FFF7FEFF 	 bl XMC_DMA_CH_ClearEventStatus
 994 0092 55F82430 	 ldr r3,[r5,r4,lsl#2]
 995 0096 8BB3     	 cbz r3,.L144
 996 0098 0220     	 movs r0,#2
 997 009a 2CE0     	 b .L184
 998              	.L159:
 999 009c 0134     	 adds r4,r4,#1
 1000 009e EFE7     	 b .L158
 1001              	.L187:
 1002 00a0 70BD     	 pop {r4,r5,r6,pc}
 1003              	.L157:
 1004 00a2 13F00404 	 ands r4,r3,#4
 1005 00a6 13D0     	 beq .L161
 1006 00a8 D0F8F812 	 ldr r1,[r0,#760]
 1007 00ac 1446     	 mov r4,r2
 1008              	.L162:
 1009 00ae 71B1     	 cbz r1,.L188
 1010 00b0 0123     	 movs r3,#1
 1011 00b2 A340     	 lsls r3,r3,r4
 1012 00b4 0B42     	 tst r3,r1
 1013 00b6 08D0     	 beq .L163
 1014 00b8 E1B2     	 uxtb r1,r4
 1015 00ba 0422     	 movs r2,#4
 1016 00bc FFF7FEFF 	 bl XMC_DMA_CH_ClearEventStatus
 1017 00c0 55F82430 	 ldr r3,[r5,r4,lsl#2]
 1018 00c4 D3B1     	 cbz r3,.L144
 1019 00c6 0420     	 movs r0,#4
 1020 00c8 15E0     	 b .L184
 1021              	.L163:
 1022 00ca 0134     	 adds r4,r4,#1
 1023 00cc EFE7     	 b .L162
 1024              	.L188:
 1025 00ce 70BD     	 pop {r4,r5,r6,pc}
 1026              	.L161:
 1027 00d0 1B07     	 lsls r3,r3,#28
 1028 00d2 13D5     	 bpl .L144
 1029 00d4 D0F80023 	 ldr r2,[r0,#768]
 1030 00d8 00E0     	 b .L165
 1031              	.L166:
 1032 00da 0134     	 adds r4,r4,#1
 1033              	.L165:
 1034 00dc 72B1     	 cbz r2,.L144
 1035 00de 0123     	 movs r3,#1
 1036 00e0 A340     	 lsls r3,r3,r4
 1037 00e2 1342     	 tst r3,r2
 1038 00e4 F9D0     	 beq .L166
 1039 00e6 E1B2     	 uxtb r1,r4
 1040 00e8 0822     	 movs r2,#8
 1041 00ea FFF7FEFF 	 bl XMC_DMA_CH_ClearEventStatus
 1042 00ee 55F82430 	 ldr r3,[r5,r4,lsl#2]
 1043 00f2 1BB1     	 cbz r3,.L144
 1044 00f4 0820     	 movs r0,#8
 1045              	.L184:
 1046 00f6 BDE87040 	 pop {r4,r5,r6,lr}
 1047 00fa 1847     	 bx r3
 1048              	.L144:
 1049 00fc 70BD     	 pop {r4,r5,r6,pc}
 1050              	.L190:
 1051 00fe 00BF     	 .align 2
 1052              	.L189:
 1053 0100 00000000 	 .word dma1_event_handlers
 1054 0104 00000000 	 .word dma0_event_handlers
 1055 0108 00400150 	 .word 1342259200
 1057              	 .comm dma1_event_handlers,16,4
 1058              	 .comm dma0_event_handlers,32,4
 1059              	 .ident "GCC: (GNU Tools for ARM Embedded Processors) 4.9.3 20141119 (release) [ARM/embedded-4_9-branch revision 218278]"
DEFINED SYMBOLS
                            *ABS*:00000000 xmc_dma.c
    {standard input}:17     .text.XMC_DMA_Enable:00000000 $t
    {standard input}:22     .text.XMC_DMA_Enable:00000000 XMC_DMA_Enable
    {standard input}:39     .text.XMC_DMA_Enable:0000001c $d
    {standard input}:44     .text.XMC_DMA_Init:00000000 $t
    {standard input}:49     .text.XMC_DMA_Init:00000000 XMC_DMA_Init
    {standard input}:56     .text.XMC_DMA_Disable:00000000 $t
    {standard input}:61     .text.XMC_DMA_Disable:00000000 XMC_DMA_Disable
    {standard input}:76     .text.XMC_DMA_Disable:00000014 $d
    {standard input}:81     .text.XMC_DMA_IsEnabled:00000000 $t
    {standard input}:86     .text.XMC_DMA_IsEnabled:00000000 XMC_DMA_IsEnabled
    {standard input}:110    .text.XMC_DMA_IsEnabled:00000028 $d
    {standard input}:115    .text.XMC_DMA_EnableRequestLine:00000000 $t
    {standard input}:120    .text.XMC_DMA_EnableRequestLine:00000000 XMC_DMA_EnableRequestLine
    {standard input}:160    .text.XMC_DMA_EnableRequestLine:00000048 $d
    {standard input}:164    .text.XMC_DMA_DisableRequestLine:00000000 $t
    {standard input}:169    .text.XMC_DMA_DisableRequestLine:00000000 XMC_DMA_DisableRequestLine
    {standard input}:188    .text.XMC_DMA_DisableRequestLine:00000020 $d
    {standard input}:191    .text.XMC_DMA_ClearRequestLine:00000000 $t
    {standard input}:196    .text.XMC_DMA_ClearRequestLine:00000000 XMC_DMA_ClearRequestLine
    {standard input}:218    .text.XMC_DMA_ClearRequestLine:00000024 $d
    {standard input}:221    .text.XMC_DMA_GetOverrunStatus:00000000 $t
    {standard input}:226    .text.XMC_DMA_GetOverrunStatus:00000000 XMC_DMA_GetOverrunStatus
    {standard input}:250    .text.XMC_DMA_GetOverrunStatus:00000028 $d
    {standard input}:253    .text.XMC_DMA_ClearOverrunStatus:00000000 $t
    {standard input}:258    .text.XMC_DMA_ClearOverrunStatus:00000000 XMC_DMA_ClearOverrunStatus
    {standard input}:274    .text.XMC_DMA_ClearOverrunStatus:00000014 $d
    {standard input}:278    .text.XMC_DMA_CH_Disable:00000000 $t
    {standard input}:283    .text.XMC_DMA_CH_Disable:00000000 XMC_DMA_CH_Disable
    {standard input}:299    .text.XMC_DMA_CH_IsEnabled:00000000 $t
    {standard input}:304    .text.XMC_DMA_CH_IsEnabled:00000000 XMC_DMA_CH_IsEnabled
    {standard input}:314    .text.XMC_DMA_CH_Suspend:00000000 $t
    {standard input}:319    .text.XMC_DMA_CH_Suspend:00000000 XMC_DMA_CH_Suspend
    {standard input}:331    .text.XMC_DMA_CH_Resume:00000000 $t
    {standard input}:336    .text.XMC_DMA_CH_Resume:00000000 XMC_DMA_CH_Resume
    {standard input}:348    .text.XMC_DMA_CH_IsSuspended:00000000 $t
    {standard input}:353    .text.XMC_DMA_CH_IsSuspended:00000000 XMC_DMA_CH_IsSuspended
    {standard input}:364    .text.XMC_DMA_CH_EnableEvent:00000000 $t
    {standard input}:369    .text.XMC_DMA_CH_EnableEvent:00000000 XMC_DMA_CH_EnableEvent
    {standard input}:390    .text.XMC_DMA_CH_DisableEvent:00000000 $t
    {standard input}:395    .text.XMC_DMA_CH_DisableEvent:00000000 XMC_DMA_CH_DisableEvent
    {standard input}:416    .text.XMC_DMA_CH_ClearEventStatus:00000000 $t
    {standard input}:421    .text.XMC_DMA_CH_ClearEventStatus:00000000 XMC_DMA_CH_ClearEventStatus
    {standard input}:442    .text.XMC_DMA_CH_Init:00000000 $t
    {standard input}:447    .text.XMC_DMA_CH_Init:00000000 XMC_DMA_CH_Init
    {standard input}:545    .text.XMC_DMA_CH_Init:000000e2 $d
    {standard input}:553    .text.XMC_DMA_CH_Init:000000ea $t
    {standard input}:622    .text.XMC_DMA_CH_Init:00000170 $d
    {standard input}:625    .text.XMC_DMA_CH_GetEventStatus:00000000 $t
    {standard input}:630    .text.XMC_DMA_CH_GetEventStatus:00000000 XMC_DMA_CH_GetEventStatus
    {standard input}:654    .text.XMC_DMA_CH_EnableSourceGather:00000000 $t
    {standard input}:659    .text.XMC_DMA_CH_EnableSourceGather:00000000 XMC_DMA_CH_EnableSourceGather
    {standard input}:673    .text.XMC_DMA_CH_DisableSourceGather:00000000 $t
    {standard input}:678    .text.XMC_DMA_CH_DisableSourceGather:00000000 XMC_DMA_CH_DisableSourceGather
    {standard input}:690    .text.XMC_DMA_CH_EnableDestinationScatter:00000000 $t
    {standard input}:695    .text.XMC_DMA_CH_EnableDestinationScatter:00000000 XMC_DMA_CH_EnableDestinationScatter
    {standard input}:709    .text.XMC_DMA_CH_DisableDestinationScatter:00000000 $t
    {standard input}:714    .text.XMC_DMA_CH_DisableDestinationScatter:00000000 XMC_DMA_CH_DisableDestinationScatter
    {standard input}:726    .text.XMC_DMA_CH_TriggerSourceRequest:00000000 $t
    {standard input}:731    .text.XMC_DMA_CH_TriggerSourceRequest:00000000 XMC_DMA_CH_TriggerSourceRequest
    {standard input}:750    .text.XMC_DMA_CH_TriggerDestinationRequest:00000000 $t
    {standard input}:755    .text.XMC_DMA_CH_TriggerDestinationRequest:00000000 XMC_DMA_CH_TriggerDestinationRequest
    {standard input}:774    .text.XMC_DMA_CH_EnableSourceAddressReload:00000000 $t
    {standard input}:779    .text.XMC_DMA_CH_EnableSourceAddressReload:00000000 XMC_DMA_CH_EnableSourceAddressReload
    {standard input}:791    .text.XMC_DMA_CH_DisableSourceAddressReload:00000000 $t
    {standard input}:796    .text.XMC_DMA_CH_DisableSourceAddressReload:00000000 XMC_DMA_CH_DisableSourceAddressReload
    {standard input}:808    .text.XMC_DMA_CH_EnableDestinationAddressReload:00000000 $t
    {standard input}:813    .text.XMC_DMA_CH_EnableDestinationAddressReload:00000000 XMC_DMA_CH_EnableDestinationAddressReload
    {standard input}:825    .text.XMC_DMA_CH_DisableDestinationAddressReload:00000000 $t
    {standard input}:830    .text.XMC_DMA_CH_DisableDestinationAddressReload:00000000 XMC_DMA_CH_DisableDestinationAddressReload
    {standard input}:842    .text.XMC_DMA_CH_RequestLastMultiblockTransfer:00000000 $t
    {standard input}:847    .text.XMC_DMA_CH_RequestLastMultiblockTransfer:00000000 XMC_DMA_CH_RequestLastMultiblockTransfer
    {standard input}:859    .text.XMC_DMA_CH_SetEventHandler:00000000 $t
    {standard input}:864    .text.XMC_DMA_CH_SetEventHandler:00000000 XMC_DMA_CH_SetEventHandler
    {standard input}:878    .text.XMC_DMA_CH_SetEventHandler:00000010 $d
                            *COM*:00000020 dma0_event_handlers
                            *COM*:00000010 dma1_event_handlers
    {standard input}:883    .text.XMC_DMA_CH_ClearSourcePeripheralRequest:00000000 $t
    {standard input}:888    .text.XMC_DMA_CH_ClearSourcePeripheralRequest:00000000 XMC_DMA_CH_ClearSourcePeripheralRequest
    {standard input}:900    .text.XMC_DMA_CH_ClearDestinationPeripheralRequest:00000000 $t
    {standard input}:905    .text.XMC_DMA_CH_ClearDestinationPeripheralRequest:00000000 XMC_DMA_CH_ClearDestinationPeripheralRequest
    {standard input}:917    .text.XMC_DMA_IRQHandler:00000000 $t
    {standard input}:922    .text.XMC_DMA_IRQHandler:00000000 XMC_DMA_IRQHandler
    {standard input}:1053   .text.XMC_DMA_IRQHandler:00000100 $d

UNDEFINED SYMBOLS
XMC_SCU_RESET_DeassertPeripheralReset
XMC_SCU_RESET_AssertPeripheralReset
XMC_SCU_RESET_IsPeripheralResetAsserted
