Archive member included because of file (symbol)

c:/program files (x86)/dave/eclipse/arm-gcc-49/bin/../lib/gcc/arm-none-eabi/4.9.3/../../../../arm-none-eabi/lib/armv7e-m/softfp\libm.a(lib_a-sf_fmax.o)
                              ./main.o (fmaxf)
c:/program files (x86)/dave/eclipse/arm-gcc-49/bin/../lib/gcc/arm-none-eabi/4.9.3/../../../../arm-none-eabi/lib/armv7e-m/softfp\libm.a(lib_a-sf_fmin.o)
                              ./main.o (fminf)
c:/program files (x86)/dave/eclipse/arm-gcc-49/bin/../lib/gcc/arm-none-eabi/4.9.3/../../../../arm-none-eabi/lib/armv7e-m/softfp\libm.a(lib_a-sf_fpclassify.o)
                              c:/program files (x86)/dave/eclipse/arm-gcc-49/bin/../lib/gcc/arm-none-eabi/4.9.3/../../../../arm-none-eabi/lib/armv7e-m/softfp\libm.a(lib_a-sf_fmax.o) (__fpclassifyf)
c:/program files (x86)/dave/eclipse/arm-gcc-49/bin/../lib/gcc/arm-none-eabi/4.9.3/../../../../arm-none-eabi/lib/armv7e-m/softfp\libm.a(lib_a-wf_sqrt.o)
                              ./Dave/Generated/CMSIS_DSP/StatisticsFunctions/arm_rms_f32.o (sqrtf)
c:/program files (x86)/dave/eclipse/arm-gcc-49/bin/../lib/gcc/arm-none-eabi/4.9.3/../../../../arm-none-eabi/lib/armv7e-m/softfp\libm.a(lib_a-ef_sqrt.o)
                              c:/program files (x86)/dave/eclipse/arm-gcc-49/bin/../lib/gcc/arm-none-eabi/4.9.3/../../../../arm-none-eabi/lib/armv7e-m/softfp\libm.a(lib_a-wf_sqrt.o) (__ieee754_sqrtf)
c:/program files (x86)/dave/eclipse/arm-gcc-49/bin/../lib/gcc/arm-none-eabi/4.9.3/../../../../arm-none-eabi/lib/armv7e-m/softfp\libm.a(lib_a-s_lib_ver.o)
                              c:/program files (x86)/dave/eclipse/arm-gcc-49/bin/../lib/gcc/arm-none-eabi/4.9.3/../../../../arm-none-eabi/lib/armv7e-m/softfp\libm.a(lib_a-wf_sqrt.o) (__fdlib_version)
c:/program files (x86)/dave/eclipse/arm-gcc-49/bin/../lib/gcc/arm-none-eabi/4.9.3/../../../../arm-none-eabi/lib/armv7e-m/softfp\libm.a(lib_a-s_matherr.o)
                              c:/program files (x86)/dave/eclipse/arm-gcc-49/bin/../lib/gcc/arm-none-eabi/4.9.3/../../../../arm-none-eabi/lib/armv7e-m/softfp\libm.a(lib_a-wf_sqrt.o) (matherr)
c:/program files (x86)/dave/eclipse/arm-gcc-49/bin/../lib/gcc/arm-none-eabi/4.9.3/armv7e-m/softfp\libgcc.a(_arm_addsubdf3.o)
                              ./Dave/Generated/CMSIS_DSP/MatrixFunctions/arm_mat_inverse_f64.o (__aeabi_dsub)
c:/program files (x86)/dave/eclipse/arm-gcc-49/bin/../lib/gcc/arm-none-eabi/4.9.3/armv7e-m/softfp\libgcc.a(_arm_muldivdf3.o)
                              ./Dave/Generated/CMSIS_DSP/MatrixFunctions/arm_mat_inverse_f64.o (__aeabi_dmul)
c:/program files (x86)/dave/eclipse/arm-gcc-49/bin/../lib/gcc/arm-none-eabi/4.9.3/armv7e-m/softfp\libgcc.a(_arm_cmpdf2.o)
                              ./Dave/Generated/CMSIS_DSP/MatrixFunctions/arm_mat_inverse_f64.o (__aeabi_dcmpeq)
c:/program files (x86)/dave/eclipse/arm-gcc-49/bin/../lib/gcc/arm-none-eabi/4.9.3/armv7e-m/softfp\libgcc.a(_arm_truncdfsf2.o)
                              c:/program files (x86)/dave/eclipse/arm-gcc-49/bin/../lib/gcc/arm-none-eabi/4.9.3/../../../../arm-none-eabi/lib/armv7e-m/softfp\libm.a(lib_a-wf_sqrt.o) (__aeabi_d2f)
c:/program files (x86)/dave/eclipse/arm-gcc-49/bin/../lib/gcc/arm-none-eabi/4.9.3/armv7e-m/softfp\libgcc.a(_aeabi_ldivmod.o)
                              ./Dave/Generated/CMSIS_DSP/StatisticsFunctions/arm_mean_q31.o (__aeabi_ldivmod)
c:/program files (x86)/dave/eclipse/arm-gcc-49/bin/../lib/gcc/arm-none-eabi/4.9.3/armv7e-m/softfp\libgcc.a(_fixsfdi.o)
                              ./Dave/Generated/CMSIS_DSP/SupportFunctions/arm_float_to_q31.o (__aeabi_f2lz)
c:/program files (x86)/dave/eclipse/arm-gcc-49/bin/../lib/gcc/arm-none-eabi/4.9.3/armv7e-m/softfp\libgcc.a(_fixunssfdi.o)
                              c:/program files (x86)/dave/eclipse/arm-gcc-49/bin/../lib/gcc/arm-none-eabi/4.9.3/armv7e-m/softfp\libgcc.a(_fixsfdi.o) (__aeabi_f2ulz)
c:/program files (x86)/dave/eclipse/arm-gcc-49/bin/../lib/gcc/arm-none-eabi/4.9.3/armv7e-m/softfp\libgcc.a(bpabi.o)
                              c:/program files (x86)/dave/eclipse/arm-gcc-49/bin/../lib/gcc/arm-none-eabi/4.9.3/armv7e-m/softfp\libgcc.a(_aeabi_ldivmod.o) (__gnu_ldivmod_helper)
c:/program files (x86)/dave/eclipse/arm-gcc-49/bin/../lib/gcc/arm-none-eabi/4.9.3/armv7e-m/softfp\libgcc.a(_dvmd_tls.o)
                              c:/program files (x86)/dave/eclipse/arm-gcc-49/bin/../lib/gcc/arm-none-eabi/4.9.3/armv7e-m/softfp\libgcc.a(_aeabi_ldivmod.o) (__aeabi_ldiv0)
c:/program files (x86)/dave/eclipse/arm-gcc-49/bin/../lib/gcc/arm-none-eabi/4.9.3/armv7e-m/softfp\libgcc.a(_arm_fixunsdfsi.o)
                              c:/program files (x86)/dave/eclipse/arm-gcc-49/bin/../lib/gcc/arm-none-eabi/4.9.3/armv7e-m/softfp\libgcc.a(_fixunssfdi.o) (__aeabi_d2uiz)
c:/program files (x86)/dave/eclipse/arm-gcc-49/bin/../lib/gcc/arm-none-eabi/4.9.3/armv7e-m/softfp\libgcc.a(_divdi3.o)
[...]
Memory Configuration

Name             Origin             Length             Attributes
FLASH_1_cached   0x08000000         0x00100000         xr
FLASH_1_uncached 0x0c000000         0x00100000         xr
PSRAM_1          0x10000000         0x00010000         !xr
DSRAM_1_system   0x20000000         0x00010000         !xr
DSRAM_2_comm     0x30000000         0x00008000         !xr
*default*        0x00000000         0xffffffff

Linker script and memory map

LOAD ./Startup/startup_XMC4500.o
LOAD ./Startup/system_XMC4500.o
LOAD ./Libraries/XMCLib/src/xmc4_eru.o
LOAD ./Libraries/XMCLib/src/xmc4_flash.o
LOAD ./Libraries/XMCLib/src/xmc4_gpio.o
LOAD ./Libraries/XMCLib/src/xmc4_rtc.o
LOAD ./Libraries/XMCLib/src/xmc4_scu.o
LOAD ./Libraries/XMCLib/src/xmc_can.o
LOAD ./Libraries/XMCLib/src/xmc_ccu4.o
LOAD ./Libraries/XMCLib/src/xmc_ccu8.o
LOAD ./Libraries/XMCLib/src/xmc_common.o
LOAD ./Libraries/XMCLib/src/xmc_dac.o
LOAD ./Libraries/XMCLib/src/xmc_dma.o
LOAD ./Libraries/XMCLib/src/xmc_dsd.o
LOAD ./Libraries/XMCLib/src/xmc_ebu.o
LOAD ./Libraries/XMCLib/src/xmc_ecat.o
LOAD ./Libraries/XMCLib/src/xmc_eru.o
LOAD ./Libraries/XMCLib/src/xmc_eth_mac.o
LOAD ./Libraries/XMCLib/src/xmc_eth_phy_dp83848.o
LOAD ./Libraries/XMCLib/src/xmc_eth_phy_ksz8031rnl.o
LOAD ./Libraries/XMCLib/src/xmc_eth_phy_ksz8081rnb.o
LOAD ./Libraries/XMCLib/src/xmc_fce.o
LOAD ./Libraries/XMCLib/src/xmc_gpio.o
LOAD ./Libraries/XMCLib/src/xmc_hrpwm.o
LOAD ./Libraries/XMCLib/src/xmc_i2c.o
LOAD ./Libraries/XMCLib/src/xmc_i2s.o
LOAD ./Libraries/XMCLib/src/xmc_ledts.o
LOAD ./Libraries/XMCLib/src/xmc_posif.o
LOAD ./Libraries/XMCLib/src/xmc_rtc.o
LOAD ./Libraries/XMCLib/src/xmc_sdmmc.o
LOAD ./Libraries/XMCLib/src/xmc_spi.o
LOAD ./Libraries/XMCLib/src/xmc_uart.o
LOAD ./Libraries/XMCLib/src/xmc_usbd.o
LOAD ./Libraries/XMCLib/src/xmc_usbh.o
LOAD ./Libraries/XMCLib/src/xmc_usic.o
LOAD ./Libraries/XMCLib/src/xmc_vadc.o
LOAD ./Libraries/XMCLib/src/xmc_wdt.o
LOAD ./Libraries/Newlib/syscalls.o
LOAD ./Dave/Generated/PWM/pwm.o
LOAD ./Dave/Generated/PWM/pwm_conf.o
LOAD ./Dave/Generated/INTERRUPT/interrupt.o
LOAD ./Dave/Generated/INTERRUPT/interrupt_conf.o
LOAD ./Dave/Generated/GLOBAL_CCU8/global_ccu8.o
LOAD ./Dave/Generated/GLOBAL_CCU8/global_ccu8_conf.o
LOAD ./Dave/Generated/GLOBAL_ADC/global_adc.o
LOAD ./Dave/Generated/GLOBAL_ADC/global_adc_conf.o
LOAD ./Dave/Generated/DIGITAL_IO/digital_io.o
LOAD ./Dave/Generated/DIGITAL_IO/digital_io_conf.o
LOAD ./Dave/Generated/DAC/dac.o
LOAD ./Dave/Generated/DAC/dac_conf.o
LOAD ./Dave/Generated/CPU_CTRL_XMC4/cpu_ctrl_xmc4.o
LOAD ./Dave/Generated/CPU_CTRL_XMC4/cpu_ctrl_xmc4_conf.o
LOAD ./Dave/Generated/CMSIS_DSP/TransformFunctions/arm_bitreversal.o
LOAD ./Dave/Generated/CMSIS_DSP/TransformFunctions/arm_bitreversal2.o
LOAD ./Dave/Generated/CMSIS_DSP/TransformFunctions/arm_cfft_f32.o
LOAD ./Dave/Generated/CMSIS_DSP/TransformFunctions/arm_cfft_q15.o
LOAD ./Dave/Generated/CMSIS_DSP/TransformFunctions/arm_cfft_q31.o
LOAD ./Dave/Generated/CMSIS_DSP/TransformFunctions/arm_cfft_radix2_f32.o
LOAD ./Dave/Generated/CMSIS_DSP/TransformFunctions/arm_cfft_radix2_init_f32.o
LOAD ./Dave/Generated/CMSIS_DSP/TransformFunctions/arm_cfft_radix2_init_q15.o
LOAD ./Dave/Generated/CMSIS_DSP/TransformFunctions/arm_cfft_radix2_init_q31.o
LOAD ./Dave/Generated/CMSIS_DSP/TransformFunctions/arm_cfft_radix2_q15.o
LOAD ./Dave/Generated/CMSIS_DSP/TransformFunctions/arm_cfft_radix2_q31.o
LOAD ./Dave/Generated/CMSIS_DSP/TransformFunctions/arm_cfft_radix4_f32.o
LOAD ./Dave/Generated/CMSIS_DSP/TransformFunctions/arm_cfft_radix4_init_f32.o
LOAD ./Dave/Generated/CMSIS_DSP/TransformFunctions/arm_cfft_radix4_init_q15.o
LOAD ./Dave/Generated/CMSIS_DSP/TransformFunctions/arm_cfft_radix4_init_q31.o
LOAD ./Dave/Generated/CMSIS_DSP/TransformFunctions/arm_cfft_radix4_q15.o
LOAD ./Dave/Generated/CMSIS_DSP/TransformFunctions/arm_cfft_radix4_q31.o
LOAD ./Dave/Generated/CMSIS_DSP/TransformFunctions/arm_cfft_radix8_f32.o
LOAD ./Dave/Generated/CMSIS_DSP/TransformFunctions/arm_dct4_f32.o
LOAD ./Dave/Generated/CMSIS_DSP/TransformFunctions/arm_dct4_init_f32.o
LOAD ./Dave/Generated/CMSIS_DSP/TransformFunctions/arm_dct4_init_q15.o
LOAD ./Dave/Generated/CMSIS_DSP/TransformFunctions/arm_dct4_init_q31.o
LOAD ./Dave/Generated/CMSIS_DSP/TransformFunctions/arm_dct4_q15.o
LOAD ./Dave/Generated/CMSIS_DSP/TransformFunctions/arm_dct4_q31.o
LOAD ./Dave/Generated/CMSIS_DSP/TransformFunctions/arm_rfft_f32.o
LOAD ./Dave/Generated/CMSIS_DSP/TransformFunctions/arm_rfft_fast_f32.o
LOAD ./Dave/Generated/CMSIS_DSP/TransformFunctions/arm_rfft_fast_init_f32.o
LOAD ./Dave/Generated/CMSIS_DSP/TransformFunctions/arm_rfft_init_f32.o
LOAD ./Dave/Generated/CMSIS_DSP/TransformFunctions/arm_rfft_init_q15.o
LOAD ./Dave/Generated/CMSIS_DSP/TransformFunctions/arm_rfft_init_q31.o
LOAD ./Dave/Generated/CMSIS_DSP/TransformFunctions/arm_rfft_q15.o
LOAD ./Dave/Generated/CMSIS_DSP/TransformFunctions/arm_rfft_q31.o
LOAD ./Dave/Generated/CMSIS_DSP/SupportFunctions/arm_copy_f32.o
LOAD ./Dave/Generated/CMSIS_DSP/SupportFunctions/arm_copy_q15.o
LOAD ./Dave/Generated/CMSIS_DSP/SupportFunctions/arm_copy_q31.o
LOAD ./Dave/Generated/CMSIS_DSP/SupportFunctions/arm_copy_q7.o
LOAD ./Dave/Generated/CMSIS_DSP/SupportFunctions/arm_fill_f32.o
LOAD ./Dave/Generated/CMSIS_DSP/SupportFunctions/arm_fill_q15.o
LOAD ./Dave/Generated/CMSIS_DSP/SupportFunctions/arm_fill_q31.o
LOAD ./Dave/Generated/CMSIS_DSP/SupportFunctions/arm_fill_q7.o
LOAD ./Dave/Generated/CMSIS_DSP/SupportFunctions/arm_float_to_q15.o
LOAD ./Dave/Generated/CMSIS_DSP/SupportFunctions/arm_float_to_q31.o
LOAD ./Dave/Generated/CMSIS_DSP/SupportFunctions/arm_float_to_q7.o
LOAD ./Dave/Generated/CMSIS_DSP/SupportFunctions/arm_q15_to_float.o
LOAD ./Dave/Generated/CMSIS_DSP/SupportFunctions/arm_q15_to_q31.o
LOAD ./Dave/Generated/CMSIS_DSP/SupportFunctions/arm_q15_to_q7.o
LOAD ./Dave/Generated/CMSIS_DSP/SupportFunctions/arm_q31_to_float.o
LOAD ./Dave/Generated/CMSIS_DSP/SupportFunctions/arm_q31_to_q15.o
LOAD ./Dave/Generated/CMSIS_DSP/SupportFunctions/arm_q31_to_q7.o
LOAD ./Dave/Generated/CMSIS_DSP/SupportFunctions/arm_q7_to_float.o
LOAD ./Dave/Generated/CMSIS_DSP/SupportFunctions/arm_q7_to_q15.o
LOAD ./Dave/Generated/CMSIS_DSP/SupportFunctions/arm_q7_to_q31.o
LOAD ./Dave/Generated/CMSIS_DSP/StatisticsFunctions/arm_max_f32.o
LOAD ./Dave/Generated/CMSIS_DSP/StatisticsFunctions/arm_max_q15.o
LOAD ./Dave/Generated/CMSIS_DSP/StatisticsFunctions/arm_max_q31.o
LOAD ./Dave/Generated/CMSIS_DSP/StatisticsFunctions/arm_max_q7.o
LOAD ./Dave/Generated/CMSIS_DSP/StatisticsFunctions/arm_mean_f32.o
LOAD ./Dave/Generated/CMSIS_DSP/StatisticsFunctions/arm_mean_q15.o
LOAD ./Dave/Generated/CMSIS_DSP/StatisticsFunctions/arm_mean_q31.o
LOAD ./Dave/Generated/CMSIS_DSP/StatisticsFunctions/arm_mean_q7.o
LOAD ./Dave/Generated/CMSIS_DSP/StatisticsFunctions/arm_min_f32.o
LOAD ./Dave/Generated/CMSIS_DSP/StatisticsFunctions/arm_min_q15.o
LOAD ./Dave/Generated/CMSIS_DSP/StatisticsFunctions/arm_min_q31.o
LOAD ./Dave/Generated/CMSIS_DSP/StatisticsFunctions/arm_min_q7.o
LOAD ./Dave/Generated/CMSIS_DSP/StatisticsFunctions/arm_power_f32.o
LOAD ./Dave/Generated/CMSIS_DSP/StatisticsFunctions/arm_power_q15.o
LOAD ./Dave/Generated/CMSIS_DSP/StatisticsFunctions/arm_power_q31.o
LOAD ./Dave/Generated/CMSIS_DSP/StatisticsFunctions/arm_power_q7.o
LOAD ./Dave/Generated/CMSIS_DSP/StatisticsFunctions/arm_rms_f32.o
LOAD ./Dave/Generated/CMSIS_DSP/StatisticsFunctions/arm_rms_q15.o
LOAD ./Dave/Generated/CMSIS_DSP/StatisticsFunctions/arm_rms_q31.o
LOAD ./Dave/Generated/CMSIS_DSP/StatisticsFunctions/arm_std_f32.o
LOAD ./Dave/Generated/CMSIS_DSP/StatisticsFunctions/arm_std_q15.o
LOAD ./Dave/Generated/CMSIS_DSP/StatisticsFunctions/arm_std_q31.o
LOAD ./Dave/Generated/CMSIS_DSP/StatisticsFunctions/arm_var_f32.o
LOAD ./Dave/Generated/CMSIS_DSP/StatisticsFunctions/arm_var_q15.o
LOAD ./Dave/Generated/CMSIS_DSP/StatisticsFunctions/arm_var_q31.o
LOAD ./Dave/Generated/CMSIS_DSP/MatrixFunctions/arm_mat_add_f32.o
LOAD ./Dave/Generated/CMSIS_DSP/MatrixFunctions/arm_mat_add_q15.o
LOAD ./Dave/Generated/CMSIS_DSP/MatrixFunctions/arm_mat_add_q31.o
LOAD ./Dave/Generated/CMSIS_DSP/MatrixFunctions/arm_mat_cmplx_mult_f32.o
LOAD ./Dave/Generated/CMSIS_DSP/MatrixFunctions/arm_mat_cmplx_mult_q15.o
LOAD ./Dave/Generated/CMSIS_DSP/MatrixFunctions/arm_mat_cmplx_mult_q31.o
LOAD ./Dave/Generated/CMSIS_DSP/MatrixFunctions/arm_mat_init_f32.o
LOAD ./Dave/Generated/CMSIS_DSP/MatrixFunctions/arm_mat_init_q15.o
LOAD ./Dave/Generated/CMSIS_DSP/MatrixFunctions/arm_mat_init_q31.o
LOAD ./Dave/Generated/CMSIS_DSP/MatrixFunctions/arm_mat_inverse_f32.o
LOAD ./Dave/Generated/CMSIS_DSP/MatrixFunctions/arm_mat_inverse_f64.o
LOAD ./Dave/Generated/CMSIS_DSP/MatrixFunctions/arm_mat_mult_f32.o
LOAD ./Dave/Generated/CMSIS_DSP/MatrixFunctions/arm_mat_mult_fast_q15.o
LOAD ./Dave/Generated/CMSIS_DSP/MatrixFunctions/arm_mat_mult_fast_q31.o
LOAD ./Dave/Generated/CMSIS_DSP/MatrixFunctions/arm_mat_mult_q15.o
LOAD ./Dave/Generated/CMSIS_DSP/MatrixFunctions/arm_mat_mult_q31.o
LOAD ./Dave/Generated/CMSIS_DSP/MatrixFunctions/arm_mat_scale_f32.o
LOAD ./Dave/Generated/CMSIS_DSP/MatrixFunctions/arm_mat_scale_q15.o
LOAD ./Dave/Generated/CMSIS_DSP/MatrixFunctions/arm_mat_scale_q31.o
LOAD ./Dave/Generated/CMSIS_DSP/MatrixFunctions/arm_mat_sub_f32.o
LOAD ./Dave/Generated/CMSIS_DSP/MatrixFunctions/arm_mat_sub_q15.o
LOAD ./Dave/Generated/CMSIS_DSP/MatrixFunctions/arm_mat_sub_q31.o
LOAD ./Dave/Generated/CMSIS_DSP/MatrixFunctions/arm_mat_trans_f32.o
LOAD ./Dave/Generated/CMSIS_DSP/MatrixFunctions/arm_mat_trans_q15.o
LOAD ./Dave/Generated/CMSIS_DSP/MatrixFunctions/arm_mat_trans_q31.o
LOAD ./Dave/Generated/CMSIS_DSP/FilteringFunctions/arm_biquad_cascade_df1_32x64_init_q31.o
LOAD ./Dave/Generated/CMSIS_DSP/FilteringFunctions/arm_biquad_cascade_df1_32x64_q31.o
LOAD ./Dave/Generated/CMSIS_DSP/FilteringFunctions/arm_biquad_cascade_df1_f32.o
LOAD ./Dave/Generated/CMSIS_DSP/FilteringFunctions/arm_biquad_cascade_df1_fast_q15.o
LOAD ./Dave/Generated/CMSIS_DSP/FilteringFunctions/arm_biquad_cascade_df1_fast_q31.o
LOAD ./Dave/Generated/CMSIS_DSP/FilteringFunctions/arm_biquad_cascade_df1_init_f32.o
LOAD ./Dave/Generated/CMSIS_DSP/FilteringFunctions/arm_biquad_cascade_df1_init_q15.o
LOAD ./Dave/Generated/CMSIS_DSP/FilteringFunctions/arm_biquad_cascade_df1_init_q31.o
LOAD ./Dave/Generated/CMSIS_DSP/FilteringFunctions/arm_biquad_cascade_df1_q15.o
LOAD ./Dave/Generated/CMSIS_DSP/FilteringFunctions/arm_biquad_cascade_df1_q31.o
LOAD ./Dave/Generated/CMSIS_DSP/FilteringFunctions/arm_biquad_cascade_df2T_f32.o
LOAD ./Dave/Generated/CMSIS_DSP/FilteringFunctions/arm_biquad_cascade_df2T_f64.o
LOAD ./Dave/Generated/CMSIS_DSP/FilteringFunctions/arm_biquad_cascade_df2T_init_f32.o
LOAD ./Dave/Generated/CMSIS_DSP/FilteringFunctions/arm_biquad_cascade_df2T_init_f64.o
LOAD ./Dave/Generated/CMSIS_DSP/FilteringFunctions/arm_biquad_cascade_stereo_df2T_f32.o
LOAD ./Dave/Generated/CMSIS_DSP/FilteringFunctions/arm_biquad_cascade_stereo_df2T_init_f32.o
LOAD ./Dave/Generated/CMSIS_DSP/FilteringFunctions/arm_conv_f32.o
LOAD ./Dave/Generated/CMSIS_DSP/FilteringFunctions/arm_conv_fast_opt_q15.o
LOAD ./Dave/Generated/CMSIS_DSP/FilteringFunctions/arm_conv_fast_q15.o
LOAD ./Dave/Generated/CMSIS_DSP/FilteringFunctions/arm_conv_fast_q31.o
LOAD ./Dave/Generated/CMSIS_DSP/FilteringFunctions/arm_conv_opt_q15.o
LOAD ./Dave/Generated/CMSIS_DSP/FilteringFunctions/arm_conv_opt_q7.o
LOAD ./Dave/Generated/CMSIS_DSP/FilteringFunctions/arm_conv_partial_f32.o
LOAD ./Dave/Generated/CMSIS_DSP/FilteringFunctions/arm_conv_partial_fast_opt_q15.o
LOAD ./Dave/Generated/CMSIS_DSP/FilteringFunctions/arm_conv_partial_fast_q15.o
LOAD ./Dave/Generated/CMSIS_DSP/FilteringFunctions/arm_conv_partial_fast_q31.o
LOAD ./Dave/Generated/CMSIS_DSP/FilteringFunctions/arm_conv_partial_opt_q15.o
LOAD ./Dave/Generated/CMSIS_DSP/FilteringFunctions/arm_conv_partial_opt_q7.o
LOAD ./Dave/Generated/CMSIS_DSP/FilteringFunctions/arm_conv_partial_q15.o
LOAD ./Dave/Generated/CMSIS_DSP/FilteringFunctions/arm_conv_partial_q31.o
LOAD ./Dave/Generated/CMSIS_DSP/FilteringFunctions/arm_conv_partial_q7.o
LOAD ./Dave/Generated/CMSIS_DSP/FilteringFunctions/arm_conv_q15.o
LOAD ./Dave/Generated/CMSIS_DSP/FilteringFunctions/arm_conv_q31.o
LOAD ./Dave/Generated/CMSIS_DSP/FilteringFunctions/arm_conv_q7.o
LOAD ./Dave/Generated/CMSIS_DSP/FilteringFunctions/arm_correlate_f32.o
LOAD ./Dave/Generated/CMSIS_DSP/FilteringFunctions/arm_correlate_fast_opt_q15.o
LOAD ./Dave/Generated/CMSIS_DSP/FilteringFunctions/arm_correlate_fast_q15.o
LOAD ./Dave/Generated/CMSIS_DSP/FilteringFunctions/arm_correlate_fast_q31.o
LOAD ./Dave/Generated/CMSIS_DSP/FilteringFunctions/arm_correlate_opt_q15.o
LOAD ./Dave/Generated/CMSIS_DSP/FilteringFunctions/arm_correlate_opt_q7.o
LOAD ./Dave/Generated/CMSIS_DSP/FilteringFunctions/arm_correlate_q15.o
LOAD ./Dave/Generated/CMSIS_DSP/FilteringFunctions/arm_correlate_q31.o
LOAD ./Dave/Generated/CMSIS_DSP/FilteringFunctions/arm_correlate_q7.o
LOAD ./Dave/Generated/CMSIS_DSP/FilteringFunctions/arm_fir_decimate_f32.o
LOAD ./Dave/Generated/CMSIS_DSP/FilteringFunctions/arm_fir_decimate_fast_q15.o
LOAD ./Dave/Generated/CMSIS_DSP/FilteringFunctions/arm_fir_decimate_fast_q31.o
LOAD ./Dave/Generated/CMSIS_DSP/FilteringFunctions/arm_fir_decimate_init_f32.o
LOAD ./Dave/Generated/CMSIS_DSP/FilteringFunctions/arm_fir_decimate_init_q15.o
LOAD ./Dave/Generated/CMSIS_DSP/FilteringFunctions/arm_fir_decimate_init_q31.o
LOAD ./Dave/Generated/CMSIS_DSP/FilteringFunctions/arm_fir_decimate_q15.o
LOAD ./Dave/Generated/CMSIS_DSP/FilteringFunctions/arm_fir_decimate_q31.o
LOAD ./Dave/Generated/CMSIS_DSP/FilteringFunctions/arm_fir_f32.o
LOAD ./Dave/Generated/CMSIS_DSP/FilteringFunctions/arm_fir_fast_q15.o
LOAD ./Dave/Generated/CMSIS_DSP/FilteringFunctions/arm_fir_fast_q31.o
LOAD ./Dave/Generated/CMSIS_DSP/FilteringFunctions/arm_fir_init_f32.o
LOAD ./Dave/Generated/CMSIS_DSP/FilteringFunctions/arm_fir_init_q15.o
LOAD ./Dave/Generated/CMSIS_DSP/FilteringFunctions/arm_fir_init_q31.o
LOAD ./Dave/Generated/CMSIS_DSP/FilteringFunctions/arm_fir_init_q7.o
LOAD ./Dave/Generated/CMSIS_DSP/FilteringFunctions/arm_fir_interpolate_f32.o
LOAD ./Dave/Generated/CMSIS_DSP/FilteringFunctions/arm_fir_interpolate_init_f32.o
LOAD ./Dave/Generated/CMSIS_DSP/FilteringFunctions/arm_fir_interpolate_init_q15.o
LOAD ./Dave/Generated/CMSIS_DSP/FilteringFunctions/arm_fir_interpolate_init_q31.o
LOAD ./Dave/Generated/CMSIS_DSP/FilteringFunctions/arm_fir_interpolate_q15.o
LOAD ./Dave/Generated/CMSIS_DSP/FilteringFunctions/arm_fir_interpolate_q31.o
LOAD ./Dave/Generated/CMSIS_DSP/FilteringFunctions/arm_fir_lattice_f32.o
LOAD ./Dave/Generated/CMSIS_DSP/FilteringFunctions/arm_fir_lattice_init_f32.o
LOAD ./Dave/Generated/CMSIS_DSP/FilteringFunctions/arm_fir_lattice_init_q15.o
LOAD ./Dave/Generated/CMSIS_DSP/FilteringFunctions/arm_fir_lattice_init_q31.o
LOAD ./Dave/Generated/CMSIS_DSP/FilteringFunctions/arm_fir_lattice_q15.o
LOAD ./Dave/Generated/CMSIS_DSP/FilteringFunctions/arm_fir_lattice_q31.o
LOAD ./Dave/Generated/CMSIS_DSP/FilteringFunctions/arm_fir_q15.o
LOAD ./Dave/Generated/CMSIS_DSP/FilteringFunctions/arm_fir_q31.o
LOAD ./Dave/Generated/CMSIS_DSP/FilteringFunctions/arm_fir_q7.o
LOAD ./Dave/Generated/CMSIS_DSP/FilteringFunctions/arm_fir_sparse_f32.o
LOAD ./Dave/Generated/CMSIS_DSP/FilteringFunctions/arm_fir_sparse_init_f32.o
LOAD ./Dave/Generated/CMSIS_DSP/FilteringFunctions/arm_fir_sparse_init_q15.o
LOAD ./Dave/Generated/CMSIS_DSP/FilteringFunctions/arm_fir_sparse_init_q31.o
LOAD ./Dave/Generated/CMSIS_DSP/FilteringFunctions/arm_fir_sparse_init_q7.o
LOAD ./Dave/Generated/CMSIS_DSP/FilteringFunctions/arm_fir_sparse_q15.o
LOAD ./Dave/Generated/CMSIS_DSP/FilteringFunctions/arm_fir_sparse_q31.o
LOAD ./Dave/Generated/CMSIS_DSP/FilteringFunctions/arm_fir_sparse_q7.o
LOAD ./Dave/Generated/CMSIS_DSP/FilteringFunctions/arm_iir_lattice_f32.o
LOAD ./Dave/Generated/CMSIS_DSP/FilteringFunctions/arm_iir_lattice_init_f32.o
LOAD ./Dave/Generated/CMSIS_DSP/FilteringFunctions/arm_iir_lattice_init_q15.o
LOAD ./Dave/Generated/CMSIS_DSP/FilteringFunctions/arm_iir_lattice_init_q31.o
LOAD ./Dave/Generated/CMSIS_DSP/FilteringFunctions/arm_iir_lattice_q15.o
LOAD ./Dave/Generated/CMSIS_DSP/FilteringFunctions/arm_iir_lattice_q31.o
LOAD ./Dave/Generated/CMSIS_DSP/FilteringFunctions/arm_lms_f32.o
LOAD ./Dave/Generated/CMSIS_DSP/FilteringFunctions/arm_lms_init_f32.o
LOAD ./Dave/Generated/CMSIS_DSP/FilteringFunctions/arm_lms_init_q15.o
LOAD ./Dave/Generated/CMSIS_DSP/FilteringFunctions/arm_lms_init_q31.o
LOAD ./Dave/Generated/CMSIS_DSP/FilteringFunctions/arm_lms_norm_f32.o
LOAD ./Dave/Generated/CMSIS_DSP/FilteringFunctions/arm_lms_norm_init_f32.o
LOAD ./Dave/Generated/CMSIS_DSP/FilteringFunctions/arm_lms_norm_init_q15.o
LOAD ./Dave/Generated/CMSIS_DSP/FilteringFunctions/arm_lms_norm_init_q31.o
LOAD ./Dave/Generated/CMSIS_DSP/FilteringFunctions/arm_lms_norm_q15.o
LOAD ./Dave/Generated/CMSIS_DSP/FilteringFunctions/arm_lms_norm_q31.o
LOAD ./Dave/Generated/CMSIS_DSP/FilteringFunctions/arm_lms_q15.o
LOAD ./Dave/Generated/CMSIS_DSP/FilteringFunctions/arm_lms_q31.o
LOAD ./Dave/Generated/CMSIS_DSP/FastMathFunctions/arm_cos_f32.o
LOAD ./Dave/Generated/CMSIS_DSP/FastMathFunctions/arm_cos_q15.o
LOAD ./Dave/Generated/CMSIS_DSP/FastMathFunctions/arm_cos_q31.o
LOAD ./Dave/Generated/CMSIS_DSP/FastMathFunctions/arm_sin_f32.o
LOAD ./Dave/Generated/CMSIS_DSP/FastMathFunctions/arm_sin_q15.o
LOAD ./Dave/Generated/CMSIS_DSP/FastMathFunctions/arm_sin_q31.o
LOAD ./Dave/Generated/CMSIS_DSP/FastMathFunctions/arm_sqrt_q15.o
LOAD ./Dave/Generated/CMSIS_DSP/FastMathFunctions/arm_sqrt_q31.o
LOAD ./Dave/Generated/CMSIS_DSP/ControllerFunctions/arm_pid_init_f32.o
LOAD ./Dave/Generated/CMSIS_DSP/ControllerFunctions/arm_pid_init_q15.o
LOAD ./Dave/Generated/CMSIS_DSP/ControllerFunctions/arm_pid_init_q31.o
LOAD ./Dave/Generated/CMSIS_DSP/ControllerFunctions/arm_pid_reset_f32.o
LOAD ./Dave/Generated/CMSIS_DSP/ControllerFunctions/arm_pid_reset_q15.o
LOAD ./Dave/Generated/CMSIS_DSP/ControllerFunctions/arm_pid_reset_q31.o
LOAD ./Dave/Generated/CMSIS_DSP/ControllerFunctions/arm_sin_cos_f32.o
LOAD ./Dave/Generated/CMSIS_DSP/ControllerFunctions/arm_sin_cos_q31.o
LOAD ./Dave/Generated/CMSIS_DSP/ComplexMathFunctions/arm_cmplx_conj_f32.o
LOAD ./Dave/Generated/CMSIS_DSP/ComplexMathFunctions/arm_cmplx_conj_q15.o
LOAD ./Dave/Generated/CMSIS_DSP/ComplexMathFunctions/arm_cmplx_conj_q31.o
LOAD ./Dave/Generated/CMSIS_DSP/ComplexMathFunctions/arm_cmplx_dot_prod_f32.o
LOAD ./Dave/Generated/CMSIS_DSP/ComplexMathFunctions/arm_cmplx_dot_prod_q15.o
LOAD ./Dave/Generated/CMSIS_DSP/ComplexMathFunctions/arm_cmplx_dot_prod_q31.o
LOAD ./Dave/Generated/CMSIS_DSP/ComplexMathFunctions/arm_cmplx_mag_f32.o
LOAD ./Dave/Generated/CMSIS_DSP/ComplexMathFunctions/arm_cmplx_mag_q15.o
LOAD ./Dave/Generated/CMSIS_DSP/ComplexMathFunctions/arm_cmplx_mag_q31.o
LOAD ./Dave/Generated/CMSIS_DSP/ComplexMathFunctions/arm_cmplx_mag_squared_f32.o
LOAD ./Dave/Generated/CMSIS_DSP/ComplexMathFunctions/arm_cmplx_mag_squared_q15.o
LOAD ./Dave/Generated/CMSIS_DSP/ComplexMathFunctions/arm_cmplx_mag_squared_q31.o
LOAD ./Dave/Generated/CMSIS_DSP/ComplexMathFunctions/arm_cmplx_mult_cmplx_f32.o
LOAD ./Dave/Generated/CMSIS_DSP/ComplexMathFunctions/arm_cmplx_mult_cmplx_q15.o
LOAD ./Dave/Generated/CMSIS_DSP/ComplexMathFunctions/arm_cmplx_mult_cmplx_q31.o
LOAD ./Dave/Generated/CMSIS_DSP/ComplexMathFunctions/arm_cmplx_mult_real_f32.o
LOAD ./Dave/Generated/CMSIS_DSP/ComplexMathFunctions/arm_cmplx_mult_real_q15.o
LOAD ./Dave/Generated/CMSIS_DSP/ComplexMathFunctions/arm_cmplx_mult_real_q31.o
LOAD ./Dave/Generated/CMSIS_DSP/CommonTables/arm_common_tables.o
LOAD ./Dave/Generated/CMSIS_DSP/CommonTables/arm_const_structs.o
LOAD ./Dave/Generated/CMSIS_DSP/BasicMathFunctions/arm_abs_f32.o
LOAD ./Dave/Generated/CMSIS_DSP/BasicMathFunctions/arm_abs_q15.o
LOAD ./Dave/Generated/CMSIS_DSP/BasicMathFunctions/arm_abs_q31.o
LOAD ./Dave/Generated/CMSIS_DSP/BasicMathFunctions/arm_abs_q7.o
LOAD ./Dave/Generated/CMSIS_DSP/BasicMathFunctions/arm_add_f32.o
LOAD ./Dave/Generated/CMSIS_DSP/BasicMathFunctions/arm_add_q15.o
LOAD ./Dave/Generated/CMSIS_DSP/BasicMathFunctions/arm_add_q31.o
LOAD ./Dave/Generated/CMSIS_DSP/BasicMathFunctions/arm_add_q7.o
LOAD ./Dave/Generated/CMSIS_DSP/BasicMathFunctions/arm_dot_prod_f32.o
LOAD ./Dave/Generated/CMSIS_DSP/BasicMathFunctions/arm_dot_prod_q15.o
LOAD ./Dave/Generated/CMSIS_DSP/BasicMathFunctions/arm_dot_prod_q31.o
LOAD ./Dave/Generated/CMSIS_DSP/BasicMathFunctions/arm_dot_prod_q7.o
LOAD ./Dave/Generated/CMSIS_DSP/BasicMathFunctions/arm_mult_f32.o
LOAD ./Dave/Generated/CMSIS_DSP/BasicMathFunctions/arm_mult_q15.o
LOAD ./Dave/Generated/CMSIS_DSP/BasicMathFunctions/arm_mult_q31.o
LOAD ./Dave/Generated/CMSIS_DSP/BasicMathFunctions/arm_mult_q7.o
LOAD ./Dave/Generated/CMSIS_DSP/BasicMathFunctions/arm_negate_f32.o
LOAD ./Dave/Generated/CMSIS_DSP/BasicMathFunctions/arm_negate_q15.o
LOAD ./Dave/Generated/CMSIS_DSP/BasicMathFunctions/arm_negate_q31.o
LOAD ./Dave/Generated/CMSIS_DSP/BasicMathFunctions/arm_negate_q7.o
LOAD ./Dave/Generated/CMSIS_DSP/BasicMathFunctions/arm_offset_f32.o
LOAD ./Dave/Generated/CMSIS_DSP/BasicMathFunctions/arm_offset_q15.o
LOAD ./Dave/Generated/CMSIS_DSP/BasicMathFunctions/arm_offset_q31.o
LOAD ./Dave/Generated/CMSIS_DSP/BasicMathFunctions/arm_offset_q7.o
LOAD ./Dave/Generated/CMSIS_DSP/BasicMathFunctions/arm_scale_f32.o
LOAD ./Dave/Generated/CMSIS_DSP/BasicMathFunctions/arm_scale_q15.o
LOAD ./Dave/Generated/CMSIS_DSP/BasicMathFunctions/arm_scale_q31.o
LOAD ./Dave/Generated/CMSIS_DSP/BasicMathFunctions/arm_scale_q7.o
LOAD ./Dave/Generated/CMSIS_DSP/BasicMathFunctions/arm_shift_q15.o
LOAD ./Dave/Generated/CMSIS_DSP/BasicMathFunctions/arm_shift_q31.o
LOAD ./Dave/Generated/CMSIS_DSP/BasicMathFunctions/arm_shift_q7.o
LOAD ./Dave/Generated/CMSIS_DSP/BasicMathFunctions/arm_sub_f32.o
LOAD ./Dave/Generated/CMSIS_DSP/BasicMathFunctions/arm_sub_q15.o
LOAD ./Dave/Generated/CMSIS_DSP/BasicMathFunctions/arm_sub_q31.o
LOAD ./Dave/Generated/CMSIS_DSP/BasicMathFunctions/arm_sub_q7.o
LOAD ./Dave/Generated/CMSIS_DSP/cmsis_dsp.o
LOAD ./Dave/Generated/CLOCK_XMC4/clock_xmc4.o
LOAD ./Dave/Generated/CLOCK_XMC4/clock_xmc4_conf.o
LOAD ./Dave/Generated/ADC_MEASUREMENT_ADV/adc_measurement_adv.o
LOAD ./Dave/Generated/ADC_MEASUREMENT_ADV/adc_measurement_adv_conf.o
LOAD ./Dave/Generated/DAVE.o
LOAD ./main.o
LOAD ./probe_scope.o
LOAD c:/program files (x86)/dave/eclipse/arm-gcc-49/bin/../lib/gcc/arm-none-eabi/4.9.3/../../../../arm-none-eabi/lib/armv7e-m/softfp\libm.a
START GROUP
LOAD c:/program files (x86)/dave/eclipse/arm-gcc-49/bin/../lib/gcc/arm-none-eabi/4.9.3/armv7e-m/softfp\libgcc.a
LOAD c:/program files (x86)/dave/eclipse/arm-gcc-49/bin/../lib/gcc/arm-none-eabi/4.9.3/../../../../arm-none-eabi/lib/armv7e-m/softfp\libg_nano.a
LOAD c:/program files (x86)/dave/eclipse/arm-gcc-49/bin/../lib/gcc/arm-none-eabi/4.9.3/../../../../arm-none-eabi/lib/armv7e-m/softfp\libc_nano.a
END GROUP
START GROUP
LOAD c:/program files (x86)/dave/eclipse/arm-gcc-49/bin/../lib/gcc/arm-none-eabi/4.9.3/armv7e-m/softfp\libgcc.a
LOAD c:/program files (x86)/dave/eclipse/arm-gcc-49/bin/../lib/gcc/arm-none-eabi/4.9.3/../../../../arm-none-eabi/lib/armv7e-m/softfp\libc_nano.a
LOAD c:/program files (x86)/dave/eclipse/arm-gcc-49/bin/../lib/gcc/arm-none-eabi/4.9.3/../../../../arm-none-eabi/lib/armv7e-m/softfp\libnosys.a
END GROUP
START GROUP
LOAD c:/program files (x86)/dave/eclipse/arm-gcc-49/bin/../lib/gcc/arm-none-eabi/4.9.3/armv7e-m/softfp\libgcc.a
LOAD c:/program files (x86)/dave/eclipse/arm-gcc-49/bin/../lib/gcc/arm-none-eabi/4.9.3/../../../../arm-none-eabi/lib/armv7e-m/softfp\libc_nano.a
LOAD c:/program files (x86)/dave/eclipse/arm-gcc-49/bin/../lib/gcc/arm-none-eabi/4.9.3/../../../../arm-none-eabi/lib/armv7e-m/softfp\libnosys.a
END GROUP
                0x00000800                stack_size = DEFINED (stack_size)?stack_size:0x800
                0x00000040                no_init_size = 0x40

.text           0x08000000     0x51c4 load address 0x0c000000
                0x08000000                sText = .
 *(.reset)
 .reset         0x08000000      0x2b4 ./Startup/startup_XMC4500.o
                0x08000000                __Vectors
                0x08000200                Reset_Handler
                0x080002b0                DSD0_7_IRQHandler
                0x080002b0                DebugMon_Handler
                0x080002b0                VADC0_C0_0_IRQHandler
                0x080002b0                CAN0_4_IRQHandler
                0x080002b0                VADC0_G2_0_IRQHandler
                0x080002b0                USIC0_5_IRQHandler
                0x080002b0                POSIF0_0_IRQHandler
                0x080002b0                POSIF1_0_IRQHandler
                0x080002b0                HardFault_Handler
                0x080002b0                VADC0_G1_1_IRQHandler
                0x080002b0                SysTick_Handler
                0x080002b0                PendSV_Handler
                0x080002b0                NMI_Handler
                0x080002b0                USIC1_3_IRQHandler
                0x080002b0                CCU40_2_IRQHandler
                0x080002b0                SCU_0_IRQHandler
                0x080002b0                ERU0_0_IRQHandler
                0x080002b0                CCU41_0_IRQHandler
                0x080002b0                USIC1_5_IRQHandler
                0x080002b0                DSD0_4_IRQHandler
                0x080002b0                CCU80_1_IRQHandler
                0x080002b0                CCU81_0_IRQHandler
                0x080002b0                UsageFault_Handler
                0x080002b0                USIC0_0_IRQHandler
                0x080002b0                POSIF1_1_IRQHandler
                0x080002b0                ERU0_2_IRQHandler
                0x080002b0                CCU81_1_IRQHandler
                0x080002b0                ERU1_1_IRQHandler
                0x080002b0                VADC0_G2_3_IRQHandler
                0x080002b0                VADC0_G2_2_IRQHandler
                0x080002b0                CCU42_3_IRQHandler
                0x080002b0                ERU0_3_IRQHandler
                0x080002b0                DSD0_5_IRQHandler
                0x080002b0                VADC0_C0_3_IRQHandler
                0x080002b0                CAN0_6_IRQHandler
                0x080002b0                CCU43_0_IRQHandler
                0x080002b0                VADC0_G0_1_IRQHandler
                0x080002b0                CCU81_2_IRQHandler
                0x080002b0                USIC2_4_IRQHandler
                0x080002b0                CCU81_3_IRQHandler
                0x080002b0                CCU42_1_IRQHandler
                0x080002b0                USIC1_1_IRQHandler
                0x080002b0                USIC2_5_IRQHandler
                0x080002b0                CCU40_0_IRQHandler
                0x080002b0                CAN0_0_IRQHandler
                0x080002b0                ERU1_0_IRQHandler
                0x080002b0                CCU42_2_IRQHandler
                0x080002b0                Default_Handler
                0x080002b0                USIC1_4_IRQHandler
                0x080002b0                ERU1_3_IRQHandler
                0x080002b0                USIC1_0_IRQHandler
                0x080002b0                POSIF0_1_IRQHandler
                0x080002b0                VADC0_G0_0_IRQHandler
                0x080002b0                DSD0_2_IRQHandler
                0x080002b0                CCU41_3_IRQHandler
                0x080002b0                CCU80_2_IRQHandler
                0x080002b0                VADC0_G1_3_IRQHandler
                0x080002b0                VADC0_G0_3_IRQHandler
                0x080002b0                GPDMA0_0_IRQHandler
                0x080002b0                PMU0_0_IRQHandler
                0x080002b0                CAN0_7_IRQHandler
                0x080002b0                DSD0_1_IRQHandler
                0x080002b0                CCU41_2_IRQHandler
                0x080002b0                VADC0_C0_1_IRQHandler
                0x080002b0                CCU43_2_IRQHandler
                0x080002b0                USIC2_2_IRQHandler
                0x080002b0                MemManage_Handler
                0x080002b0                VADC0_G3_1_IRQHandler
                0x080002b0                DAC0_0_IRQHandler
                0x080002b0                SVC_Handler
                0x080002b0                VADC0_G3_3_IRQHandler
                0x080002b0                ERU1_2_IRQHandler
                0x080002b0                CCU41_1_IRQHandler
                0x080002b0                DSD0_6_IRQHandler
                0x080002b0                CCU43_1_IRQHandler
                0x080002b0                VADC0_G1_2_IRQHandler
                0x080002b0                USIC2_3_IRQHandler
                0x080002b0                CAN0_2_IRQHandler
                0x080002b0                USIC2_0_IRQHandler
                0x080002b0                VADC0_G0_2_IRQHandler
                0x080002b0                VADC0_G2_1_IRQHandler
                0x080002b0                CAN0_3_IRQHandler
                0x080002b0                ETH0_0_IRQHandler
                0x080002b0                USIC0_3_IRQHandler
                0x080002b0                DSD0_0_IRQHandler
                0x080002b0                VADC0_C0_2_IRQHandler
                0x080002b0                CCU42_0_IRQHandler
                0x080002b0                FCE0_0_IRQHandler
                0x080002b0                VADC0_G1_0_IRQHandler
                0x080002b0                USB0_0_IRQHandler
                0x080002b0                CAN0_5_IRQHandler
                0x080002b0                CCU80_0_IRQHandler
                0x080002b0                CCU40_1_IRQHandler
                0x080002b0                USIC2_1_IRQHandler
                0x080002b0                USIC0_1_IRQHandler
                0x080002b0                VADC0_G3_2_IRQHandler
                0x080002b0                CCU40_3_IRQHandler
                0x080002b0                BusFault_Handler
                0x080002b0                LEDTS0_0_IRQHandler
                0x080002b0                USIC0_4_IRQHandler
                0x080002b0                CCU43_3_IRQHandler
                0x080002b0                ERU0_1_IRQHandler
                0x080002b0                VADC0_G3_0_IRQHandler
                0x080002b0                USIC1_2_IRQHandler
                0x080002b0                DSD0_3_IRQHandler
                0x080002b0                SDMMC0_0_IRQHandler
                0x080002b0                CAN0_1_IRQHandler
                0x080002b0                USIC0_2_IRQHandler
                0x080002b0                DAC0_1_IRQHandler
                0x080002b0                GPDMA1_0_IRQHandler
 *(.text .text.* .gnu.linkonce.t.*)
 .text.SystemInit
                0x080002b4       0x20 ./Startup/system_XMC4500.o
                0x080002b4                SystemInit
 .text.SystemCoreClockUpdate
                0x080002d4       0xd4 ./Startup/system_XMC4500.o
                0x080002d4                SystemCoreClockUpdate
 .text.XMC_GPIO_Init
                0x080003a8      0x140 ./Libraries/XMCLib/src/xmc4_gpio.o
                0x080003a8                XMC_GPIO_Init
 .text.XMC_SCU_CLOCK_GetCpuClockFrequency
                0x080004e8       0x18 ./Libraries/XMCLib/src/xmc4_scu.o
 .text.XMC_SCU_lDelay
                0x08000500       0x44 ./Libraries/XMCLib/src/xmc4_scu.o
 .text.XMC_SCU_CLOCK_Init
                0x08000544       0xe0 ./Libraries/XMCLib/src/xmc4_scu.o
                0x08000544                XMC_SCU_CLOCK_Init
 .text.XMC_SCU_RESET_DeassertPeripheralReset
                0x08000624       0x38 ./Libraries/XMCLib/src/xmc4_scu.o
                0x08000624                XMC_SCU_RESET_DeassertPeripheralReset
 .text.XMC_SCU_RESET_IsPeripheralResetAsserted
                0x0800065c       0x48 ./Libraries/XMCLib/src/xmc4_scu.o
                0x0800065c                XMC_SCU_RESET_IsPeripheralResetAsserted
 .text.XMC_SCU_CLOCK_GetPeripheralClockFrequency
                0x080006a4       0x20 ./Libraries/XMCLib/src/xmc4_scu.o
                0x080006a4                XMC_SCU_CLOCK_GetPeripheralClockFrequency
 .text.XMC_SCU_CLOCK_SetSystemClockSource
                0x080006c4       0x28 ./Libraries/XMCLib/src/xmc4_scu.o
                0x080006c4                XMC_SCU_CLOCK_SetSystemClockSource
 .text.XMC_SCU_CLOCK_SetUsbClockSource
                0x080006ec       0x28 ./Libraries/XMCLib/src/xmc4_scu.o
                0x080006ec                XMC_SCU_CLOCK_SetUsbClockSource
 .text.XMC_SCU_CLOCK_SetWdtClockSource
                0x08000714       0x28 ./Libraries/XMCLib/src/xmc4_scu.o
                0x08000714                XMC_SCU_CLOCK_SetWdtClockSource
 .text.XMC_SCU_CLOCK_SetSystemPllClockSource
                0x0800073c       0x40 ./Libraries/XMCLib/src/xmc4_scu.o
                0x0800073c                XMC_SCU_CLOCK_SetSystemPllClockSource
 .text.XMC_SCU_HIB_SetRtcClockSource
                0x0800077c       0x3c ./Libraries/XMCLib/src/xmc4_scu.o
                0x0800077c                XMC_SCU_HIB_SetRtcClockSource
 .text.XMC_SCU_HIB_SetStandbyClockSource
                0x080007b8       0x3c ./Libraries/XMCLib/src/xmc4_scu.o
                0x080007b8                XMC_SCU_HIB_SetStandbyClockSource
 .text.XMC_SCU_CLOCK_SetSystemClockDivider
                0x080007f4       0x28 ./Libraries/XMCLib/src/xmc4_scu.o
                0x080007f4                XMC_SCU_CLOCK_SetSystemClockDivider
 .text.XMC_SCU_CLOCK_SetCcuClockDivider
                0x0800081c       0x28 ./Libraries/XMCLib/src/xmc4_scu.o
                0x0800081c                XMC_SCU_CLOCK_SetCcuClockDivider
 .text.XMC_SCU_CLOCK_SetCpuClockDivider
                0x08000844       0x28 ./Libraries/XMCLib/src/xmc4_scu.o
                0x08000844                XMC_SCU_CLOCK_SetCpuClockDivider
 .text.XMC_SCU_CLOCK_SetPeripheralClockDivider
                0x0800086c       0x28 ./Libraries/XMCLib/src/xmc4_scu.o
                0x0800086c                XMC_SCU_CLOCK_SetPeripheralClockDivider
 .text.XMC_SCU_CLOCK_SetUsbClockDivider
                0x08000894       0x28 ./Libraries/XMCLib/src/xmc4_scu.o
                0x08000894                XMC_SCU_CLOCK_SetUsbClockDivider
 .text.XMC_SCU_CLOCK_SetEbuClockDivider
                0x080008bc       0x28 ./Libraries/XMCLib/src/xmc4_scu.o
                0x080008bc                XMC_SCU_CLOCK_SetEbuClockDivider
 .text.XMC_SCU_CLOCK_SetWdtClockDivider
                0x080008e4       0x28 ./Libraries/XMCLib/src/xmc4_scu.o
                0x080008e4                XMC_SCU_CLOCK_SetWdtClockDivider
 .text.XMC_SCU_CLOCK_EnableClock
                0x0800090c       0x20 ./Libraries/XMCLib/src/xmc4_scu.o
                0x0800090c                XMC_SCU_CLOCK_EnableClock
 .text.XMC_SCU_CLOCK_StartUsbPll
                0x0800092c       0x74 ./Libraries/XMCLib/src/xmc4_scu.o
                0x0800092c                XMC_SCU_CLOCK_StartUsbPll
 .text.XMC_SCU_CLOCK_SetBackupClockCalibrationMode
                0x080009a0       0x4c ./Libraries/XMCLib/src/xmc4_scu.o
                0x080009a0                XMC_SCU_CLOCK_SetBackupClockCalibrationMode
 .text.XMC_SCU_HIB_EnableHibernateDomain
                0x080009ec       0x58 ./Libraries/XMCLib/src/xmc4_scu.o
                0x080009ec                XMC_SCU_HIB_EnableHibernateDomain
 .text.XMC_SCU_CLOCK_IsLowPowerOscillatorStable
                0x08000a44       0x24 ./Libraries/XMCLib/src/xmc4_scu.o
                0x08000a44                XMC_SCU_CLOCK_IsLowPowerOscillatorStable
 .text.XMC_SCU_CLOCK_EnableLowPowerOscillator
                0x08000a68       0x64 ./Libraries/XMCLib/src/xmc4_scu.o
                0x08000a68                XMC_SCU_CLOCK_EnableLowPowerOscillator
 .text.XMC_SCU_CLOCK_EnableHighPerformanceOscillator
                0x08000acc       0x50 ./Libraries/XMCLib/src/xmc4_scu.o
                0x08000acc                XMC_SCU_CLOCK_EnableHighPerformanceOscillator
 .text.XMC_SCU_CLOCK_IsHighPerformanceOscillatorStable
                0x08000b1c       0x28 ./Libraries/XMCLib/src/xmc4_scu.o
                0x08000b1c                XMC_SCU_CLOCK_IsHighPerformanceOscillatorStable
 .text.XMC_SCU_CLOCK_EnableSystemPll
                0x08000b44       0x20 ./Libraries/XMCLib/src/xmc4_scu.o
                0x08000b44                XMC_SCU_CLOCK_EnableSystemPll
 .text.XMC_SCU_CLOCK_DisableSystemPll
                0x08000b64       0x20 ./Libraries/XMCLib/src/xmc4_scu.o
                0x08000b64                XMC_SCU_CLOCK_DisableSystemPll
 .text.XMC_SCU_CLOCK_StartSystemPll
                0x08000b84      0x174 ./Libraries/XMCLib/src/xmc4_scu.o
                0x08000b84                XMC_SCU_CLOCK_StartSystemPll
 .text.XMC_SCU_CLOCK_StepSystemPllFrequency
                0x08000cf8       0x2c ./Libraries/XMCLib/src/xmc4_scu.o
                0x08000cf8                XMC_SCU_CLOCK_StepSystemPllFrequency
 .text.XMC_CCU8_StartPrescaler
                0x08000d24       0x20 ./Libraries/XMCLib/src/xmc_ccu8.o
 .text.XMC_CCU8_SLICE_StopTimer
                0x08000d44       0x18 ./Libraries/XMCLib/src/xmc_ccu8.o
 .text.XMC_CCU8_lDeassertReset
                0x08000d5c       0x38 ./Libraries/XMCLib/src/xmc_ccu8.o
 .text.XMC_CCU8_EnableModule
                0x08000d94       0x1c ./Libraries/XMCLib/src/xmc_ccu8.o
                0x08000d94                XMC_CCU8_EnableModule
 .text.XMC_CCU8_Init
                0x08000db0       0x3c ./Libraries/XMCLib/src/xmc_ccu8.o
                0x08000db0                XMC_CCU8_Init
 .text.XMC_CCU8_SLICE_CompareInit
                0x08000dec       0x74 ./Libraries/XMCLib/src/xmc_ccu8.o
                0x08000dec                XMC_CCU8_SLICE_CompareInit
 .text.XMC_CCU8_SLICE_SetTimerPeriodMatch
                0x08000e60       0x1c ./Libraries/XMCLib/src/xmc_ccu8.o
                0x08000e60                XMC_CCU8_SLICE_SetTimerPeriodMatch
 .text.XMC_CCU8_SLICE_SetTimerCompareMatch
                0x08000e7c       0x30 ./Libraries/XMCLib/src/xmc_ccu8.o
                0x08000e7c                XMC_CCU8_SLICE_SetTimerCompareMatch
 .text.XMC_CCU8_SLICE_SetInterruptNode
                0x08000eac       0xb8 ./Libraries/XMCLib/src/xmc_ccu8.o
                0x08000eac                XMC_CCU8_SLICE_SetInterruptNode
 .text.XMC_DAC_CH_EnableOutput
                0x08000f64       0x30 ./Libraries/XMCLib/src/xmc_dac.o
 .text.XMC_DAC_CH_EnablePatternSignOutput
                0x08000f94       0x30 ./Libraries/XMCLib/src/xmc_dac.o
 .text.XMC_DAC_CH_DisablePatternSignOutput
                0x08000fc4       0x30 ./Libraries/XMCLib/src/xmc_dac.o
 .text.XMC_DAC_CH_SetRampStart
                0x08000ff4       0x28 ./Libraries/XMCLib/src/xmc_dac.o
 .text.XMC_DAC_CH_SetRampStop
                0x0800101c       0x3c ./Libraries/XMCLib/src/xmc_dac.o
 .text.XMC_DAC_CH_SetTrigger
                0x08001058       0x34 ./Libraries/XMCLib/src/xmc_dac.o
 .text.XMC_DAC_CH_SetMode
                0x0800108c       0x34 ./Libraries/XMCLib/src/xmc_dac.o
 .text.XMC_DAC_Enable
                0x080010c0       0x18 ./Libraries/XMCLib/src/xmc_dac.o
                0x080010c0                XMC_DAC_Enable
 .text.XMC_DAC_CH_Init
                0x080010d8       0x48 ./Libraries/XMCLib/src/xmc_dac.o
                0x080010d8                XMC_DAC_CH_Init
 .text.XMC_DAC_CH_SetFrequency
                0x08001120       0x60 ./Libraries/XMCLib/src/xmc_dac.o
                0x08001120                XMC_DAC_CH_SetFrequency
 .text.XMC_DAC_CH_SetRampFrequency
                0x08001180       0x50 ./Libraries/XMCLib/src/xmc_dac.o
                0x08001180                XMC_DAC_CH_SetRampFrequency
 .text.XMC_DAC_CH_StartSingleValueMode
                0x080011d0       0x24 ./Libraries/XMCLib/src/xmc_dac.o
                0x080011d0                XMC_DAC_CH_StartSingleValueMode
 .text.XMC_DAC_CH_StartDataMode
                0x080011f4       0x60 ./Libraries/XMCLib/src/xmc_dac.o
                0x080011f4                XMC_DAC_CH_StartDataMode
 .text.XMC_DAC_CH_StartRampMode
                0x08001254       0x88 ./Libraries/XMCLib/src/xmc_dac.o
                0x08001254                XMC_DAC_CH_StartRampMode
 .text.XMC_DAC_CH_StartPatternMode
                0x080012dc       0x90 ./Libraries/XMCLib/src/xmc_dac.o
                0x080012dc                XMC_DAC_CH_StartPatternMode
 .text.XMC_DAC_CH_StartNoiseMode
                0x0800136c       0x60 ./Libraries/XMCLib/src/xmc_dac.o
                0x0800136c                XMC_DAC_CH_StartNoiseMode
 .text.XMC_DAC_CH_SetPattern
                0x080013cc       0xa0 ./Libraries/XMCLib/src/xmc_dac.o
                0x080013cc                XMC_DAC_CH_SetPattern
 .text.XMC_GPIO_SetHardwareControl
                0x0800146c       0x44 ./Libraries/XMCLib/src/xmc_gpio.o
                0x0800146c                XMC_GPIO_SetHardwareControl
 .text.XMC_VADC_GROUP_ExternalMuxControlInit
                0x080014b0       0x6c ./Libraries/XMCLib/src/xmc_vadc.o
 .text.XMC_VADC_GROUP_QueueEnableArbitrationSlot
                0x0800151c       0x24 ./Libraries/XMCLib/src/xmc_vadc.o
 .text.XMC_VADC_GROUP_QueueDisableArbitrationSlot
                0x08001540       0x24 ./Libraries/XMCLib/src/xmc_vadc.o
 .text.XMC_VADC_GLOBAL_EnableModule
                0x08001564        0xc ./Libraries/XMCLib/src/xmc_vadc.o
                0x08001564                XMC_VADC_GLOBAL_EnableModule
 .text.XMC_VADC_GLOBAL_Init
                0x08001570       0x54 ./Libraries/XMCLib/src/xmc_vadc.o
                0x08001570                XMC_VADC_GLOBAL_Init
 .text.XMC_VADC_GLOBAL_StartupCalibration
                0x080015c4       0x60 ./Libraries/XMCLib/src/xmc_vadc.o
                0x080015c4                XMC_VADC_GLOBAL_StartupCalibration
 .text.XMC_VADC_GROUP_Init
                0x08001624       0x68 ./Libraries/XMCLib/src/xmc_vadc.o
                0x08001624                XMC_VADC_GROUP_Init
 .text.XMC_VADC_GROUP_InputClassInit
                0x0800168c       0xb8 ./Libraries/XMCLib/src/xmc_vadc.o
                0x0800168c                XMC_VADC_GROUP_InputClassInit
 .text.XMC_VADC_GROUP_SetPowerMode
                0x08001744       0x38 ./Libraries/XMCLib/src/xmc_vadc.o
                0x08001744                XMC_VADC_GROUP_SetPowerMode
 .text.XMC_VADC_GROUP_SetSyncSlave
                0x0800177c       0x44 ./Libraries/XMCLib/src/xmc_vadc.o
                0x0800177c                XMC_VADC_GROUP_SetSyncSlave
 .text.XMC_VADC_GROUP_SetSyncMaster
                0x080017c0       0x2c ./Libraries/XMCLib/src/xmc_vadc.o
                0x080017c0                XMC_VADC_GROUP_SetSyncMaster
 .text.XMC_VADC_GROUP_CheckSlaveReadiness
                0x080017ec       0x68 ./Libraries/XMCLib/src/xmc_vadc.o
                0x080017ec                XMC_VADC_GROUP_CheckSlaveReadiness
 .text.XMC_VADC_GROUP_QueueInit
                0x08001854       0x9c ./Libraries/XMCLib/src/xmc_vadc.o
                0x08001854                XMC_VADC_GROUP_QueueInit
 .text.XMC_VADC_GROUP_QueueSetReqSrcEventInterruptNode
                0x080018f0       0x38 ./Libraries/XMCLib/src/xmc_vadc.o
                0x080018f0                XMC_VADC_GROUP_QueueSetReqSrcEventInterruptNode
 .text.XMC_VADC_GROUP_ChannelInit
                0x08001928       0xc8 ./Libraries/XMCLib/src/xmc_vadc.o
                0x08001928                XMC_VADC_GROUP_ChannelInit
 .text._init    0x080019f0        0xc ./Libraries/Newlib/syscalls.o
                0x080019f0                _init
 .text.XMC_CCU8_EnableClock
                0x080019fc       0x28 ./Dave/Generated/PWM/pwm.o
 .text.XMC_CCU8_DisableClock
                0x08001a24       0x28 ./Dave/Generated/PWM/pwm.o
 .text.XMC_CCU8_SLICE_StartTimer
                0x08001a4c       0x18 ./Dave/Generated/PWM/pwm.o
 .text.XMC_CCU8_SLICE_StopTimer
                0x08001a64       0x18 ./Dave/Generated/PWM/pwm.o
 .text.XMC_CCU8_SLICE_ClearTimer
                0x08001a7c       0x18 ./Dave/Generated/PWM/pwm.o
 .text.XMC_CCU8_EnableShadowTransfer
                0x08001a94       0x1c ./Dave/Generated/PWM/pwm.o
 .text.XMC_CCU8_SLICE_EnableEvent
                0x08001ab0       0x2c ./Dave/Generated/PWM/pwm.o
 .text.PWM_lCCU8_Init
                0x08001adc       0xc0 ./Dave/Generated/PWM/pwm.o
                0x08001adc                PWM_lCCU8_Init
 .text.PWM_lCCU8_ConfigInterrupts
                0x08001b9c       0x64 ./Dave/Generated/PWM/pwm.o
                0x08001b9c                PWM_lCCU8_ConfigInterrupts
 .text.PWM_lCCU8_Start
                0x08001c00       0x48 ./Dave/Generated/PWM/pwm.o
                0x08001c00                PWM_lCCU8_Start
 .text.PWM_lCCU8_Stop
                0x08001c48       0x48 ./Dave/Generated/PWM/pwm.o
                0x08001c48                PWM_lCCU8_Stop
 .text.PWM_lCCU8_SetDutyCycle
                0x08001c90       0x84 ./Dave/Generated/PWM/pwm.o
                0x08001c90                PWM_lCCU8_SetDutyCycle
 .text.PWM_Init
                0x08001d14       0x2c ./Dave/Generated/PWM/pwm.o
                0x08001d14                PWM_Init
 .text.PWM_Start
                0x08001d40       0x20 ./Dave/Generated/PWM/pwm.o
                0x08001d40                PWM_Start
 .text.PWM_Stop
                0x08001d60       0x20 ./Dave/Generated/PWM/pwm.o
                0x08001d60                PWM_Stop
 .text.PWM_SetDutyCycle
                0x08001d80       0x30 ./Dave/Generated/PWM/pwm.o
                0x08001d80                PWM_SetDutyCycle
 .text.__NVIC_GetPriorityGrouping
                0x08001db0       0x1c ./Dave/Generated/INTERRUPT/interrupt.o
 .text.__NVIC_EnableIRQ
                0x08001dcc       0x38 ./Dave/Generated/INTERRUPT/interrupt.o
 .text.__NVIC_SetPriority
                0x08001e04       0x54 ./Dave/Generated/INTERRUPT/interrupt.o
 .text.NVIC_EncodePriority
                0x08001e58       0x64 ./Dave/Generated/INTERRUPT/interrupt.o
 .text.INTERRUPT_Enable
                0x08001ebc       0x1c ./Dave/Generated/INTERRUPT/interrupt.o
 .text.INTERRUPT_Init
                0x08001ed8       0x4c ./Dave/Generated/INTERRUPT/interrupt.o
                0x08001ed8                INTERRUPT_Init
 .text.XMC_CCU8_StartPrescaler
                0x08001f24       0x20 ./Dave/Generated/GLOBAL_CCU8/global_ccu8.o
 .text.GLOBAL_CCU8_Init
                0x08001f44       0x40 ./Dave/Generated/GLOBAL_CCU8/global_ccu8.o
                0x08001f44                GLOBAL_CCU8_Init
 .text.XMC_VADC_GLOBAL_DisablePostCalibration
                0x08001f84       0x2c ./Dave/Generated/GLOBAL_ADC/global_adc.o
 .text.GLOBAL_ADC_Init
                0x08001fb0       0xb0 ./Dave/Generated/GLOBAL_ADC/global_adc.o
                0x08001fb0                GLOBAL_ADC_Init
 .text.DIGITAL_IO_Init
                0x08002060       0x40 ./Dave/Generated/DIGITAL_IO/digital_io.o
                0x08002060                DIGITAL_IO_Init
 .text.XMC_DAC_EnableSimultaneousDataMode
                0x080020a0       0x20 ./Dave/Generated/DAC/dac.o
 .text.XMC_DAC_CH_Write
                0x080020c0       0x28 ./Dave/Generated/DAC/dac.o
 .text.XMC_DAC_CH_SetMode
                0x080020e8       0x34 ./Dave/Generated/DAC/dac.o
 .text.XMC_DAC_CH_EnableEvent
                0x0800211c       0x30 ./Dave/Generated/DAC/dac.o
 .text.XMC_DAC_CH_SetOutputScale
                0x0800214c       0x38 ./Dave/Generated/DAC/dac.o
 .text.DAC_ModeConfig
                0x08002184      0x158 ./Dave/Generated/DAC/dac.o
                0x08002184                DAC_ModeConfig
 .text.DAC_Init
                0x080022dc       0x74 ./Dave/Generated/DAC/dac.o
                0x080022dc                DAC_Init
 .text.__NVIC_SetPriorityGrouping
                0x08002350       0x48 ./Dave/Generated/CPU_CTRL_XMC4/cpu_ctrl_xmc4_conf.o
 .text.SystemCoreSetup
                0x08002398       0xa0 ./Dave/Generated/CPU_CTRL_XMC4/cpu_ctrl_xmc4_conf.o
                0x08002398                SystemCoreSetup
 .text.arm_cos_f32
                0x08002438       0xf0 ./Dave/Generated/CMSIS_DSP/FastMathFunctions/arm_cos_f32.o
                0x08002438                arm_cos_f32
 .text.arm_sin_f32
                0x08002528      0x110 ./Dave/Generated/CMSIS_DSP/FastMathFunctions/arm_sin_f32.o
                0x08002528                arm_sin_f32
 .text.CLOCK_XMC4_Init
                0x08002638       0x20 ./Dave/Generated/CLOCK_XMC4/clock_xmc4.o
                0x08002638                CLOCK_XMC4_Init
 .text.OSCHP_GetFrequency
                0x08002658       0x14 ./Dave/Generated/CLOCK_XMC4/clock_xmc4.o
                0x08002658                OSCHP_GetFrequency
 .text.SystemCoreClockSetup
                0x0800266c       0x54 ./Dave/Generated/CLOCK_XMC4/clock_xmc4_conf.o
                0x0800266c                SystemCoreClockSetup
 .text.__NVIC_GetPriorityGrouping
                0x080026c0       0x1c ./Dave/Generated/ADC_MEASUREMENT_ADV/adc_measurement_adv.o
 .text.__NVIC_EnableIRQ
                0x080026dc       0x38 ./Dave/Generated/ADC_MEASUREMENT_ADV/adc_measurement_adv.o
 .text.__NVIC_SetPriority
                0x08002714       0x54 ./Dave/Generated/ADC_MEASUREMENT_ADV/adc_measurement_adv.o
 .text.NVIC_EncodePriority
                0x08002768       0x64 ./Dave/Generated/ADC_MEASUREMENT_ADV/adc_measurement_adv.o
 .text.XMC_VADC_GROUP_QueueEnableArbitrationSlot
                0x080027cc       0x24 ./Dave/Generated/ADC_MEASUREMENT_ADV/adc_measurement_adv.o
 .text.XMC_VADC_GROUP_QueueDisableArbitrationSlot
                0x080027f0       0x24 ./Dave/Generated/ADC_MEASUREMENT_ADV/adc_measurement_adv.o
 .text.XMC_VADC_GROUP_QueueIsArbitrationSlotEnabled
                0x08002814       0x2c ./Dave/Generated/ADC_MEASUREMENT_ADV/adc_measurement_adv.o
 .text.XMC_VADC_GROUP_QueueSetGatingMode
                0x08002840       0x38 ./Dave/Generated/ADC_MEASUREMENT_ADV/adc_measurement_adv.o
 .text.XMC_VADC_GROUP_QueueInsertChannel
                0x08002878       0x1c ./Dave/Generated/ADC_MEASUREMENT_ADV/adc_measurement_adv.o
 .text.XMC_VADC_GROUP_ResultInit
                0x08002894       0x24 ./Dave/Generated/ADC_MEASUREMENT_ADV/adc_measurement_adv.o
 .text.ADC_MEASUREMENT_ADV_lQueueInit
                0x080028b8       0xb4 ./Dave/Generated/ADC_MEASUREMENT_ADV/adc_measurement_adv.o
 .text.ADC_MEASUREMENT_ADV_lRequestSrcInit
                0x0800296c       0x28 ./Dave/Generated/ADC_MEASUREMENT_ADV/adc_measurement_adv.o
 .text.ADC_MEASUREMENT_ADV_lQueueInsertEntries
                0x08002994       0x50 ./Dave/Generated/ADC_MEASUREMENT_ADV/adc_measurement_adv.o
 .text.ADC_MEASUREMENT_ADV_lArbitrationStatus
                0x080029e4       0x58 ./Dave/Generated/ADC_MEASUREMENT_ADV/adc_measurement_adv.o
 .text.ADC_MEASUREMENT_ADV_lDisableArbitration
                0x08002a3c       0x34 ./Dave/Generated/ADC_MEASUREMENT_ADV/adc_measurement_adv.o
 .text.ADC_MEASUREMENT_ADV_lInsertChannels
                0x08002a70       0x14 ./Dave/Generated/ADC_MEASUREMENT_ADV/adc_measurement_adv.o
                0x08002a70                ADC_MEASUREMENT_ADV_lInsertChannels
 .text.ADC_MEASUREMENT_ADV_lSyncADCClocks
                0x08002a84       0x7c ./Dave/Generated/ADC_MEASUREMENT_ADV/adc_measurement_adv.o
                0x08002a84                ADC_MEASUREMENT_ADV_lSyncADCClocks
 .text.ADC_MEASUREMENT_ADV_StartADC
                0x08002b00       0x24 ./Dave/Generated/ADC_MEASUREMENT_ADV/adc_measurement_adv.o
                0x08002b00                ADC_MEASUREMENT_ADV_StartADC
 .text.ADC_MEASUREMENT_ADC_lNvicEnable
                0x08002b24       0x30 ./Dave/Generated/ADC_MEASUREMENT_ADV/adc_measurement_adv.o
                0x08002b24                ADC_MEASUREMENT_ADC_lNvicEnable
 .text.ADC_MEASUREMENT_ADC_lResultInit
                0x08002b54       0x38 ./Dave/Generated/ADC_MEASUREMENT_ADV/adc_measurement_adv.o
 .text.ADC_MEASUREMENT_ADV_Init
                0x08002b8c       0xb0 ./Dave/Generated/ADC_MEASUREMENT_ADV/adc_measurement_adv.o
                0x08002b8c                ADC_MEASUREMENT_ADV_Init
 .text.DAVE_Init
                0x08002c3c      0x18c ./Dave/Generated/DAVE.o
                0x08002c3c                DAVE_Init
 .text.XMC_GPIO_SetOutputHigh
                0x08002dc8       0x20 ./main.o
 .text.XMC_GPIO_SetOutputLow
                0x08002de8       0x24 ./main.o
 .text.DIGITAL_IO_SetOutputHigh
                0x08002e0c       0x20 ./main.o
 .text.DIGITAL_IO_SetOutputLow
                0x08002e2c       0x20 ./main.o
 .text.XMC_VADC_GROUP_GetResult
                0x08002e4c       0x24 ./main.o
 .text.ADC_MEASUREMENT_ADV_GetResult
                0x08002e70       0x3c ./main.o
 .text.fw_integ
                0x08002eac       0xac ./main.o
                0x08002eac                fw_integ
 .text.dq_AB    0x08002f58       0x74 ./main.o
                0x08002f58                dq_AB
 .text.AB_abc   0x08002fcc       0x74 ./main.o
                0x08002fcc                AB_abc
 .text.CCU80_3_IRQHandler
                0x08003040      0x758 ./main.o
                0x08003040                CCU80_3_IRQHandler
 .text.main     0x08003798       0xc4 ./main.o
                0x08003798                main
 .text.ProbeScope_Init
                0x0800385c      0x160 ./probe_scope.o
                0x0800385c                ProbeScope_Init
 .text.ProbeScope_Sampling
                0x080039bc       0x44 ./probe_scope.o
                0x080039bc                ProbeScope_Sampling
 .text.ProbeScope_ModeOff
                0x08003a00       0x28 ./probe_scope.o
 .text.ProbeScope_ModeContinuous
                0x08003a28       0x7c ./probe_scope.o
 .text.ProbeScope_ModeTrig
                0x08003aa4      0x190 ./probe_scope.o
 .text.ProbeScope_SampleChAll
                0x08003c34       0x58 ./probe_scope.o
 .text.ProbeScope_SampleCh
                0x08003c8c      0x1f8 ./probe_scope.o
 .text.ProbeScope_SamplePosNext
                0x08003e84       0x38 ./probe_scope.o
 .text.ProbeScope_IsTrig
                0x08003ebc      0x6ac ./probe_scope.o
 .text.fmaxf    0x08004568       0x4c c:/program files (x86)/dave/eclipse/arm-gcc-49/bin/../lib/gcc/arm-none-eabi/4.9.3/../../../../arm-none-eabi/lib/armv7e-m/softfp\libm.a(lib_a-sf_fmax.o)
                0x08004568                fmaxf
 .text.fminf    0x080045b4       0x4c c:/program files (x86)/dave/eclipse/arm-gcc-49/bin/../lib/gcc/arm-none-eabi/4.9.3/../../../../arm-none-eabi/lib/armv7e-m/softfp\libm.a(lib_a-sf_fmin.o)
                0x080045b4                fminf
 .text.__fpclassifyf
                0x08004600       0x34 c:/program files (x86)/dave/eclipse/arm-gcc-49/bin/../lib/gcc/arm-none-eabi/4.9.3/../../../../arm-none-eabi/lib/armv7e-m/softfp\libm.a(lib_a-sf_fpclassify.o)
                0x08004600                __fpclassifyf
 .text.__libc_init_array
                0x08004634       0x4c c:/program files (x86)/dave/eclipse/arm-gcc-49/bin/../lib/gcc/arm-none-eabi/4.9.3/../../../../arm-none-eabi/lib/armv7e-m/softfp\libg_nano.a(lib_a-init.o)
                0x08004634                __libc_init_array
 *(.init)
 *(.fini)
 *crtbegin.o(.ctors)
 *crtbegin?.o(.ctors)
 *(EXCLUDE_FILE(*crtend.o *crtend?.o) .ctors)
 *(SORT(.ctors.*))
 *(.ctors)
 *crtbegin.o(.dtors)
 *crtbegin?.o(.dtors)
 *(EXCLUDE_FILE(*crtend.o *crtend?.o) .dtors)
 *(SORT(.dtors.*))
 *(.dtors)
 *(.rodata .rodata.*)
 .rodata.g_xmc_vadc_group_array
                0x08004680       0x10 ./Libraries/XMCLib/src/xmc_vadc.o
 .rodata.PWM_a_compare_config
                0x08004690       0x10 ./Dave/Generated/PWM/pwm_conf.o
                0x08004690                PWM_a_compare_config
 .rodata.PWM_a_gpio_out_config
                0x080046a0        0xc ./Dave/Generated/PWM/pwm_conf.o
                0x080046a0                PWM_a_gpio_out_config
 .rodata.PWM_c_compare_config
                0x080046ac       0x10 ./Dave/Generated/PWM/pwm_conf.o
                0x080046ac                PWM_c_compare_config
 .rodata.PWM_c_gpio_out_config
                0x080046bc        0xc ./Dave/Generated/PWM/pwm_conf.o
                0x080046bc                PWM_c_gpio_out_config
 .rodata.PWM_b_compare_config
                0x080046c8       0x10 ./Dave/Generated/PWM/pwm_conf.o
                0x080046c8                PWM_b_compare_config
 .rodata.PWM_b_gpio_out_config
                0x080046d8        0xc ./Dave/Generated/PWM/pwm_conf.o
                0x080046d8                PWM_b_gpio_out_config
 .rodata.PWM_update_compare_config
                0x080046e4       0x10 ./Dave/Generated/PWM/pwm_conf.o
                0x080046e4                PWM_update_compare_config
 .rodata.PWM_update_gpio_out_config
                0x080046f4        0xc ./Dave/Generated/PWM/pwm_conf.o
                0x080046f4                PWM_update_gpio_out_config
 .rodata.LOOP_CYCLE
                0x08004700        0x4 ./Dave/Generated/INTERRUPT/interrupt_conf.o
                0x08004700                LOOP_CYCLE
 .rodata.group_init_handle0
                0x08004704       0x14 ./Dave/Generated/GLOBAL_ADC/global_adc_conf.o
                0x08004704                group_init_handle0
 .rodata.group_init_handle1
                0x08004718       0x14 ./Dave/Generated/GLOBAL_ADC/global_adc_conf.o
                0x08004718                group_init_handle1
 .rodata.group_init_handle2
                0x0800472c       0x14 ./Dave/Generated/GLOBAL_ADC/global_adc_conf.o
                0x0800472c                group_init_handle2
 .rodata.group_init_handle3
                0x08004740       0x14 ./Dave/Generated/GLOBAL_ADC/global_adc_conf.o
                0x08004740                group_init_handle3
 .rodata.global_config
                0x08004754       0x18 ./Dave/Generated/GLOBAL_ADC/global_adc_conf.o
                0x08004754                global_config
 .rodata.P_1_0  0x0800476c       0x14 ./Dave/Generated/DIGITAL_IO/digital_io_conf.o
                0x0800476c                P_1_0
 .rodata.P_1_1  0x08004780       0x14 ./Dave/Generated/DIGITAL_IO/digital_io_conf.o
                0x08004780                P_1_1
 .rodata.ENABLE
                0x08004794       0x14 ./Dave/Generated/DIGITAL_IO/digital_io_conf.o
                0x08004794                ENABLE
 .rodata.Button_1
                0x080047a8       0x14 ./Dave/Generated/DIGITAL_IO/digital_io_conf.o
                0x080047a8                Button_1
 .rodata.P_0_9  0x080047bc       0x14 ./Dave/Generated/DIGITAL_IO/digital_io_conf.o
                0x080047bc                P_0_9
 .rodata.EN_1   0x080047d0       0x14 ./Dave/Generated/DIGITAL_IO/digital_io_conf.o
                0x080047d0                EN_1
 .rodata.EN_2   0x080047e4       0x14 ./Dave/Generated/DIGITAL_IO/digital_io_conf.o
                0x080047e4                EN_2
 .rodata.EN_3   0x080047f8       0x14 ./Dave/Generated/DIGITAL_IO/digital_io_conf.o
                0x080047f8                EN_3
 .rodata.FAULT_IN
                0x0800480c       0x14 ./Dave/Generated/DIGITAL_IO/digital_io_conf.o
                0x0800480c                FAULT_IN
 .rodata.FAULT_RST
                0x08004820       0x14 ./Dave/Generated/DIGITAL_IO/digital_io_conf.o
                0x08004820                FAULT_RST
 .rodata.sinTable_f32
                0x08004834      0x804 ./Dave/Generated/CMSIS_DSP/CommonTables/arm_common_tables.o
                0x08004834                sinTable_f32
 .rodata        0x08005038       0x14 ./Dave/Generated/CLOCK_XMC4/clock_xmc4_conf.o
 .rodata.group_ptrs
                0x0800504c       0x10 ./Dave/Generated/ADC_MEASUREMENT_ADV/adc_measurement_adv.o
                0x0800504c                group_ptrs
 .rodata.ADC_MEASUREMENT_1_V1_1_ch_config
                0x0800505c        0xc ./Dave/Generated/ADC_MEASUREMENT_ADV/adc_measurement_adv_conf.o
 .rodata.ADC_MEASUREMENT_1_V1_1_res_config
                0x08005068        0x4 ./Dave/Generated/ADC_MEASUREMENT_ADV/adc_measurement_adv_conf.o
 .rodata.ADC_MEASUREMENT_1_V1_1_handle
                0x0800506c        0xc ./Dave/Generated/ADC_MEASUREMENT_ADV/adc_measurement_adv_conf.o
                0x0800506c                ADC_MEASUREMENT_1_V1_1_handle
 .rodata.ADC_MEASUREMENT_1_V1_2_ch_config
                0x08005078        0xc ./Dave/Generated/ADC_MEASUREMENT_ADV/adc_measurement_adv_conf.o
 .rodata.ADC_MEASUREMENT_1_V1_2_res_config
                0x08005084        0x4 ./Dave/Generated/ADC_MEASUREMENT_ADV/adc_measurement_adv_conf.o
 .rodata.ADC_MEASUREMENT_1_V1_2_handle
                0x08005088        0xc ./Dave/Generated/ADC_MEASUREMENT_ADV/adc_measurement_adv_conf.o
                0x08005088                ADC_MEASUREMENT_1_V1_2_handle
 .rodata.ADC_MEASUREMENT_1_V1_3_ch_config
                0x08005094        0xc ./Dave/Generated/ADC_MEASUREMENT_ADV/adc_measurement_adv_conf.o
 .rodata.ADC_MEASUREMENT_1_V1_3_res_config
                0x080050a0        0x4 ./Dave/Generated/ADC_MEASUREMENT_ADV/adc_measurement_adv_conf.o
 .rodata.ADC_MEASUREMENT_1_V1_3_handle
                0x080050a4        0xc ./Dave/Generated/ADC_MEASUREMENT_ADV/adc_measurement_adv_conf.o
                0x080050a4                ADC_MEASUREMENT_1_V1_3_handle
 .rodata.ADC_MEASUREMENT_1_V1_4_ch_config
                0x080050b0        0xc ./Dave/Generated/ADC_MEASUREMENT_ADV/adc_measurement_adv_conf.o
 .rodata.ADC_MEASUREMENT_1_V1_4_res_config
                0x080050bc        0x4 ./Dave/Generated/ADC_MEASUREMENT_ADV/adc_measurement_adv_conf.o
 .rodata.ADC_MEASUREMENT_1_V1_4_handle
                0x080050c0        0xc ./Dave/Generated/ADC_MEASUREMENT_ADV/adc_measurement_adv_conf.o
                0x080050c0                ADC_MEASUREMENT_1_V1_4_handle
 .rodata.ADC_MEASUREMENT_1_queue_config
                0x080050cc        0xc ./Dave/Generated/ADC_MEASUREMENT_ADV/adc_measurement_adv_conf.o
 .rodata.ADC_MEASUREMENT_1_queue_handle
                0x080050d8       0x1c ./Dave/Generated/ADC_MEASUREMENT_ADV/adc_measurement_adv_conf.o
 .rodata.ADC_MEASUREMENT_1_V1_1_queue_entry_0
                0x080050f4        0x4 ./Dave/Generated/ADC_MEASUREMENT_ADV/adc_measurement_adv_conf.o
 .rodata.ADC_MEASUREMENT_1_V1_2_queue_entry_1
                0x080050f8        0x4 ./Dave/Generated/ADC_MEASUREMENT_ADV/adc_measurement_adv_conf.o
 .rodata.ADC_MEASUREMENT_1_V1_3_queue_entry_2
                0x080050fc        0x4 ./Dave/Generated/ADC_MEASUREMENT_ADV/adc_measurement_adv_conf.o
 .rodata.ADC_MEASUREMENT_1_V1_4_queue_entry_3
                0x08005100        0x4 ./Dave/Generated/ADC_MEASUREMENT_ADV/adc_measurement_adv_conf.o
 .rodata.ADC_MEASUREMENT_1
                0x08005104       0x1c ./Dave/Generated/ADC_MEASUREMENT_ADV/adc_measurement_adv_conf.o
                0x08005104                ADC_MEASUREMENT_1
 .rodata.ADC_MEASUREMENT_2_V2_1_ch_config
                0x08005120        0xc ./Dave/Generated/ADC_MEASUREMENT_ADV/adc_measurement_adv_conf.o
 .rodata.ADC_MEASUREMENT_2_V2_1_res_config
                0x0800512c        0x4 ./Dave/Generated/ADC_MEASUREMENT_ADV/adc_measurement_adv_conf.o
 .rodata.ADC_MEASUREMENT_2_V2_1_handle
                0x08005130        0xc ./Dave/Generated/ADC_MEASUREMENT_ADV/adc_measurement_adv_conf.o
                0x08005130                ADC_MEASUREMENT_2_V2_1_handle
 .rodata.ADC_MEASUREMENT_2_V2_2_ch_config
                0x0800513c        0xc ./Dave/Generated/ADC_MEASUREMENT_ADV/adc_measurement_adv_conf.o
 .rodata.ADC_MEASUREMENT_2_V2_2_res_config
                0x08005148        0x4 ./Dave/Generated/ADC_MEASUREMENT_ADV/adc_measurement_adv_conf.o
 .rodata.ADC_MEASUREMENT_2_V2_2_handle
                0x0800514c        0xc ./Dave/Generated/ADC_MEASUREMENT_ADV/adc_measurement_adv_conf.o
                0x0800514c                ADC_MEASUREMENT_2_V2_2_handle
 .rodata.ADC_MEASUREMENT_2_V2_3_ch_config
                0x08005158        0xc ./Dave/Generated/ADC_MEASUREMENT_ADV/adc_measurement_adv_conf.o
 .rodata.ADC_MEASUREMENT_2_V2_3_res_config
                0x08005164        0x4 ./Dave/Generated/ADC_MEASUREMENT_ADV/adc_measurement_adv_conf.o
 .rodata.ADC_MEASUREMENT_2_V2_3_handle
                0x08005168        0xc ./Dave/Generated/ADC_MEASUREMENT_ADV/adc_measurement_adv_conf.o
                0x08005168                ADC_MEASUREMENT_2_V2_3_handle
 .rodata.ADC_MEASUREMENT_2_queue_config
                0x08005174        0xc ./Dave/Generated/ADC_MEASUREMENT_ADV/adc_measurement_adv_conf.o
 .rodata.ADC_MEASUREMENT_2_queue_handle
                0x08005180       0x1c ./Dave/Generated/ADC_MEASUREMENT_ADV/adc_measurement_adv_conf.o
 .rodata.ADC_MEASUREMENT_2_V2_1_queue_entry_0
                0x0800519c        0x4 ./Dave/Generated/ADC_MEASUREMENT_ADV/adc_measurement_adv_conf.o
 .rodata.ADC_MEASUREMENT_2_V2_2_queue_entry_1
                0x080051a0        0x4 ./Dave/Generated/ADC_MEASUREMENT_ADV/adc_measurement_adv_conf.o
 .rodata.ADC_MEASUREMENT_2_V2_3_queue_entry_2
                0x080051a4        0x4 ./Dave/Generated/ADC_MEASUREMENT_ADV/adc_measurement_adv_conf.o
 .rodata.ADC_MEASUREMENT_2
                0x080051a8       0x1c ./Dave/Generated/ADC_MEASUREMENT_ADV/adc_measurement_adv_conf.o
                0x080051a8                ADC_MEASUREMENT_2
 *(.gnu.linkonce.r*)
 *(vtable)
                0x080051c4                . = ALIGN (0x4)

.glue_7         0x080051c4        0x0 load address 0x0c0051c4
 .glue_7        0x00000000        0x0 linker stubs

.glue_7t        0x080051c4        0x0 load address 0x0c0051c4
 .glue_7t       0x00000000        0x0 linker stubs

.vfp11_veneer   0x080051c4        0x0 load address 0x0c0051c4
 .vfp11_veneer  0x00000000        0x0 linker stubs

.v4_bx          0x080051c4        0x0 load address 0x0c0051c4
 .v4_bx         0x00000000        0x0 linker stubs

.iplt           0x080051c4        0x0 load address 0x0c0051c4
 .iplt          0x00000000        0x0 ./Startup/startup_XMC4500.o

.rel.dyn        0x080051c4        0x0 load address 0x0c0051c4
 .rel.iplt      0x00000000        0x0 ./Startup/startup_XMC4500.o

.eh_frame_hdr
 *(.eh_frame_hdr)

.eh_frame
 *(.eh_frame)

.ARM.extab
 *(.ARM.extab* .gnu.linkonce.armextab.*)
                0x080051c4                . = ALIGN (0x4)
                0x080051c4                __exidx_start = .

.ARM.exidx
 *(.ARM.exidx* .gnu.linkonce.armexidx.*)
                0x080051c4                __exidx_end = .
                0x080051c4                . = ALIGN (0x4)

Stack           0x10000000      0x800
                0x10000000                __stack_start = .
                0x10000800                . = (. + stack_size)
 *fill*         0x10000000      0x800 
                0x10000800                __stack_end = .
                0x10000800                __initial_sp = .

.ram_code       0x10000800        0x0 load address 0x0c0051c4
                0x10000800                . = ALIGN (0x4)
                0x10000800                __ram_code_start = .
 *(.ram_code)
                0x10000800                . = ALIGN (0x4)
                0x10000800                __ram_code_end = .
                0x0c0051c4                __ram_code_load = LOADADDR (.ram_code)
                0x00000000                __ram_code_size = (__ram_code_end - __ram_code_start)

PSRAM_DATA      0x10000800        0x0 load address 0x0c0051c4
                0x10000800                . = ALIGN (0x4)
                0x10000800                __data3_start = .
 *(PSRAM_DATA)
                0x10000800                . = ALIGN (0x4)
                0x10000800                __data3_end = .
                0x0c0051c4                __data3_load = LOADADDR (PSRAM_DATA)
                0x00000000                __data3_size = (__data3_end - __data3_start)

PSRAM_BSS       0x10000800        0x0 load address 0x0c0051c4
                0x10000800                . = ALIGN (0x4)
                0x10000800                __bss3_start = .
 *(PSRAM_BSS)
                0x10000800                . = ALIGN (0x4)
                0x10000800                __bss3_end = .
                0x10000800                . = ALIGN (0x8)
                0x10000800                Heap_Bank3_Start = .
                0x00000000                __bss3_size = (__bss3_end - __bss3_start)

.data           0x20000000      0x1bc load address 0x0c0051c4
                0x20000000                . = ALIGN (0x4)
                0x20000000                __data_start = .
 *(.data)
 *(.data*)
 .data.PWM_a    0x20000000       0x34 ./Dave/Generated/PWM/pwm_conf.o
                0x20000000                PWM_a
 .data.PWM_c    0x20000034       0x34 ./Dave/Generated/PWM/pwm_conf.o
                0x20000034                PWM_c
 .data.PWM_b    0x20000068       0x34 ./Dave/Generated/PWM/pwm_conf.o
                0x20000068                PWM_b
 .data.PWM_update
                0x2000009c       0x34 ./Dave/Generated/PWM/pwm_conf.o
                0x2000009c                PWM_update
 .data.GLOBAL_CCU8_0
                0x200000d0       0x10 ./Dave/Generated/GLOBAL_CCU8/global_ccu8_conf.o
                0x200000d0                GLOBAL_CCU8_0
 .data.group_0_config
                0x200000e0        0xc ./Dave/Generated/GLOBAL_ADC/global_adc_conf.o
                0x200000e0                group_0_config
 .data.group_1_config
                0x200000ec        0xc ./Dave/Generated/GLOBAL_ADC/global_adc_conf.o
                0x200000ec                group_1_config
 .data.group_2_config
                0x200000f8        0xc ./Dave/Generated/GLOBAL_ADC/global_adc_conf.o
                0x200000f8                group_2_config
 .data.group_3_config
                0x20000104        0xc ./Dave/Generated/GLOBAL_ADC/global_adc_conf.o
                0x20000104                group_3_config
 .data.GLOBAL_ADC_0
                0x20000110       0x1c ./Dave/Generated/GLOBAL_ADC/global_adc_conf.o
                0x20000110                GLOBAL_ADC_0
 .data.DAC_0_Channel_Config
                0x2000012c        0x8 ./Dave/Generated/DAC/dac_conf.o
                0x2000012c                DAC_0_Channel_Config
 .data.DAC_0    0x20000134       0x2c ./Dave/Generated/DAC/dac_conf.o
                0x20000134                DAC_0
 .data.ADC_MEASUREMENT_1_queue_entries
                0x20000160       0x10 ./Dave/Generated/ADC_MEASUREMENT_ADV/adc_measurement_adv_conf.o
 .data.ADC_MEASUREMENT_1_channel_array
                0x20000170       0x10 ./Dave/Generated/ADC_MEASUREMENT_ADV/adc_measurement_adv_conf.o
 .data.ADC_MEASUREMENT_1_initialization_status
                0x20000180        0x1 ./Dave/Generated/ADC_MEASUREMENT_ADV/adc_measurement_adv_conf.o
 *fill*         0x20000181        0x3 
 .data.ADC_MEASUREMENT_2_queue_entries
                0x20000184        0xc ./Dave/Generated/ADC_MEASUREMENT_ADV/adc_measurement_adv_conf.o
 .data.ADC_MEASUREMENT_2_channel_array
                0x20000190        0xc ./Dave/Generated/ADC_MEASUREMENT_ADV/adc_measurement_adv_conf.o
 .data.ADC_MEASUREMENT_2_initialization_status
                0x2000019c        0x1 ./Dave/Generated/ADC_MEASUREMENT_ADV/adc_measurement_adv_conf.o
 *fill*         0x2000019d        0x3 
 .data.w        0x200001a0        0x4 ./main.o
                0x200001a0                w
 .data.vDQp_ref
                0x200001a4        0x8 ./main.o
                0x200001a4                vDQp_ref
 .data.Vn       0x200001ac        0x4 ./main.o
                0x200001ac                Vn
 .data.ProbeScopeDbg_MaxSamples
                0x200001b0        0x2 ./probe_scope.o
 .data.ProbeScopeDbg_MaxCh
                0x200001b2        0x1 ./probe_scope.o
 *fill*         0x200001b3        0x1 
 .data.ProbeScopeDbg_16BitEn
                0x200001b4        0x4 ./probe_scope.o
 .data.ProbeScopeDbg_32BitEn
                0x200001b8        0x4 ./probe_scope.o
 *(*.data)
 *(.gnu.linkonce.d*)
                0x200001bc                . = ALIGN (0x4)
                0x200001bc                PROVIDE (__preinit_array_start, .)
 *(.preinit_array)
                0x200001bc                PROVIDE (__preinit_array_end, .)
                0x200001bc                . = ALIGN (0x4)
                0x200001bc                PROVIDE (__init_array_start, .)
 *(SORT(.init_array.*))
 *(.init_array)
                0x200001bc                PROVIDE (__init_array_end, .)
                0x200001bc                . = ALIGN (0x4)
                0x200001bc                PROVIDE (__fini_array_start, .)
 *(SORT(.fini_array.*))
 *(.fini_array)
                0x200001bc                PROVIDE (__fini_array_end, .)
                0x200001bc                . = ALIGN (0x4)
                0x200001bc                __data_end = .
                0x0c0051c4                __data_load = LOADADDR (.data)
                0x000001bc                __data_size = (__data_end - __data_start)

.igot.plt       0x200001bc        0x0 load address 0x0c005380
 .igot.plt      0x00000000        0x0 ./Startup/startup_XMC4500.o

.bss            0x200001bc     0x7f54 load address 0x0c005380
                0x200001bc                . = ALIGN (0x4)
                0x200001bc                __bss_start = .
 *(.bss)
 *(.bss*)
 .bss.CLOCK_XMC4_0
                0x200001bc        0x4 ./Dave/Generated/CLOCK_XMC4/clock_xmc4_conf.o
                0x200001bc                CLOCK_XMC4_0
 .bss.m_abc     0x200001c0        0xc ./main.o
                0x200001c0                m_abc
 .bss.V_abc_adc
                0x200001cc        0x8 ./main.o
                0x200001cc                V_abc_adc
 .bss.I_abc_adc
                0x200001d4        0x8 ./main.o
                0x200001d4                I_abc_adc
 .bss.V_abc     0x200001dc        0xc ./main.o
                0x200001dc                V_abc
 .bss.wt        0x200001e8        0x4 ./main.o
                0x200001e8                wt
 .bss.wt_buff   0x200001ec        0x4 ./main.o
                0x200001ec                wt_buff
 .bss.vDQp      0x200001f0        0x8 ./main.o
                0x200001f0                vDQp
 .bss.vABp      0x200001f8        0x8 ./main.o
                0x200001f8                vABp
 .bss.vDQn_ref  0x20000200        0x8 ./main.o
                0x20000200                vDQn_ref
 .bss.vDQn      0x20000208        0x8 ./main.o
                0x20000208                vDQn
 .bss.vABn      0x20000210        0x8 ./main.o
                0x20000210                vABn
 .bss.V5        0x20000218        0x4 ./main.o
                0x20000218                V5
 .bss.V7        0x2000021c        0x4 ./main.o
                0x2000021c                V7
 .bss.V11       0x20000220        0x4 ./main.o
                0x20000220                V11
 .bss.V13       0x20000224        0x4 ./main.o
                0x20000224                V13
 .bss.vDQ5      0x20000228        0x8 ./main.o
                0x20000228                vDQ5
 .bss.vAB5      0x20000230        0x8 ./main.o
                0x20000230                vAB5
 .bss.vabc5     0x20000238        0xc ./main.o
                0x20000238                vabc5
 .bss.vDQ7      0x20000244        0x8 ./main.o
                0x20000244                vDQ7
 .bss.vAB7      0x2000024c        0x8 ./main.o
                0x2000024c                vAB7
 .bss.vabc7     0x20000254        0xc ./main.o
                0x20000254                vabc7
 .bss.vDQ11     0x20000260        0x8 ./main.o
                0x20000260                vDQ11
 .bss.vAB11     0x20000268        0x8 ./main.o
                0x20000268                vAB11
 .bss.vabc11    0x20000270        0xc ./main.o
                0x20000270                vabc11
 .bss.vDQ13     0x2000027c        0x8 ./main.o
                0x2000027c                vDQ13
 .bss.vAB13     0x20000284        0x8 ./main.o
                0x20000284                vAB13
 .bss.vabc13    0x2000028c        0xc ./main.o
                0x2000028c                vabc13
 .bss.vmAB      0x20000298        0x8 ./main.o
                0x20000298                vmAB
 .bss.vmabc     0x200002a0        0xc ./main.o
                0x200002a0                vmabc
 .bss.wt_buff5  0x200002ac        0x4 ./main.o
                0x200002ac                wt_buff5
 .bss.wt_buff7  0x200002b0        0x4 ./main.o
                0x200002b0                wt_buff7
 .bss.wt_buff11
                0x200002b4        0x4 ./main.o
                0x200002b4                wt_buff11
 .bss.wt_buff13
                0x200002b8        0x4 ./main.o
                0x200002b8                wt_buff13
 .bss.wt5       0x200002bc        0x4 ./main.o
                0x200002bc                wt5
 .bss.wt7       0x200002c0        0x4 ./main.o
                0x200002c0                wt7
 .bss.wt11      0x200002c4        0x4 ./main.o
                0x200002c4                wt11
 .bss.wt13      0x200002c8        0x4 ./main.o
                0x200002c8                wt13
 .bss.wt_jump   0x200002cc        0x4 ./main.o
                0x200002cc                wt_jump
 .bss.ProbeScope_Ch1
                0x200002d0      0xfb8 ./probe_scope.o
 .bss.ProbeScope_Ch2
                0x20001288      0xfb8 ./probe_scope.o
 .bss.ProbeScope_Ch3
                0x20002240      0xfb8 ./probe_scope.o
 .bss.ProbeScope_Ch4
                0x200031f8      0xfb8 ./probe_scope.o
 .bss.ProbeScope_Ch5
                0x200041b0      0xfb8 ./probe_scope.o
 .bss.ProbeScope_Ch6
                0x20005168      0xfb8 ./probe_scope.o
 .bss.ProbeScope_Ch7
                0x20006120      0xfb8 ./probe_scope.o
 .bss.ProbeScope_Ch8
                0x200070d8      0xfb8 ./probe_scope.o
 .bss.ProbeScope_Mode
                0x20008090        0x1 ./probe_scope.o
 .bss.ProbeScope_TrigChSel
                0x20008091        0x1 ./probe_scope.o
 *fill*         0x20008092        0x2 
 .bss.ProbeScope_TrigHoldOffCtr
                0x20008094        0x4 ./probe_scope.o
 .bss.ProbeScope_TrigSlope
                0x20008098        0x4 ./probe_scope.o
 .bss.ProbeScope_SampleIxPrev
                0x2000809c        0x4 ./probe_scope.o
 .bss.ProbeScope_SampleIxCur
                0x200080a0        0x4 ./probe_scope.o
 .bss.ProbeScope_SamplesPreTrigCtr
                0x200080a4        0x4 ./probe_scope.o
 .bss.ProbeScope_SamplesPostTrigCtr
                0x200080a8        0x4 ./probe_scope.o
 .bss.ProbeScope_SamplingClkDiv
                0x200080ac        0x2 ./probe_scope.o
 .bss.ProbeScope_SamplingClkDivCtr
                0x200080ae        0x2 ./probe_scope.o
 .bss.ProbeScope_State
                0x200080b0        0x1 ./probe_scope.o
 *fill*         0x200080b1        0x3 
 .bss.temp.4203
                0x200080b4        0x4 ./probe_scope.o
 *(COMMON)
 COMMON         0x200080b8       0x38 ./main.o
                0x200080b8                scope2
                0x200080bc                scope_adc2
                0x200080c0                scope_adc7
                0x200080c4                relayTimer
                0x200080c8                scopeu3
                0x200080cc                scope_adc4
                0x200080d0                scope_adc1
                0x200080d4                scope_adc6
                0x200080d8                scopeu1
                0x200080dc                scope1
                0x200080e0                scopeu2
                0x200080e4                scope_adc5
                0x200080e8                scope3
                0x200080ec                scope_adc3
 COMMON         0x200080f0       0x1c ./probe_scope.o
                0x200080f0                ProbeScope_TrigFlag
                0x200080f4                ProbeScope_SamplingClkHz
                0x200080f8                ProbeScope_TrigIx
                0x200080fc                ProbeScope_TrigDispPos
                0x20008100                ProbeScope_TrigHoldOff
                0x20008104                ProbeScope_InitFlag
                0x20008108                ProbeScope_DataRdyFlag
 *(.gnu.linkonce.b*)
                0x2000810c                . = ALIGN (0x4)
                0x2000810c                __bss_end = .
                0x20008110                . = ALIGN (0x8)
 *fill*         0x2000810c        0x4 
                0x20008110                Heap_Bank1_Start = .
                0x00007f50                __bss_size = (__bss_end - __bss_start)

.no_init        0x2000ffc0       0x14
                0x2000ffc0                Heap_Bank1_End = .
 *(.no_init)
 .no_init       0x2000ffc0       0x14 ./Startup/system_XMC4500.o
                0x2000ffc0                SystemCoreClock
                0x2000ffc4                g_chipid

DSRAM2_DATA     0x30000000        0x0 load address 0x0c005380
                0x30000000                . = ALIGN (0x4)
                0x30000000                __data2_start = .
 *(DSRAM2_DATA)
                0x30000000                . = ALIGN (0x4)
                0x30000000                __data2_end = .
                0x0c005380                __data2_load = LOADADDR (DSRAM2_DATA)
                0x00000000                __data2_size = (__data2_end - __data2_start)
                0x00005380                __text_size = (((((__exidx_end - sText) + __data_size) + __ram_code_size) + __data2_size) + __data3_size)
                0x08005380                eText = (sText + __text_size)

DSRAM2_BSS      0x30000000        0x0 load address 0x0c005380
                0x30000000                . = ALIGN (0x4)
                0x30000000                __bss2_start = .
 *(ETH_RAM)
 *(USB_RAM)
 *(DSRAM2_BSS)
                0x30000000                . = ALIGN (0x4)
                0x30000000                __bss2_end = .
                0x30000000                . = ALIGN (0x8)
                0x30000000                Heap_Bank2_Start = .
                0x00000000                __bss2_size = (__bss2_end - __bss2_start)
                0x00007eb0                Heap_Bank1_Size = (Heap_Bank1_End - Heap_Bank1_Start)
                0x00008000                Heap_Bank2_Size = (0x8000 - (Heap_Bank2_Start - ORIGIN (DSRAM_2_comm)))
                0x0000f800                Heap_Bank3_Size = (0x10000 - (Heap_Bank3_Start - ORIGIN (PSRAM_1)))
                0x00000001                ASSERT ((Heap_Bank1_Start <= Heap_Bank1_End), region SRAM_combined overflowed no_init section)

/DISCARD/
 *(.comment)

.stab
 *(.stab)

.stabstr
 *(.stabstr)

.debug
 *(.debug)

.line
 *(.line)

.debug_srcinfo
 *(.debug_srcinfo)

.debug_sfnames
 *(.debug_sfnames)

.debug_aranges  0x00000000     0x1060
 *(.debug_aranges)
 .debug_aranges
                0x00000000       0x20 ./Startup/startup_XMC4500.o
 .debug_aranges
                0x00000020       0x48 ./Startup/system_XMC4500.o
 .debug_aranges
                0x00000068       0x28 ./Libraries/XMCLib/src/xmc4_gpio.o
 .debug_aranges
                0x00000090      0x3c0 ./Libraries/XMCLib/src/xmc4_scu.o
 .debug_aranges
                0x00000450      0x180 ./Libraries/XMCLib/src/xmc_ccu8.o
 .debug_aranges
                0x000005d0       0xb0 ./Libraries/XMCLib/src/xmc_dac.o
 .debug_aranges
                0x00000680       0x28 ./Libraries/XMCLib/src/xmc_gpio.o
 .debug_aranges
                0x000006a8      0x280 ./Libraries/XMCLib/src/xmc_vadc.o
 .debug_aranges
                0x00000928       0x28 ./Libraries/Newlib/syscalls.o
 .debug_aranges
                0x00000950      0x100 ./Dave/Generated/PWM/pwm.o
 .debug_aranges
                0x00000a50       0x18 ./Dave/Generated/PWM/pwm_conf.o
 .debug_aranges
                0x00000a68       0x50 ./Dave/Generated/INTERRUPT/interrupt.o
 .debug_aranges
                0x00000ab8       0x18 ./Dave/Generated/INTERRUPT/interrupt_conf.o
 .debug_aranges
                0x00000ad0       0x30 ./Dave/Generated/GLOBAL_CCU8/global_ccu8.o
 .debug_aranges
                0x00000b00       0x18 ./Dave/Generated/GLOBAL_CCU8/global_ccu8_conf.o
 .debug_aranges
                0x00000b18       0x30 ./Dave/Generated/GLOBAL_ADC/global_adc.o
 .debug_aranges
                0x00000b48       0x18 ./Dave/Generated/GLOBAL_ADC/global_adc_conf.o
 .debug_aranges
                0x00000b60       0x28 ./Dave/Generated/DIGITAL_IO/digital_io.o
 .debug_aranges
                0x00000b88       0x18 ./Dave/Generated/DIGITAL_IO/digital_io_conf.o
 .debug_aranges
                0x00000ba0       0xf8 ./Dave/Generated/DAC/dac.o
 .debug_aranges
                0x00000c98       0x18 ./Dave/Generated/DAC/dac_conf.o
 .debug_aranges
                0x00000cb0       0x28 ./Dave/Generated/CPU_CTRL_XMC4/cpu_ctrl_xmc4_conf.o
 .debug_aranges
                0x00000cd8       0x20 ./Dave/Generated/CMSIS_DSP/FastMathFunctions/arm_cos_f32.o
 .debug_aranges
                0x00000cf8       0x20 ./Dave/Generated/CMSIS_DSP/FastMathFunctions/arm_sin_f32.o
 .debug_aranges
                0x00000d18       0x18 ./Dave/Generated/CMSIS_DSP/CommonTables/arm_common_tables.o
 .debug_aranges
                0x00000d30       0x38 ./Dave/Generated/CLOCK_XMC4/clock_xmc4.o
 .debug_aranges
                0x00000d68       0x20 ./Dave/Generated/CLOCK_XMC4/clock_xmc4_conf.o
 .debug_aranges
                0x00000d88      0x130 ./Dave/Generated/ADC_MEASUREMENT_ADV/adc_measurement_adv.o
 .debug_aranges
                0x00000eb8       0x18 ./Dave/Generated/ADC_MEASUREMENT_ADV/adc_measurement_adv_conf.o
 .debug_aranges
                0x00000ed0       0x20 ./Dave/Generated/DAVE.o
 .debug_aranges
                0x00000ef0      0x110 ./main.o
 .debug_aranges
                0x00001000       0x60 ./probe_scope.o

.debug_pubnames
 *(.debug_pubnames)

.debug_pubtypes
 *(.debug_pubtypes)

.debug_info     0x00000000    0x1a3c1
 *(.debug_info .gnu.linkonce.wi.*)
 .debug_info    0x00000000       0x9e ./Startup/startup_XMC4500.o
 .debug_info    0x0000009e      0x8b7 ./Startup/system_XMC4500.o
 .debug_info    0x00000955      0x422 ./Libraries/XMCLib/src/xmc4_gpio.o
 .debug_info    0x00000d77     0x20aa ./Libraries/XMCLib/src/xmc4_scu.o
 .debug_info    0x00002e21     0x1c61 ./Libraries/XMCLib/src/xmc_ccu8.o
 .debug_info    0x00004a82      0xac9 ./Libraries/XMCLib/src/xmc_dac.o
 .debug_info    0x0000554b      0x39d ./Libraries/XMCLib/src/xmc_gpio.o
 .debug_info    0x000058e8     0x2e68 ./Libraries/XMCLib/src/xmc_vadc.o
 .debug_info    0x00008750      0x11f ./Libraries/Newlib/syscalls.o
 .debug_info    0x0000886f     0x151b ./Dave/Generated/PWM/pwm.o
 .debug_info    0x00009d8a      0xddd ./Dave/Generated/PWM/pwm_conf.o
 .debug_info    0x0000ab67      0x910 ./Dave/Generated/INTERRUPT/interrupt.o
 .debug_info    0x0000b477      0x405 ./Dave/Generated/INTERRUPT/interrupt_conf.o
 .debug_info    0x0000b87c      0x3cd ./Dave/Generated/GLOBAL_CCU8/global_ccu8.o
 .debug_info    0x0000bc49      0x2cd ./Dave/Generated/GLOBAL_CCU8/global_ccu8_conf.o
 .debug_info    0x0000bf16      0xfae ./Dave/Generated/GLOBAL_ADC/global_adc.o
 .debug_info    0x0000cec4      0xfb0 ./Dave/Generated/GLOBAL_ADC/global_adc_conf.o
 .debug_info    0x0000de74      0x4dc ./Dave/Generated/DIGITAL_IO/digital_io.o
 .debug_info    0x0000e350      0x4b9 ./Dave/Generated/DIGITAL_IO/digital_io_conf.o
 .debug_info    0x0000e809      0xffe ./Dave/Generated/DAC/dac.o
 .debug_info    0x0000f807      0x602 ./Dave/Generated/DAC/dac_conf.o
 .debug_info    0x0000fe09      0x475 ./Dave/Generated/CPU_CTRL_XMC4/cpu_ctrl_xmc4_conf.o
 .debug_info    0x0001027e      0x182 ./Dave/Generated/CMSIS_DSP/FastMathFunctions/arm_cos_f32.o
 .debug_info    0x00010400      0x182 ./Dave/Generated/CMSIS_DSP/FastMathFunctions/arm_sin_f32.o
 .debug_info    0x00010582      0x99d ./Dave/Generated/CMSIS_DSP/CommonTables/arm_common_tables.o
 .debug_info    0x00010f1f      0x224 ./Dave/Generated/CLOCK_XMC4/clock_xmc4.o
 .debug_info    0x00011143      0x385 ./Dave/Generated/CLOCK_XMC4/clock_xmc4_conf.o
 .debug_info    0x000114c8     0x274c ./Dave/Generated/ADC_MEASUREMENT_ADV/adc_measurement_adv.o
 .debug_info    0x00013c14     0x1356 ./Dave/Generated/ADC_MEASUREMENT_ADV/adc_measurement_adv_conf.o
 .debug_info    0x00014f6a     0x217b ./Dave/Generated/DAVE.o
 .debug_info    0x000170e5     0x2d11 ./main.o
 .debug_info    0x00019df6      0x5cb ./probe_scope.o

.debug_abbrev   0x00000000     0x30ec
 *(.debug_abbrev)
 .debug_abbrev  0x00000000       0x14 ./Startup/startup_XMC4500.o
 .debug_abbrev  0x00000014      0x1a1 ./Startup/system_XMC4500.o
 .debug_abbrev  0x000001b5      0x11b ./Libraries/XMCLib/src/xmc4_gpio.o
 .debug_abbrev  0x000002d0      0x289 ./Libraries/XMCLib/src/xmc4_scu.o
 .debug_abbrev  0x00000559      0x21e ./Libraries/XMCLib/src/xmc_ccu8.o
 .debug_abbrev  0x00000777      0x20f ./Libraries/XMCLib/src/xmc_dac.o
 .debug_abbrev  0x00000986      0x10c ./Libraries/XMCLib/src/xmc_gpio.o
 .debug_abbrev  0x00000a92      0x266 ./Libraries/XMCLib/src/xmc_vadc.o
 .debug_abbrev  0x00000cf8       0xbd ./Libraries/Newlib/syscalls.o
 .debug_abbrev  0x00000db5      0x227 ./Dave/Generated/PWM/pwm.o
 .debug_abbrev  0x00000fdc      0x1a1 ./Dave/Generated/PWM/pwm_conf.o
 .debug_abbrev  0x0000117d      0x1da ./Dave/Generated/INTERRUPT/interrupt.o
 .debug_abbrev  0x00001357       0x97 ./Dave/Generated/INTERRUPT/interrupt_conf.o
 .debug_abbrev  0x000013ee      0x16f ./Dave/Generated/GLOBAL_CCU8/global_ccu8.o
 .debug_abbrev  0x0000155d       0xfd ./Dave/Generated/GLOBAL_CCU8/global_ccu8_conf.o
 .debug_abbrev  0x0000165a      0x1e6 ./Dave/Generated/GLOBAL_ADC/global_adc.o
 .debug_abbrev  0x00001840      0x185 ./Dave/Generated/GLOBAL_ADC/global_adc_conf.o
 .debug_abbrev  0x000019c5      0x148 ./Dave/Generated/DIGITAL_IO/digital_io.o
 .debug_abbrev  0x00001b0d       0xfd ./Dave/Generated/DIGITAL_IO/digital_io_conf.o
 .debug_abbrev  0x00001c0a      0x254 ./Dave/Generated/DAC/dac.o
 .debug_abbrev  0x00001e5e      0x15a ./Dave/Generated/DAC/dac_conf.o
 .debug_abbrev  0x00001fb8      0x184 ./Dave/Generated/CPU_CTRL_XMC4/cpu_ctrl_xmc4_conf.o
 .debug_abbrev  0x0000213c       0xb9 ./Dave/Generated/CMSIS_DSP/FastMathFunctions/arm_cos_f32.o
 .debug_abbrev  0x000021f5       0xb9 ./Dave/Generated/CMSIS_DSP/FastMathFunctions/arm_sin_f32.o
 .debug_abbrev  0x000022ae       0x84 ./Dave/Generated/CMSIS_DSP/CommonTables/arm_common_tables.o
 .debug_abbrev  0x00002332      0x10f ./Dave/Generated/CLOCK_XMC4/clock_xmc4.o
 .debug_abbrev  0x00002441      0x104 ./Dave/Generated/CLOCK_XMC4/clock_xmc4_conf.o
 .debug_abbrev  0x00002545      0x308 ./Dave/Generated/ADC_MEASUREMENT_ADV/adc_measurement_adv.o
 .debug_abbrev  0x0000284d      0x1aa ./Dave/Generated/ADC_MEASUREMENT_ADV/adc_measurement_adv_conf.o
 .debug_abbrev  0x000029f7      0x1d1 ./Dave/Generated/DAVE.o
 .debug_abbrev  0x00002bc8      0x3ae ./main.o
 .debug_abbrev  0x00002f76      0x176 ./probe_scope.o

.debug_line     0x00000000     0x7fcc
 *(.debug_line)
 .debug_line    0x00000000       0x88 ./Startup/startup_XMC4500.o
 .debug_line    0x00000088      0x319 ./Startup/system_XMC4500.o
 .debug_line    0x000003a1      0x22d ./Libraries/XMCLib/src/xmc4_gpio.o
 .debug_line    0x000005ce      0xdb9 ./Libraries/XMCLib/src/xmc4_scu.o
 .debug_line    0x00001387      0x706 ./Libraries/XMCLib/src/xmc_ccu8.o
 .debug_line    0x00001a8d      0x452 ./Libraries/XMCLib/src/xmc_dac.o
 .debug_line    0x00001edf      0x21b ./Libraries/XMCLib/src/xmc_gpio.o
 .debug_line    0x000020fa      0xb23 ./Libraries/XMCLib/src/xmc_vadc.o
 .debug_line    0x00002c1d       0xbe ./Libraries/Newlib/syscalls.o
 .debug_line    0x00002cdb      0x6b4 ./Dave/Generated/PWM/pwm.o
 .debug_line    0x0000338f      0x351 ./Dave/Generated/PWM/pwm_conf.o
 .debug_line    0x000036e0      0x33f ./Dave/Generated/INTERRUPT/interrupt.o
 .debug_line    0x00003a1f      0x217 ./Dave/Generated/INTERRUPT/interrupt_conf.o
 .debug_line    0x00003c36      0x365 ./Dave/Generated/GLOBAL_CCU8/global_ccu8.o
 .debug_line    0x00003f9b      0x2b5 ./Dave/Generated/GLOBAL_CCU8/global_ccu8_conf.o
 .debug_line    0x00004250      0x371 ./Dave/Generated/GLOBAL_ADC/global_adc.o
 .debug_line    0x000045c1      0x2a4 ./Dave/Generated/GLOBAL_ADC/global_adc_conf.o
 .debug_line    0x00004865      0x2a7 ./Dave/Generated/DIGITAL_IO/digital_io.o
 .debug_line    0x00004b0c      0x20f ./Dave/Generated/DIGITAL_IO/digital_io_conf.o
 .debug_line    0x00004d1b      0x660 ./Dave/Generated/DAC/dac.o
 .debug_line    0x0000537b      0x28e ./Dave/Generated/DAC/dac_conf.o
 .debug_line    0x00005609      0x294 ./Dave/Generated/CPU_CTRL_XMC4/cpu_ctrl_xmc4_conf.o
 .debug_line    0x0000589d      0x1bf ./Dave/Generated/CMSIS_DSP/FastMathFunctions/arm_cos_f32.o
 .debug_line    0x00005a5c      0x1c6 ./Dave/Generated/CMSIS_DSP/FastMathFunctions/arm_sin_f32.o
 .debug_line    0x00005c22      0x189 ./Dave/Generated/CMSIS_DSP/CommonTables/arm_common_tables.o
 .debug_line    0x00005dab      0x2dd ./Dave/Generated/CLOCK_XMC4/clock_xmc4.o
 .debug_line    0x00006088      0x2b3 ./Dave/Generated/CLOCK_XMC4/clock_xmc4_conf.o
 .debug_line    0x0000633b      0x786 ./Dave/Generated/ADC_MEASUREMENT_ADV/adc_measurement_adv.o
 .debug_line    0x00006ac1      0x2bf ./Dave/Generated/ADC_MEASUREMENT_ADV/adc_measurement_adv_conf.o
 .debug_line    0x00006d80      0x4ba ./Dave/Generated/DAVE.o
 .debug_line    0x0000723a      0x9ff ./main.o
 .debug_line    0x00007c39      0x393 ./probe_scope.o

.debug_frame    0x00000000     0x4400
 *(.debug_frame)
 .debug_frame   0x00000000       0xec ./Startup/system_XMC4500.o
 .debug_frame   0x000000ec       0x60 ./Libraries/XMCLib/src/xmc4_gpio.o