Archive member included because of file (symbol)

c:/program files (x86)/dave/eclipse/arm-gcc-49/bin/../lib/gcc/arm-none-eabi/4.9.3/../../../../arm-none-eabi/lib/armv7e-m/softfp\libm.a(lib_a-sf_fmax.o)
                              ./main.o (fmaxf)
c:/program files (x86)/dave/eclipse/arm-gcc-49/bin/../lib/gcc/arm-none-eabi/4.9.3/../../../../arm-none-eabi/lib/armv7e-m/softfp\libm.a(lib_a-sf_fmin.o)
                              ./main.o (fminf)
c:/program files (x86)/dave/eclipse/arm-gcc-49/bin/../lib/gcc/arm-none-eabi/4.9.3/../../../../arm-none-eabi/lib/armv7e-m/softfp\libm.a(lib_a-sf_fpclassify.o)
                              c:/program files (x86)/dave/eclipse/arm-gcc-49/bin/../lib/gcc/arm-none-eabi/4.9.3/../../../../arm-none-eabi/lib/armv7e-m/softfp\libm.a(lib_a-sf_fmax.o) (__fpclassifyf)
c:/program files (x86)/dave/eclipse/arm-gcc-49/bin/../lib/gcc/arm-none-eabi/4.9.3/../../../../arm-none-eabi/lib/armv7e-m/softfp\libm.a(lib_a-wf_sqrt.o)
                              ./Dave/Generated/CMSIS_DSP/StatisticsFunctions/arm_rms_f32.o (sqrtf)
c:/program files (x86)/dave/eclipse/arm-gcc-49/bin/../lib/gcc/arm-none-eabi/4.9.3/../../../../arm-none-eabi/lib/armv7e-m/softfp\libm.a(lib_a-ef_sqrt.o)
                              c:/program files (x86)/dave/eclipse/arm-gcc-49/bin/../lib/gcc/arm-none-eabi/4.9.3/../../../../arm-none-eabi/lib/armv7e-m/softfp\libm.a(lib_a-wf_sqrt.o) (__ieee754_sqrtf)
c:/program files (x86)/dave/eclipse/arm-gcc-49/bin/../lib/gcc/arm-none-eabi/4.9.3/../../../../arm-none-eabi/lib/armv7e-m/softfp\libm.a(lib_a-s_lib_ver.o)
                              c:/program files (x86)/dave/eclipse/arm-gcc-49/bin/../lib/gcc/arm-none-eabi/4.9.3/../../../../arm-none-eabi/lib/armv7e-m/softfp\libm.a(lib_a-wf_sqrt.o) (__fdlib_version)
c:/program files (x86)/dave/eclipse/arm-gcc-49/bin/../lib/gcc/arm-none-eabi/4.9.3/../../../../arm-none-eabi/lib/armv7e-m/softfp\libm.a(lib_a-s_matherr.o)
                              c:/program files (x86)/dave/eclipse/arm-gcc-49/bin/../lib/gcc/arm-none-eabi/4.9.3/../../../../arm-none-eabi/lib/armv7e-m/softfp\libm.a(lib_a-wf_sqrt.o) (matherr)
c:/program files (x86)/dave/eclipse/arm-gcc-49/bin/../lib/gcc/arm-none-eabi/4.9.3/armv7e-m/softfp\libgcc.a(_ashrdi3.o)
                              ./Dave/Generated/CMSIS_DSP/FilteringFunctions/arm_biquad_cascade_df1_q31.o (__aeabi_lasr)
c:/program files (x86)/dave/eclipse/arm-gcc-49/bin/../lib/gcc/arm-none-eabi/4.9.3/armv7e-m/softfp\libgcc.a(_ashldi3.o)
                              ./Dave/Generated/CMSIS_DSP/FilteringFunctions/arm_biquad_cascade_df1_32x64_q31.o (__aeabi_llsl)
c:/program files (x86)/dave/eclipse/arm-gcc-49/bin/../lib/gcc/arm-none-eabi/4.9.3/armv7e-m/softfp\libgcc.a(_arm_addsubdf3.o)
                              ./Dave/Generated/CMSIS_DSP/MatrixFunctions/arm_mat_inverse_f64.o (__aeabi_dsub)
c:/program files (x86)/dave/eclipse/arm-gcc-49/bin/../lib/gcc/arm-none-eabi/4.9.3/armv7e-m/softfp\libgcc.a(_arm_muldivdf3.o)
                              ./Dave/Generated/CMSIS_DSP/MatrixFunctions/arm_mat_inverse_f64.o (__aeabi_dmul)
c:/program files (x86)/dave/eclipse/arm-gcc-49/bin/../lib/gcc/arm-none-eabi/4.9.3/armv7e-m/softfp\libgcc.a(_arm_cmpdf2.o)
                              ./Dave/Generated/CMSIS_DSP/MatrixFunctions/arm_mat_inverse_f64.o (__aeabi_dcmpeq)
c:/program files (x86)/dave/eclipse/arm-gcc-49/bin/../lib/gcc/arm-none-eabi/4.9.3/armv7e-m/softfp\libgcc.a(_arm_truncdfsf2.o)
                              ./main.o (__aeabi_d2f)
c:/program files (x86)/dave/eclipse/arm-gcc-49/bin/../lib/gcc/arm-none-eabi/4.9.3/armv7e-m/softfp\libgcc.a(_aeabi_ldivmod.o)
                              ./Dave/Generated/CMSIS_DSP/StatisticsFunctions/arm_mean_q31.o (__aeabi_ldivmod)
c:/program files (x86)/dave/eclipse/arm-gcc-49/bin/../lib/gcc/arm-none-eabi/4.9.3/armv7e-m/softfp\libgcc.a(_fixsfdi.o)
                              ./Dave/Generated/CMSIS_DSP/SupportFunctions/arm_float_to_q31.o (__aeabi_f2lz)
c:/program files (x86)/dave/eclipse/arm-gcc-49/bin/../lib/gcc/arm-none-eabi/4.9.3/armv7e-m/softfp\libgcc.a(_fixunssfdi.o)
                              c:/program files (x86)/dave/eclipse/arm-gcc-49/bin/../lib/gcc/arm-none-eabi/4.9.3/armv7e-m/softfp\libgcc.a(_fixsfdi.o) (__aeabi_f2ulz)
c:/program files (x86)/dave/eclipse/arm-gcc-49/bin/../lib/gcc/arm-none-eabi/4.9.3/armv7e-m/softfp\libgcc.a(bpabi.o)
                              c:/program files (x86)/dave/eclipse/arm-gcc-49/bin/../lib/gcc/arm-none-eabi/4.9.3/armv7e-m/softfp\libgcc.a(_aeabi_ldivmod.o) (__gnu_ldivmod_helper)
c:/program files (x86)/dave/eclipse/arm-gcc-49/bin/../lib/gcc/arm-none-eabi/4.9.3/armv7e-m/softfp\libgcc.a(_dvmd_tls.o)
                              c:/program files (x86)/dave/eclipse/arm-gcc-49/bin/../lib/gcc/arm-none-eabi/4.9.3/armv7e-m/softfp\libgcc.a(_aeabi_ldivmod.o) (__aeabi_ldiv0)
c:/program files (x86)/dave/eclipse/arm-gcc-49/bin/../lib/gcc/arm-none-eabi/4.9.3/armv7e-m/softfp\libgcc.a(_arm_fixunsdfsi.o)
[...]
Memory Configuration

Name             Origin             Length             Attributes
FLASH_1_cached   0x08000000         0x00100000         xr
FLASH_1_uncached 0x0c000000         0x00100000         xr
PSRAM_1          0x10000000         0x00010000         !xr
DSRAM_1_system   0x20000000         0x00010000         !xr
DSRAM_2_comm     0x30000000         0x00008000         !xr
*default*        0x00000000         0xffffffff

Linker script and memory map

LOAD ./Startup/startup_XMC4500.o
LOAD ./Startup/system_XMC4500.o
LOAD ./Libraries/XMCLib/src/xmc4_eru.o
LOAD ./Libraries/XMCLib/src/xmc4_flash.o
LOAD ./Libraries/XMCLib/src/xmc4_gpio.o
LOAD ./Libraries/XMCLib/src/xmc4_rtc.o
LOAD ./Libraries/XMCLib/src/xmc4_scu.o
LOAD ./Libraries/XMCLib/src/xmc_can.o
LOAD ./Libraries/XMCLib/src/xmc_ccu4.o
LOAD ./Libraries/XMCLib/src/xmc_ccu8.o
LOAD ./Libraries/XMCLib/src/xmc_common.o
LOAD ./Libraries/XMCLib/src/xmc_dac.o
LOAD ./Libraries/XMCLib/src/xmc_dma.o
LOAD ./Libraries/XMCLib/src/xmc_dsd.o
LOAD ./Libraries/XMCLib/src/xmc_ebu.o
LOAD ./Libraries/XMCLib/src/xmc_ecat.o
LOAD ./Libraries/XMCLib/src/xmc_eru.o
LOAD ./Libraries/XMCLib/src/xmc_eth_mac.o
LOAD ./Libraries/XMCLib/src/xmc_eth_phy_dp83848.o
LOAD ./Libraries/XMCLib/src/xmc_eth_phy_ksz8031rnl.o
LOAD ./Libraries/XMCLib/src/xmc_eth_phy_ksz8081rnb.o
LOAD ./Libraries/XMCLib/src/xmc_fce.o
LOAD ./Libraries/XMCLib/src/xmc_gpio.o
LOAD ./Libraries/XMCLib/src/xmc_hrpwm.o
LOAD ./Libraries/XMCLib/src/xmc_i2c.o
LOAD ./Libraries/XMCLib/src/xmc_i2s.o
LOAD ./Libraries/XMCLib/src/xmc_ledts.o
LOAD ./Libraries/XMCLib/src/xmc_posif.o
LOAD ./Libraries/XMCLib/src/xmc_rtc.o
LOAD ./Libraries/XMCLib/src/xmc_sdmmc.o
LOAD ./Libraries/XMCLib/src/xmc_spi.o
LOAD ./Libraries/XMCLib/src/xmc_uart.o
LOAD ./Libraries/XMCLib/src/xmc_usbd.o
LOAD ./Libraries/XMCLib/src/xmc_usbh.o
LOAD ./Libraries/XMCLib/src/xmc_usic.o
LOAD ./Libraries/XMCLib/src/xmc_vadc.o
LOAD ./Libraries/XMCLib/src/xmc_wdt.o
LOAD ./Libraries/Newlib/syscalls.o
LOAD ./Dave/Generated/PWM/pwm.o
LOAD ./Dave/Generated/PWM/pwm_conf.o
LOAD ./Dave/Generated/INTERRUPT/interrupt.o
LOAD ./Dave/Generated/INTERRUPT/interrupt_conf.o
LOAD ./Dave/Generated/GLOBAL_CCU8/global_ccu8.o
LOAD ./Dave/Generated/GLOBAL_CCU8/global_ccu8_conf.o
LOAD ./Dave/Generated/GLOBAL_ADC/global_adc.o
LOAD ./Dave/Generated/GLOBAL_ADC/global_adc_conf.o
LOAD ./Dave/Generated/DIGITAL_IO/digital_io.o
LOAD ./Dave/Generated/DIGITAL_IO/digital_io_conf.o
LOAD ./Dave/Generated/DAC/dac.o
LOAD ./Dave/Generated/DAC/dac_conf.o
LOAD ./Dave/Generated/CPU_CTRL_XMC4/cpu_ctrl_xmc4.o
LOAD ./Dave/Generated/CPU_CTRL_XMC4/cpu_ctrl_xmc4_conf.o
LOAD ./Dave/Generated/CMSIS_DSP/TransformFunctions/arm_bitreversal.o
LOAD ./Dave/Generated/CMSIS_DSP/TransformFunctions/arm_bitreversal2.o
LOAD ./Dave/Generated/CMSIS_DSP/TransformFunctions/arm_cfft_f32.o
LOAD ./Dave/Generated/CMSIS_DSP/TransformFunctions/arm_cfft_q15.o
LOAD ./Dave/Generated/CMSIS_DSP/TransformFunctions/arm_cfft_q31.o
LOAD ./Dave/Generated/CMSIS_DSP/TransformFunctions/arm_cfft_radix2_f32.o
LOAD ./Dave/Generated/CMSIS_DSP/TransformFunctions/arm_cfft_radix2_init_f32.o
LOAD ./Dave/Generated/CMSIS_DSP/TransformFunctions/arm_cfft_radix2_init_q15.o
LOAD ./Dave/Generated/CMSIS_DSP/TransformFunctions/arm_cfft_radix2_init_q31.o
LOAD ./Dave/Generated/CMSIS_DSP/TransformFunctions/arm_cfft_radix2_q15.o
LOAD ./Dave/Generated/CMSIS_DSP/TransformFunctions/arm_cfft_radix2_q31.o
LOAD ./Dave/Generated/CMSIS_DSP/TransformFunctions/arm_cfft_radix4_f32.o
LOAD ./Dave/Generated/CMSIS_DSP/TransformFunctions/arm_cfft_radix4_init_f32.o
LOAD ./Dave/Generated/CMSIS_DSP/TransformFunctions/arm_cfft_radix4_init_q15.o
LOAD ./Dave/Generated/CMSIS_DSP/TransformFunctions/arm_cfft_radix4_init_q31.o
LOAD ./Dave/Generated/CMSIS_DSP/TransformFunctions/arm_cfft_radix4_q15.o
LOAD ./Dave/Generated/CMSIS_DSP/TransformFunctions/arm_cfft_radix4_q31.o
LOAD ./Dave/Generated/CMSIS_DSP/TransformFunctions/arm_cfft_radix8_f32.o
LOAD ./Dave/Generated/CMSIS_DSP/TransformFunctions/arm_dct4_f32.o
LOAD ./Dave/Generated/CMSIS_DSP/TransformFunctions/arm_dct4_init_f32.o
LOAD ./Dave/Generated/CMSIS_DSP/TransformFunctions/arm_dct4_init_q15.o
LOAD ./Dave/Generated/CMSIS_DSP/TransformFunctions/arm_dct4_init_q31.o
LOAD ./Dave/Generated/CMSIS_DSP/TransformFunctions/arm_dct4_q15.o
LOAD ./Dave/Generated/CMSIS_DSP/TransformFunctions/arm_dct4_q31.o
LOAD ./Dave/Generated/CMSIS_DSP/TransformFunctions/arm_rfft_f32.o
LOAD ./Dave/Generated/CMSIS_DSP/TransformFunctions/arm_rfft_fast_f32.o
LOAD ./Dave/Generated/CMSIS_DSP/TransformFunctions/arm_rfft_fast_init_f32.o
LOAD ./Dave/Generated/CMSIS_DSP/TransformFunctions/arm_rfft_init_f32.o
LOAD ./Dave/Generated/CMSIS_DSP/TransformFunctions/arm_rfft_init_q15.o
LOAD ./Dave/Generated/CMSIS_DSP/TransformFunctions/arm_rfft_init_q31.o
LOAD ./Dave/Generated/CMSIS_DSP/TransformFunctions/arm_rfft_q15.o
LOAD ./Dave/Generated/CMSIS_DSP/TransformFunctions/arm_rfft_q31.o
LOAD ./Dave/Generated/CMSIS_DSP/SupportFunctions/arm_copy_f32.o
LOAD ./Dave/Generated/CMSIS_DSP/SupportFunctions/arm_copy_q15.o
LOAD ./Dave/Generated/CMSIS_DSP/SupportFunctions/arm_copy_q31.o
LOAD ./Dave/Generated/CMSIS_DSP/SupportFunctions/arm_copy_q7.o
LOAD ./Dave/Generated/CMSIS_DSP/SupportFunctions/arm_fill_f32.o
LOAD ./Dave/Generated/CMSIS_DSP/SupportFunctions/arm_fill_q15.o
LOAD ./Dave/Generated/CMSIS_DSP/SupportFunctions/arm_fill_q31.o
LOAD ./Dave/Generated/CMSIS_DSP/SupportFunctions/arm_fill_q7.o
LOAD ./Dave/Generated/CMSIS_DSP/SupportFunctions/arm_float_to_q15.o
LOAD ./Dave/Generated/CMSIS_DSP/SupportFunctions/arm_float_to_q31.o
LOAD ./Dave/Generated/CMSIS_DSP/SupportFunctions/arm_float_to_q7.o
LOAD ./Dave/Generated/CMSIS_DSP/SupportFunctions/arm_q15_to_float.o
LOAD ./Dave/Generated/CMSIS_DSP/SupportFunctions/arm_q15_to_q31.o
LOAD ./Dave/Generated/CMSIS_DSP/SupportFunctions/arm_q15_to_q7.o
LOAD ./Dave/Generated/CMSIS_DSP/SupportFunctions/arm_q31_to_float.o
LOAD ./Dave/Generated/CMSIS_DSP/SupportFunctions/arm_q31_to_q15.o
LOAD ./Dave/Generated/CMSIS_DSP/SupportFunctions/arm_q31_to_q7.o
LOAD ./Dave/Generated/CMSIS_DSP/SupportFunctions/arm_q7_to_float.o
LOAD ./Dave/Generated/CMSIS_DSP/SupportFunctions/arm_q7_to_q15.o
LOAD ./Dave/Generated/CMSIS_DSP/SupportFunctions/arm_q7_to_q31.o
LOAD ./Dave/Generated/CMSIS_DSP/StatisticsFunctions/arm_max_f32.o
LOAD ./Dave/Generated/CMSIS_DSP/StatisticsFunctions/arm_max_q15.o
LOAD ./Dave/Generated/CMSIS_DSP/StatisticsFunctions/arm_max_q31.o
LOAD ./Dave/Generated/CMSIS_DSP/StatisticsFunctions/arm_max_q7.o
LOAD ./Dave/Generated/CMSIS_DSP/StatisticsFunctions/arm_mean_f32.o
LOAD ./Dave/Generated/CMSIS_DSP/StatisticsFunctions/arm_mean_q15.o
LOAD ./Dave/Generated/CMSIS_DSP/StatisticsFunctions/arm_mean_q31.o
LOAD ./Dave/Generated/CMSIS_DSP/StatisticsFunctions/arm_mean_q7.o
LOAD ./Dave/Generated/CMSIS_DSP/StatisticsFunctions/arm_min_f32.o
LOAD ./Dave/Generated/CMSIS_DSP/StatisticsFunctions/arm_min_q15.o
LOAD ./Dave/Generated/CMSIS_DSP/StatisticsFunctions/arm_min_q31.o
LOAD ./Dave/Generated/CMSIS_DSP/StatisticsFunctions/arm_min_q7.o
LOAD ./Dave/Generated/CMSIS_DSP/StatisticsFunctions/arm_power_f32.o
LOAD ./Dave/Generated/CMSIS_DSP/StatisticsFunctions/arm_power_q15.o
LOAD ./Dave/Generated/CMSIS_DSP/StatisticsFunctions/arm_power_q31.o
LOAD ./Dave/Generated/CMSIS_DSP/StatisticsFunctions/arm_power_q7.o
LOAD ./Dave/Generated/CMSIS_DSP/StatisticsFunctions/arm_rms_f32.o
LOAD ./Dave/Generated/CMSIS_DSP/StatisticsFunctions/arm_rms_q15.o
LOAD ./Dave/Generated/CMSIS_DSP/StatisticsFunctions/arm_rms_q31.o
LOAD ./Dave/Generated/CMSIS_DSP/StatisticsFunctions/arm_std_f32.o
LOAD ./Dave/Generated/CMSIS_DSP/StatisticsFunctions/arm_std_q15.o
LOAD ./Dave/Generated/CMSIS_DSP/StatisticsFunctions/arm_std_q31.o
LOAD ./Dave/Generated/CMSIS_DSP/StatisticsFunctions/arm_var_f32.o
LOAD ./Dave/Generated/CMSIS_DSP/StatisticsFunctions/arm_var_q15.o
LOAD ./Dave/Generated/CMSIS_DSP/StatisticsFunctions/arm_var_q31.o
LOAD ./Dave/Generated/CMSIS_DSP/MatrixFunctions/arm_mat_add_f32.o
LOAD ./Dave/Generated/CMSIS_DSP/MatrixFunctions/arm_mat_add_q15.o
LOAD ./Dave/Generated/CMSIS_DSP/MatrixFunctions/arm_mat_add_q31.o
LOAD ./Dave/Generated/CMSIS_DSP/MatrixFunctions/arm_mat_cmplx_mult_f32.o
LOAD ./Dave/Generated/CMSIS_DSP/MatrixFunctions/arm_mat_cmplx_mult_q15.o
LOAD ./Dave/Generated/CMSIS_DSP/MatrixFunctions/arm_mat_cmplx_mult_q31.o
LOAD ./Dave/Generated/CMSIS_DSP/MatrixFunctions/arm_mat_init_f32.o
LOAD ./Dave/Generated/CMSIS_DSP/MatrixFunctions/arm_mat_init_q15.o
LOAD ./Dave/Generated/CMSIS_DSP/MatrixFunctions/arm_mat_init_q31.o
LOAD ./Dave/Generated/CMSIS_DSP/MatrixFunctions/arm_mat_inverse_f32.o
LOAD ./Dave/Generated/CMSIS_DSP/MatrixFunctions/arm_mat_inverse_f64.o
LOAD ./Dave/Generated/CMSIS_DSP/MatrixFunctions/arm_mat_mult_f32.o
LOAD ./Dave/Generated/CMSIS_DSP/MatrixFunctions/arm_mat_mult_fast_q15.o
LOAD ./Dave/Generated/CMSIS_DSP/MatrixFunctions/arm_mat_mult_fast_q31.o
LOAD ./Dave/Generated/CMSIS_DSP/MatrixFunctions/arm_mat_mult_q15.o
LOAD ./Dave/Generated/CMSIS_DSP/MatrixFunctions/arm_mat_mult_q31.o
LOAD ./Dave/Generated/CMSIS_DSP/MatrixFunctions/arm_mat_scale_f32.o
LOAD ./Dave/Generated/CMSIS_DSP/MatrixFunctions/arm_mat_scale_q15.o
LOAD ./Dave/Generated/CMSIS_DSP/MatrixFunctions/arm_mat_scale_q31.o
LOAD ./Dave/Generated/CMSIS_DSP/MatrixFunctions/arm_mat_sub_f32.o
LOAD ./Dave/Generated/CMSIS_DSP/MatrixFunctions/arm_mat_sub_q15.o
LOAD ./Dave/Generated/CMSIS_DSP/MatrixFunctions/arm_mat_sub_q31.o
LOAD ./Dave/Generated/CMSIS_DSP/MatrixFunctions/arm_mat_trans_f32.o
LOAD ./Dave/Generated/CMSIS_DSP/MatrixFunctions/arm_mat_trans_q15.o
LOAD ./Dave/Generated/CMSIS_DSP/MatrixFunctions/arm_mat_trans_q31.o
LOAD ./Dave/Generated/CMSIS_DSP/FilteringFunctions/arm_biquad_cascade_df1_32x64_init_q31.o
LOAD ./Dave/Generated/CMSIS_DSP/FilteringFunctions/arm_biquad_cascade_df1_32x64_q31.o
LOAD ./Dave/Generated/CMSIS_DSP/FilteringFunctions/arm_biquad_cascade_df1_f32.o
LOAD ./Dave/Generated/CMSIS_DSP/FilteringFunctions/arm_biquad_cascade_df1_fast_q15.o
LOAD ./Dave/Generated/CMSIS_DSP/FilteringFunctions/arm_biquad_cascade_df1_fast_q31.o
LOAD ./Dave/Generated/CMSIS_DSP/FilteringFunctions/arm_biquad_cascade_df1_init_f32.o
LOAD ./Dave/Generated/CMSIS_DSP/FilteringFunctions/arm_biquad_cascade_df1_init_q15.o
LOAD ./Dave/Generated/CMSIS_DSP/FilteringFunctions/arm_biquad_cascade_df1_init_q31.o
LOAD ./Dave/Generated/CMSIS_DSP/FilteringFunctions/arm_biquad_cascade_df1_q15.o
LOAD ./Dave/Generated/CMSIS_DSP/FilteringFunctions/arm_biquad_cascade_df1_q31.o
LOAD ./Dave/Generated/CMSIS_DSP/FilteringFunctions/arm_biquad_cascade_df2T_f32.o
LOAD ./Dave/Generated/CMSIS_DSP/FilteringFunctions/arm_biquad_cascade_df2T_f64.o
LOAD ./Dave/Generated/CMSIS_DSP/FilteringFunctions/arm_biquad_cascade_df2T_init_f32.o
LOAD ./Dave/Generated/CMSIS_DSP/FilteringFunctions/arm_biquad_cascade_df2T_init_f64.o
LOAD ./Dave/Generated/CMSIS_DSP/FilteringFunctions/arm_biquad_cascade_stereo_df2T_f32.o
LOAD ./Dave/Generated/CMSIS_DSP/FilteringFunctions/arm_biquad_cascade_stereo_df2T_init_f32.o
LOAD ./Dave/Generated/CMSIS_DSP/FilteringFunctions/arm_conv_f32.o
LOAD ./Dave/Generated/CMSIS_DSP/FilteringFunctions/arm_conv_fast_opt_q15.o
LOAD ./Dave/Generated/CMSIS_DSP/FilteringFunctions/arm_conv_fast_q15.o
LOAD ./Dave/Generated/CMSIS_DSP/FilteringFunctions/arm_conv_fast_q31.o
LOAD ./Dave/Generated/CMSIS_DSP/FilteringFunctions/arm_conv_opt_q15.o
LOAD ./Dave/Generated/CMSIS_DSP/FilteringFunctions/arm_conv_opt_q7.o
LOAD ./Dave/Generated/CMSIS_DSP/FilteringFunctions/arm_conv_partial_f32.o
LOAD ./Dave/Generated/CMSIS_DSP/FilteringFunctions/arm_conv_partial_fast_opt_q15.o
LOAD ./Dave/Generated/CMSIS_DSP/FilteringFunctions/arm_conv_partial_fast_q15.o
LOAD ./Dave/Generated/CMSIS_DSP/FilteringFunctions/arm_conv_partial_fast_q31.o
LOAD ./Dave/Generated/CMSIS_DSP/FilteringFunctions/arm_conv_partial_opt_q15.o
LOAD ./Dave/Generated/CMSIS_DSP/FilteringFunctions/arm_conv_partial_opt_q7.o
LOAD ./Dave/Generated/CMSIS_DSP/FilteringFunctions/arm_conv_partial_q15.o
LOAD ./Dave/Generated/CMSIS_DSP/FilteringFunctions/arm_conv_partial_q31.o
LOAD ./Dave/Generated/CMSIS_DSP/FilteringFunctions/arm_conv_partial_q7.o
LOAD ./Dave/Generated/CMSIS_DSP/FilteringFunctions/arm_conv_q15.o
LOAD ./Dave/Generated/CMSIS_DSP/FilteringFunctions/arm_conv_q31.o
LOAD ./Dave/Generated/CMSIS_DSP/FilteringFunctions/arm_conv_q7.o
LOAD ./Dave/Generated/CMSIS_DSP/FilteringFunctions/arm_correlate_f32.o
LOAD ./Dave/Generated/CMSIS_DSP/FilteringFunctions/arm_correlate_fast_opt_q15.o
LOAD ./Dave/Generated/CMSIS_DSP/FilteringFunctions/arm_correlate_fast_q15.o
LOAD ./Dave/Generated/CMSIS_DSP/FilteringFunctions/arm_correlate_fast_q31.o
LOAD ./Dave/Generated/CMSIS_DSP/FilteringFunctions/arm_correlate_opt_q15.o
LOAD ./Dave/Generated/CMSIS_DSP/FilteringFunctions/arm_correlate_opt_q7.o
LOAD ./Dave/Generated/CMSIS_DSP/FilteringFunctions/arm_correlate_q15.o
LOAD ./Dave/Generated/CMSIS_DSP/FilteringFunctions/arm_correlate_q31.o
LOAD ./Dave/Generated/CMSIS_DSP/FilteringFunctions/arm_correlate_q7.o
LOAD ./Dave/Generated/CMSIS_DSP/FilteringFunctions/arm_fir_decimate_f32.o
LOAD ./Dave/Generated/CMSIS_DSP/FilteringFunctions/arm_fir_decimate_fast_q15.o
LOAD ./Dave/Generated/CMSIS_DSP/FilteringFunctions/arm_fir_decimate_fast_q31.o
LOAD ./Dave/Generated/CMSIS_DSP/FilteringFunctions/arm_fir_decimate_init_f32.o
LOAD ./Dave/Generated/CMSIS_DSP/FilteringFunctions/arm_fir_decimate_init_q15.o
LOAD ./Dave/Generated/CMSIS_DSP/FilteringFunctions/arm_fir_decimate_init_q31.o
LOAD ./Dave/Generated/CMSIS_DSP/FilteringFunctions/arm_fir_decimate_q15.o
LOAD ./Dave/Generated/CMSIS_DSP/FilteringFunctions/arm_fir_decimate_q31.o
LOAD ./Dave/Generated/CMSIS_DSP/FilteringFunctions/arm_fir_f32.o
LOAD ./Dave/Generated/CMSIS_DSP/FilteringFunctions/arm_fir_fast_q15.o
LOAD ./Dave/Generated/CMSIS_DSP/FilteringFunctions/arm_fir_fast_q31.o
LOAD ./Dave/Generated/CMSIS_DSP/FilteringFunctions/arm_fir_init_f32.o
LOAD ./Dave/Generated/CMSIS_DSP/FilteringFunctions/arm_fir_init_q15.o
LOAD ./Dave/Generated/CMSIS_DSP/FilteringFunctions/arm_fir_init_q31.o
LOAD ./Dave/Generated/CMSIS_DSP/FilteringFunctions/arm_fir_init_q7.o
LOAD ./Dave/Generated/CMSIS_DSP/FilteringFunctions/arm_fir_interpolate_f32.o
LOAD ./Dave/Generated/CMSIS_DSP/FilteringFunctions/arm_fir_interpolate_init_f32.o
LOAD ./Dave/Generated/CMSIS_DSP/FilteringFunctions/arm_fir_interpolate_init_q15.o
LOAD ./Dave/Generated/CMSIS_DSP/FilteringFunctions/arm_fir_interpolate_init_q31.o
LOAD ./Dave/Generated/CMSIS_DSP/FilteringFunctions/arm_fir_interpolate_q15.o
LOAD ./Dave/Generated/CMSIS_DSP/FilteringFunctions/arm_fir_interpolate_q31.o
LOAD ./Dave/Generated/CMSIS_DSP/FilteringFunctions/arm_fir_lattice_f32.o
LOAD ./Dave/Generated/CMSIS_DSP/FilteringFunctions/arm_fir_lattice_init_f32.o
LOAD ./Dave/Generated/CMSIS_DSP/FilteringFunctions/arm_fir_lattice_init_q15.o
LOAD ./Dave/Generated/CMSIS_DSP/FilteringFunctions/arm_fir_lattice_init_q31.o
LOAD ./Dave/Generated/CMSIS_DSP/FilteringFunctions/arm_fir_lattice_q15.o
LOAD ./Dave/Generated/CMSIS_DSP/FilteringFunctions/arm_fir_lattice_q31.o
LOAD ./Dave/Generated/CMSIS_DSP/FilteringFunctions/arm_fir_q15.o
LOAD ./Dave/Generated/CMSIS_DSP/FilteringFunctions/arm_fir_q31.o
LOAD ./Dave/Generated/CMSIS_DSP/FilteringFunctions/arm_fir_q7.o
LOAD ./Dave/Generated/CMSIS_DSP/FilteringFunctions/arm_fir_sparse_f32.o
LOAD ./Dave/Generated/CMSIS_DSP/FilteringFunctions/arm_fir_sparse_init_f32.o
LOAD ./Dave/Generated/CMSIS_DSP/FilteringFunctions/arm_fir_sparse_init_q15.o
LOAD ./Dave/Generated/CMSIS_DSP/FilteringFunctions/arm_fir_sparse_init_q31.o
LOAD ./Dave/Generated/CMSIS_DSP/FilteringFunctions/arm_fir_sparse_init_q7.o
LOAD ./Dave/Generated/CMSIS_DSP/FilteringFunctions/arm_fir_sparse_q15.o
LOAD ./Dave/Generated/CMSIS_DSP/FilteringFunctions/arm_fir_sparse_q31.o
LOAD ./Dave/Generated/CMSIS_DSP/FilteringFunctions/arm_fir_sparse_q7.o
LOAD ./Dave/Generated/CMSIS_DSP/FilteringFunctions/arm_iir_lattice_f32.o
LOAD ./Dave/Generated/CMSIS_DSP/FilteringFunctions/arm_iir_lattice_init_f32.o
LOAD ./Dave/Generated/CMSIS_DSP/FilteringFunctions/arm_iir_lattice_init_q15.o
LOAD ./Dave/Generated/CMSIS_DSP/FilteringFunctions/arm_iir_lattice_init_q31.o
LOAD ./Dave/Generated/CMSIS_DSP/FilteringFunctions/arm_iir_lattice_q15.o
LOAD ./Dave/Generated/CMSIS_DSP/FilteringFunctions/arm_iir_lattice_q31.o
LOAD ./Dave/Generated/CMSIS_DSP/FilteringFunctions/arm_lms_f32.o
LOAD ./Dave/Generated/CMSIS_DSP/FilteringFunctions/arm_lms_init_f32.o
LOAD ./Dave/Generated/CMSIS_DSP/FilteringFunctions/arm_lms_init_q15.o
LOAD ./Dave/Generated/CMSIS_DSP/FilteringFunctions/arm_lms_init_q31.o
LOAD ./Dave/Generated/CMSIS_DSP/FilteringFunctions/arm_lms_norm_f32.o
LOAD ./Dave/Generated/CMSIS_DSP/FilteringFunctions/arm_lms_norm_init_f32.o
LOAD ./Dave/Generated/CMSIS_DSP/FilteringFunctions/arm_lms_norm_init_q15.o
LOAD ./Dave/Generated/CMSIS_DSP/FilteringFunctions/arm_lms_norm_init_q31.o
LOAD ./Dave/Generated/CMSIS_DSP/FilteringFunctions/arm_lms_norm_q15.o
LOAD ./Dave/Generated/CMSIS_DSP/FilteringFunctions/arm_lms_norm_q31.o
LOAD ./Dave/Generated/CMSIS_DSP/FilteringFunctions/arm_lms_q15.o
LOAD ./Dave/Generated/CMSIS_DSP/FilteringFunctions/arm_lms_q31.o
LOAD ./Dave/Generated/CMSIS_DSP/FastMathFunctions/arm_cos_f32.o
LOAD ./Dave/Generated/CMSIS_DSP/FastMathFunctions/arm_cos_q15.o
LOAD ./Dave/Generated/CMSIS_DSP/FastMathFunctions/arm_cos_q31.o
LOAD ./Dave/Generated/CMSIS_DSP/FastMathFunctions/arm_sin_f32.o
LOAD ./Dave/Generated/CMSIS_DSP/FastMathFunctions/arm_sin_q15.o
LOAD ./Dave/Generated/CMSIS_DSP/FastMathFunctions/arm_sin_q31.o
LOAD ./Dave/Generated/CMSIS_DSP/FastMathFunctions/arm_sqrt_q15.o
LOAD ./Dave/Generated/CMSIS_DSP/FastMathFunctions/arm_sqrt_q31.o
LOAD ./Dave/Generated/CMSIS_DSP/ControllerFunctions/arm_pid_init_f32.o
LOAD ./Dave/Generated/CMSIS_DSP/ControllerFunctions/arm_pid_init_q15.o
LOAD ./Dave/Generated/CMSIS_DSP/ControllerFunctions/arm_pid_init_q31.o
LOAD ./Dave/Generated/CMSIS_DSP/ControllerFunctions/arm_pid_reset_f32.o
LOAD ./Dave/Generated/CMSIS_DSP/ControllerFunctions/arm_pid_reset_q15.o
LOAD ./Dave/Generated/CMSIS_DSP/ControllerFunctions/arm_pid_reset_q31.o
LOAD ./Dave/Generated/CMSIS_DSP/ControllerFunctions/arm_sin_cos_f32.o
LOAD ./Dave/Generated/CMSIS_DSP/ControllerFunctions/arm_sin_cos_q31.o
LOAD ./Dave/Generated/CMSIS_DSP/ComplexMathFunctions/arm_cmplx_conj_f32.o
LOAD ./Dave/Generated/CMSIS_DSP/ComplexMathFunctions/arm_cmplx_conj_q15.o
LOAD ./Dave/Generated/CMSIS_DSP/ComplexMathFunctions/arm_cmplx_conj_q31.o
LOAD ./Dave/Generated/CMSIS_DSP/ComplexMathFunctions/arm_cmplx_dot_prod_f32.o
LOAD ./Dave/Generated/CMSIS_DSP/ComplexMathFunctions/arm_cmplx_dot_prod_q15.o
LOAD ./Dave/Generated/CMSIS_DSP/ComplexMathFunctions/arm_cmplx_dot_prod_q31.o
LOAD ./Dave/Generated/CMSIS_DSP/ComplexMathFunctions/arm_cmplx_mag_f32.o
LOAD ./Dave/Generated/CMSIS_DSP/ComplexMathFunctions/arm_cmplx_mag_q15.o
LOAD ./Dave/Generated/CMSIS_DSP/ComplexMathFunctions/arm_cmplx_mag_q31.o
LOAD ./Dave/Generated/CMSIS_DSP/ComplexMathFunctions/arm_cmplx_mag_squared_f32.o
LOAD ./Dave/Generated/CMSIS_DSP/ComplexMathFunctions/arm_cmplx_mag_squared_q15.o
LOAD ./Dave/Generated/CMSIS_DSP/ComplexMathFunctions/arm_cmplx_mag_squared_q31.o
LOAD ./Dave/Generated/CMSIS_DSP/ComplexMathFunctions/arm_cmplx_mult_cmplx_f32.o
LOAD ./Dave/Generated/CMSIS_DSP/ComplexMathFunctions/arm_cmplx_mult_cmplx_q15.o
LOAD ./Dave/Generated/CMSIS_DSP/ComplexMathFunctions/arm_cmplx_mult_cmplx_q31.o
LOAD ./Dave/Generated/CMSIS_DSP/ComplexMathFunctions/arm_cmplx_mult_real_f32.o
LOAD ./Dave/Generated/CMSIS_DSP/ComplexMathFunctions/arm_cmplx_mult_real_q15.o
LOAD ./Dave/Generated/CMSIS_DSP/ComplexMathFunctions/arm_cmplx_mult_real_q31.o
LOAD ./Dave/Generated/CMSIS_DSP/CommonTables/arm_common_tables.o
LOAD ./Dave/Generated/CMSIS_DSP/CommonTables/arm_const_structs.o
LOAD ./Dave/Generated/CMSIS_DSP/BasicMathFunctions/arm_abs_f32.o
LOAD ./Dave/Generated/CMSIS_DSP/BasicMathFunctions/arm_abs_q15.o
LOAD ./Dave/Generated/CMSIS_DSP/BasicMathFunctions/arm_abs_q31.o
LOAD ./Dave/Generated/CMSIS_DSP/BasicMathFunctions/arm_abs_q7.o
LOAD ./Dave/Generated/CMSIS_DSP/BasicMathFunctions/arm_add_f32.o
LOAD ./Dave/Generated/CMSIS_DSP/BasicMathFunctions/arm_add_q15.o
LOAD ./Dave/Generated/CMSIS_DSP/BasicMathFunctions/arm_add_q31.o
LOAD ./Dave/Generated/CMSIS_DSP/BasicMathFunctions/arm_add_q7.o
LOAD ./Dave/Generated/CMSIS_DSP/BasicMathFunctions/arm_dot_prod_f32.o
LOAD ./Dave/Generated/CMSIS_DSP/BasicMathFunctions/arm_dot_prod_q15.o
LOAD ./Dave/Generated/CMSIS_DSP/BasicMathFunctions/arm_dot_prod_q31.o
LOAD ./Dave/Generated/CMSIS_DSP/BasicMathFunctions/arm_dot_prod_q7.o
LOAD ./Dave/Generated/CMSIS_DSP/BasicMathFunctions/arm_mult_f32.o
LOAD ./Dave/Generated/CMSIS_DSP/BasicMathFunctions/arm_mult_q15.o
LOAD ./Dave/Generated/CMSIS_DSP/BasicMathFunctions/arm_mult_q31.o
LOAD ./Dave/Generated/CMSIS_DSP/BasicMathFunctions/arm_mult_q7.o
LOAD ./Dave/Generated/CMSIS_DSP/BasicMathFunctions/arm_negate_f32.o
LOAD ./Dave/Generated/CMSIS_DSP/BasicMathFunctions/arm_negate_q15.o
LOAD ./Dave/Generated/CMSIS_DSP/BasicMathFunctions/arm_negate_q31.o
LOAD ./Dave/Generated/CMSIS_DSP/BasicMathFunctions/arm_negate_q7.o
LOAD ./Dave/Generated/CMSIS_DSP/BasicMathFunctions/arm_offset_f32.o
LOAD ./Dave/Generated/CMSIS_DSP/BasicMathFunctions/arm_offset_q15.o
LOAD ./Dave/Generated/CMSIS_DSP/BasicMathFunctions/arm_offset_q31.o
LOAD ./Dave/Generated/CMSIS_DSP/BasicMathFunctions/arm_offset_q7.o
LOAD ./Dave/Generated/CMSIS_DSP/BasicMathFunctions/arm_scale_f32.o
LOAD ./Dave/Generated/CMSIS_DSP/BasicMathFunctions/arm_scale_q15.o
LOAD ./Dave/Generated/CMSIS_DSP/BasicMathFunctions/arm_scale_q31.o
LOAD ./Dave/Generated/CMSIS_DSP/BasicMathFunctions/arm_scale_q7.o
LOAD ./Dave/Generated/CMSIS_DSP/BasicMathFunctions/arm_shift_q15.o
LOAD ./Dave/Generated/CMSIS_DSP/BasicMathFunctions/arm_shift_q31.o
LOAD ./Dave/Generated/CMSIS_DSP/BasicMathFunctions/arm_shift_q7.o
LOAD ./Dave/Generated/CMSIS_DSP/BasicMathFunctions/arm_sub_f32.o
LOAD ./Dave/Generated/CMSIS_DSP/BasicMathFunctions/arm_sub_q15.o
LOAD ./Dave/Generated/CMSIS_DSP/BasicMathFunctions/arm_sub_q31.o
LOAD ./Dave/Generated/CMSIS_DSP/BasicMathFunctions/arm_sub_q7.o
LOAD ./Dave/Generated/CMSIS_DSP/cmsis_dsp.o
LOAD ./Dave/Generated/CLOCK_XMC4/clock_xmc4.o
LOAD ./Dave/Generated/CLOCK_XMC4/clock_xmc4_conf.o
LOAD ./Dave/Generated/ADC_MEASUREMENT_ADV/adc_measurement_adv.o
LOAD ./Dave/Generated/ADC_MEASUREMENT_ADV/adc_measurement_adv_conf.o
LOAD ./Dave/Generated/DAVE.o
LOAD ./main.o
LOAD ./probe_scope.o
LOAD c:/program files (x86)/dave/eclipse/arm-gcc-49/bin/../lib/gcc/arm-none-eabi/4.9.3/../../../../arm-none-eabi/lib/armv7e-m/softfp\libm.a
START GROUP
LOAD c:/program files (x86)/dave/eclipse/arm-gcc-49/bin/../lib/gcc/arm-none-eabi/4.9.3/armv7e-m/softfp\libgcc.a
LOAD c:/program files (x86)/dave/eclipse/arm-gcc-49/bin/../lib/gcc/arm-none-eabi/4.9.3/../../../../arm-none-eabi/lib/armv7e-m/softfp\libc_nano.a
END GROUP
START GROUP
LOAD c:/program files (x86)/dave/eclipse/arm-gcc-49/bin/../lib/gcc/arm-none-eabi/4.9.3/armv7e-m/softfp\libgcc.a
LOAD c:/program files (x86)/dave/eclipse/arm-gcc-49/bin/../lib/gcc/arm-none-eabi/4.9.3/../../../../arm-none-eabi/lib/armv7e-m/softfp\libc_nano.a
LOAD c:/program files (x86)/dave/eclipse/arm-gcc-49/bin/../lib/gcc/arm-none-eabi/4.9.3/../../../../arm-none-eabi/lib/armv7e-m/softfp\libnosys.a
END GROUP
START GROUP
LOAD c:/program files (x86)/dave/eclipse/arm-gcc-49/bin/../lib/gcc/arm-none-eabi/4.9.3/armv7e-m/softfp\libgcc.a
LOAD c:/program files (x86)/dave/eclipse/arm-gcc-49/bin/../lib/gcc/arm-none-eabi/4.9.3/../../../../arm-none-eabi/lib/armv7e-m/softfp\libc_nano.a
LOAD c:/program files (x86)/dave/eclipse/arm-gcc-49/bin/../lib/gcc/arm-none-eabi/4.9.3/../../../../arm-none-eabi/lib/armv7e-m/softfp\libnosys.a
END GROUP
                0x00000800                stack_size = DEFINED (stack_size)?stack_size:0x800
                0x00000040                no_init_size = 0x40

.text           0x08000000     0x41c0 load address 0x0c000000
                0x08000000                sText = .
 *(.reset)
 .reset         0x08000000      0x2b4 ./Startup/startup_XMC4500.o
                0x08000000                __Vectors
                0x08000200                Reset_Handler
                0x080002b0                DSD0_7_IRQHandler
                0x080002b0                DebugMon_Handler
                0x080002b0                VADC0_C0_0_IRQHandler
                0x080002b0                CAN0_4_IRQHandler
                0x080002b0                VADC0_G2_0_IRQHandler
                0x080002b0                USIC0_5_IRQHandler
                0x080002b0                POSIF0_0_IRQHandler
                0x080002b0                POSIF1_0_IRQHandler
                0x080002b0                HardFault_Handler
                0x080002b0                VADC0_G1_1_IRQHandler
                0x080002b0                SysTick_Handler
                0x080002b0                PendSV_Handler
                0x080002b0                NMI_Handler
                0x080002b0                USIC1_3_IRQHandler
                0x080002b0                CCU40_2_IRQHandler
                0x080002b0                SCU_0_IRQHandler
                0x080002b0                ERU0_0_IRQHandler
                0x080002b0                CCU41_0_IRQHandler
                0x080002b0                USIC1_5_IRQHandler
                0x080002b0                DSD0_4_IRQHandler
                0x080002b0                CCU80_1_IRQHandler
                0x080002b0                CCU81_0_IRQHandler
                0x080002b0                UsageFault_Handler
                0x080002b0                USIC0_0_IRQHandler
                0x080002b0                POSIF1_1_IRQHandler
                0x080002b0                ERU0_2_IRQHandler
                0x080002b0                CCU81_1_IRQHandler
                0x080002b0                ERU1_1_IRQHandler
                0x080002b0                VADC0_G2_3_IRQHandler
                0x080002b0                VADC0_G2_2_IRQHandler
                0x080002b0                CCU42_3_IRQHandler
                0x080002b0                ERU0_3_IRQHandler
                0x080002b0                DSD0_5_IRQHandler
                0x080002b0                VADC0_C0_3_IRQHandler
                0x080002b0                CAN0_6_IRQHandler
                0x080002b0                CCU43_0_IRQHandler
                0x080002b0                VADC0_G0_1_IRQHandler
                0x080002b0                CCU81_2_IRQHandler
                0x080002b0                USIC2_4_IRQHandler
                0x080002b0                CCU81_3_IRQHandler
                0x080002b0                CCU42_1_IRQHandler
                0x080002b0                USIC1_1_IRQHandler
                0x080002b0                USIC2_5_IRQHandler
                0x080002b0                CCU40_0_IRQHandler
                0x080002b0                CAN0_0_IRQHandler
                0x080002b0                ERU1_0_IRQHandler
                0x080002b0                CCU42_2_IRQHandler
                0x080002b0                Default_Handler
                0x080002b0                USIC1_4_IRQHandler
                0x080002b0                ERU1_3_IRQHandler
                0x080002b0                USIC1_0_IRQHandler
                0x080002b0                POSIF0_1_IRQHandler
                0x080002b0                VADC0_G0_0_IRQHandler
                0x080002b0                DSD0_2_IRQHandler
                0x080002b0                CCU41_3_IRQHandler
                0x080002b0                CCU80_2_IRQHandler
                0x080002b0                VADC0_G1_3_IRQHandler
                0x080002b0                VADC0_G0_3_IRQHandler
                0x080002b0                GPDMA0_0_IRQHandler
                0x080002b0                PMU0_0_IRQHandler
                0x080002b0                CAN0_7_IRQHandler
                0x080002b0                DSD0_1_IRQHandler
                0x080002b0                CCU41_2_IRQHandler
                0x080002b0                VADC0_C0_1_IRQHandler
                0x080002b0                CCU43_2_IRQHandler
                0x080002b0                USIC2_2_IRQHandler
                0x080002b0                MemManage_Handler
                0x080002b0                VADC0_G3_1_IRQHandler
                0x080002b0                DAC0_0_IRQHandler
                0x080002b0                SVC_Handler
                0x080002b0                VADC0_G3_3_IRQHandler
                0x080002b0                ERU1_2_IRQHandler
                0x080002b0                CCU41_1_IRQHandler
                0x080002b0                DSD0_6_IRQHandler
                0x080002b0                CCU43_1_IRQHandler
                0x080002b0                VADC0_G1_2_IRQHandler
                0x080002b0                USIC2_3_IRQHandler
                0x080002b0                CAN0_2_IRQHandler
                0x080002b0                USIC2_0_IRQHandler
                0x080002b0                VADC0_G0_2_IRQHandler
                0x080002b0                VADC0_G2_1_IRQHandler
                0x080002b0                CAN0_3_IRQHandler
                0x080002b0                ETH0_0_IRQHandler
                0x080002b0                USIC0_3_IRQHandler
                0x080002b0                DSD0_0_IRQHandler
                0x080002b0                VADC0_C0_2_IRQHandler
                0x080002b0                CCU42_0_IRQHandler
                0x080002b0                FCE0_0_IRQHandler
                0x080002b0                VADC0_G1_0_IRQHandler
                0x080002b0                USB0_0_IRQHandler
                0x080002b0                CAN0_5_IRQHandler
                0x080002b0                CCU80_0_IRQHandler
                0x080002b0                CCU40_1_IRQHandler
                0x080002b0                USIC2_1_IRQHandler
                0x080002b0                USIC0_1_IRQHandler
                0x080002b0                VADC0_G3_2_IRQHandler
                0x080002b0                CCU40_3_IRQHandler
                0x080002b0                BusFault_Handler
                0x080002b0                LEDTS0_0_IRQHandler
                0x080002b0                USIC0_4_IRQHandler
                0x080002b0                CCU43_3_IRQHandler
                0x080002b0                ERU0_1_IRQHandler
                0x080002b0                VADC0_G3_0_IRQHandler
                0x080002b0                USIC1_2_IRQHandler
                0x080002b0                DSD0_3_IRQHandler
                0x080002b0                SDMMC0_0_IRQHandler
                0x080002b0                CAN0_1_IRQHandler
                0x080002b0                USIC0_2_IRQHandler
                0x080002b0                DAC0_1_IRQHandler
                0x080002b0                GPDMA1_0_IRQHandler
 *(.text .text.* .gnu.linkonce.t.*)
 .text.SystemCoreClockUpdate
                0x080002b4       0x88 ./Startup/system_XMC4500.o
                0x080002b4                SystemCoreClockUpdate
 .text.SystemInit
                0x0800033c       0x30 ./Startup/system_XMC4500.o
                0x0800033c                SystemInit
 .text.XMC_GPIO_Init
                0x0800036c       0x80 ./Libraries/XMCLib/src/xmc4_gpio.o
                0x0800036c                XMC_GPIO_Init
 .text.XMC_SCU_lDelay
                0x080003ec       0x2c ./Libraries/XMCLib/src/xmc4_scu.o
 .text.XMC_SCU_RESET_DeassertPeripheralReset
                0x08000418       0x14 ./Libraries/XMCLib/src/xmc4_scu.o
                0x08000418                XMC_SCU_RESET_DeassertPeripheralReset
 .text.XMC_SCU_RESET_IsPeripheralResetAsserted
                0x0800042c       0x1e ./Libraries/XMCLib/src/xmc4_scu.o
                0x0800042c                XMC_SCU_RESET_IsPeripheralResetAsserted
 *fill*         0x0800044a        0x2 
 .text.XMC_SCU_CLOCK_GetPeripheralClockFrequency
                0x0800044c       0x18 ./Libraries/XMCLib/src/xmc4_scu.o
                0x0800044c                XMC_SCU_CLOCK_GetPeripheralClockFrequency
 .text.XMC_SCU_CLOCK_SetSystemClockSource
                0x08000464       0x14 ./Libraries/XMCLib/src/xmc4_scu.o
                0x08000464                XMC_SCU_CLOCK_SetSystemClockSource
 .text.XMC_SCU_CLOCK_SetUsbClockSource
                0x08000478       0x14 ./Libraries/XMCLib/src/xmc4_scu.o
                0x08000478                XMC_SCU_CLOCK_SetUsbClockSource
 .text.XMC_SCU_CLOCK_SetWdtClockSource
                0x0800048c       0x14 ./Libraries/XMCLib/src/xmc4_scu.o
                0x0800048c                XMC_SCU_CLOCK_SetWdtClockSource
 .text.XMC_SCU_CLOCK_SetSystemPllClockSource
                0x080004a0       0x20 ./Libraries/XMCLib/src/xmc4_scu.o
                0x080004a0                XMC_SCU_CLOCK_SetSystemPllClockSource
 .text.XMC_SCU_HIB_SetRtcClockSource
                0x080004c0       0x20 ./Libraries/XMCLib/src/xmc4_scu.o
                0x080004c0                XMC_SCU_HIB_SetRtcClockSource
 .text.XMC_SCU_HIB_SetStandbyClockSource
                0x080004e0       0x20 ./Libraries/XMCLib/src/xmc4_scu.o
                0x080004e0                XMC_SCU_HIB_SetStandbyClockSource
 .text.XMC_SCU_CLOCK_SetSystemClockDivider
                0x08000500       0x14 ./Libraries/XMCLib/src/xmc4_scu.o
                0x08000500                XMC_SCU_CLOCK_SetSystemClockDivider
 .text.XMC_SCU_CLOCK_SetCcuClockDivider
                0x08000514       0x14 ./Libraries/XMCLib/src/xmc4_scu.o
                0x08000514                XMC_SCU_CLOCK_SetCcuClockDivider
 .text.XMC_SCU_CLOCK_SetCpuClockDivider
                0x08000528       0x14 ./Libraries/XMCLib/src/xmc4_scu.o
                0x08000528                XMC_SCU_CLOCK_SetCpuClockDivider
 .text.XMC_SCU_CLOCK_SetPeripheralClockDivider
                0x0800053c       0x14 ./Libraries/XMCLib/src/xmc4_scu.o
                0x0800053c                XMC_SCU_CLOCK_SetPeripheralClockDivider
 .text.XMC_SCU_CLOCK_SetUsbClockDivider
                0x08000550       0x14 ./Libraries/XMCLib/src/xmc4_scu.o
                0x08000550                XMC_SCU_CLOCK_SetUsbClockDivider
 .text.XMC_SCU_CLOCK_SetEbuClockDivider
                0x08000564       0x14 ./Libraries/XMCLib/src/xmc4_scu.o
                0x08000564                XMC_SCU_CLOCK_SetEbuClockDivider
 .text.XMC_SCU_CLOCK_SetWdtClockDivider
                0x08000578       0x14 ./Libraries/XMCLib/src/xmc4_scu.o
                0x08000578                XMC_SCU_CLOCK_SetWdtClockDivider
 .text.XMC_SCU_CLOCK_EnableClock
                0x0800058c        0xc ./Libraries/XMCLib/src/xmc4_scu.o
                0x0800058c                XMC_SCU_CLOCK_EnableClock
 .text.XMC_SCU_CLOCK_StartUsbPll
                0x08000598       0x44 ./Libraries/XMCLib/src/xmc4_scu.o
                0x08000598                XMC_SCU_CLOCK_StartUsbPll
 .text.XMC_SCU_CLOCK_SetBackupClockCalibrationMode
                0x080005dc       0x34 ./Libraries/XMCLib/src/xmc4_scu.o
                0x080005dc                XMC_SCU_CLOCK_SetBackupClockCalibrationMode
 .text.XMC_SCU_HIB_EnableHibernateDomain
                0x08000610       0x34 ./Libraries/XMCLib/src/xmc4_scu.o
                0x08000610                XMC_SCU_HIB_EnableHibernateDomain
 .text.XMC_SCU_CLOCK_IsLowPowerOscillatorStable
                0x08000644       0x14 ./Libraries/XMCLib/src/xmc4_scu.o
                0x08000644                XMC_SCU_CLOCK_IsLowPowerOscillatorStable
 .text.XMC_SCU_CLOCK_EnableLowPowerOscillator
                0x08000658       0x44 ./Libraries/XMCLib/src/xmc4_scu.o
                0x08000658                XMC_SCU_CLOCK_EnableLowPowerOscillator
 .text.XMC_SCU_CLOCK_EnableHighPerformanceOscillator
                0x0800069c       0x40 ./Libraries/XMCLib/src/xmc4_scu.o
                0x0800069c                XMC_SCU_CLOCK_EnableHighPerformanceOscillator
 .text.XMC_SCU_CLOCK_IsHighPerformanceOscillatorStable
                0x080006dc       0x18 ./Libraries/XMCLib/src/xmc4_scu.o
                0x080006dc                XMC_SCU_CLOCK_IsHighPerformanceOscillatorStable
 .text.XMC_SCU_CLOCK_EnableSystemPll
                0x080006f4       0x14 ./Libraries/XMCLib/src/xmc4_scu.o
                0x080006f4                XMC_SCU_CLOCK_EnableSystemPll
 .text.XMC_SCU_CLOCK_DisableSystemPll
                0x08000708       0x14 ./Libraries/XMCLib/src/xmc4_scu.o
                0x08000708                XMC_SCU_CLOCK_DisableSystemPll
 .text.XMC_SCU_CLOCK_StepSystemPllFrequency
                0x0800071c       0x1c ./Libraries/XMCLib/src/xmc4_scu.o
                0x0800071c                XMC_SCU_CLOCK_StepSystemPllFrequency
 .text.XMC_SCU_CLOCK_StartSystemPll
                0x08000738       0xe8 ./Libraries/XMCLib/src/xmc4_scu.o
                0x08000738                XMC_SCU_CLOCK_StartSystemPll
 .text.XMC_SCU_CLOCK_Init
                0x08000820       0x8a ./Libraries/XMCLib/src/xmc4_scu.o
                0x08000820                XMC_SCU_CLOCK_Init
 *fill*         0x080008aa        0x2 
 .text.XMC_CCU8_EnableModule
                0x080008ac       0x30 ./Libraries/XMCLib/src/xmc_ccu8.o
                0x080008ac                XMC_CCU8_EnableModule
 .text.XMC_CCU8_Init
                0x080008dc       0x20 ./Libraries/XMCLib/src/xmc_ccu8.o
                0x080008dc                XMC_CCU8_Init
 .text.XMC_CCU8_SLICE_CompareInit
                0x080008fc       0x36 ./Libraries/XMCLib/src/xmc_ccu8.o
                0x080008fc                XMC_CCU8_SLICE_CompareInit
 .text.XMC_CCU8_SLICE_SetTimerPeriodMatch
                0x08000932        0x4 ./Libraries/XMCLib/src/xmc_ccu8.o
                0x08000932                XMC_CCU8_SLICE_SetTimerPeriodMatch
 .text.XMC_CCU8_SLICE_SetTimerCompareMatch
                0x08000936        0xa ./Libraries/XMCLib/src/xmc_ccu8.o
                0x08000936                XMC_CCU8_SLICE_SetTimerCompareMatch
 .text.XMC_CCU8_SLICE_SetInterruptNode
                0x08000940       0x34 ./Libraries/XMCLib/src/xmc_ccu8.o
                0x08000940                XMC_CCU8_SLICE_SetInterruptNode
 .text.XMC_DAC_CH_Init
                0x08000974       0x2c ./Libraries/XMCLib/src/xmc_dac.o
                0x08000974                XMC_DAC_CH_Init
 .text.XMC_DAC_CH_SetFrequency
                0x080009a0       0x34 ./Libraries/XMCLib/src/xmc_dac.o
                0x080009a0                XMC_DAC_CH_SetFrequency
 .text.XMC_DAC_CH_SetRampFrequency
                0x080009d4       0x22 ./Libraries/XMCLib/src/xmc_dac.o
                0x080009d4                XMC_DAC_CH_SetRampFrequency
 .text.XMC_DAC_CH_StartSingleValueMode
                0x080009f6       0x14 ./Libraries/XMCLib/src/xmc_dac.o
                0x080009f6                XMC_DAC_CH_StartSingleValueMode
 .text.XMC_DAC_CH_StartDataMode
                0x08000a0a       0x38 ./Libraries/XMCLib/src/xmc_dac.o
                0x08000a0a                XMC_DAC_CH_StartDataMode
 .text.XMC_DAC_CH_StartRampMode
                0x08000a42       0x64 ./Libraries/XMCLib/src/xmc_dac.o
                0x08000a42                XMC_DAC_CH_StartRampMode
 .text.XMC_DAC_CH_StartNoiseMode
                0x08000aa6       0x38 ./Libraries/XMCLib/src/xmc_dac.o
                0x08000aa6                XMC_DAC_CH_StartNoiseMode
 .text.XMC_DAC_CH_SetPattern
                0x08000ade       0x3c ./Libraries/XMCLib/src/xmc_dac.o
                0x08000ade                XMC_DAC_CH_SetPattern
 .text.XMC_DAC_CH_StartPatternMode
                0x08000b1a       0x64 ./Libraries/XMCLib/src/xmc_dac.o
                0x08000b1a                XMC_DAC_CH_StartPatternMode
 .text.XMC_GPIO_SetHardwareControl
                0x08000b7e       0x1a ./Libraries/XMCLib/src/xmc_gpio.o
                0x08000b7e                XMC_GPIO_SetHardwareControl
 .text.XMC_VADC_GLOBAL_EnableModule
                0x08000b98        0x6 ./Libraries/XMCLib/src/xmc_vadc.o
                0x08000b98                XMC_VADC_GLOBAL_EnableModule
 .text.XMC_VADC_GLOBAL_Init
                0x08000b9e       0x32 ./Libraries/XMCLib/src/xmc_vadc.o
                0x08000b9e                XMC_VADC_GLOBAL_Init
 .text.XMC_VADC_GLOBAL_StartupCalibration
                0x08000bd0       0x34 ./Libraries/XMCLib/src/xmc_vadc.o
                0x08000bd0                XMC_VADC_GLOBAL_StartupCalibration
 .text.XMC_VADC_GROUP_InputClassInit
                0x08000c04       0x48 ./Libraries/XMCLib/src/xmc_vadc.o
                0x08000c04                XMC_VADC_GROUP_InputClassInit
 .text.XMC_VADC_GROUP_Init
                0x08000c4c       0x7c ./Libraries/XMCLib/src/xmc_vadc.o
                0x08000c4c                XMC_VADC_GROUP_Init
 .text.XMC_VADC_GROUP_SetPowerMode
                0x08000cc8       0x10 ./Libraries/XMCLib/src/xmc_vadc.o
                0x08000cc8                XMC_VADC_GROUP_SetPowerMode
 .text.XMC_VADC_GROUP_SetSyncSlave
                0x08000cd8       0x16 ./Libraries/XMCLib/src/xmc_vadc.o
                0x08000cd8                XMC_VADC_GROUP_SetSyncSlave
 .text.XMC_VADC_GROUP_SetSyncMaster
                0x08000cee        0xe ./Libraries/XMCLib/src/xmc_vadc.o
                0x08000cee                XMC_VADC_GROUP_SetSyncMaster
 .text.XMC_VADC_GROUP_CheckSlaveReadiness
                0x08000cfc       0x3c ./Libraries/XMCLib/src/xmc_vadc.o
                0x08000cfc                XMC_VADC_GROUP_CheckSlaveReadiness
 .text.XMC_VADC_GROUP_QueueInit
                0x08000d38       0x62 ./Libraries/XMCLib/src/xmc_vadc.o
                0x08000d38                XMC_VADC_GROUP_QueueInit
 .text.XMC_VADC_GROUP_QueueSetReqSrcEventInterruptNode
                0x08000d9a       0x10 ./Libraries/XMCLib/src/xmc_vadc.o
                0x08000d9a                XMC_VADC_GROUP_QueueSetReqSrcEventInterruptNode
 .text.XMC_VADC_GROUP_ChannelInit
                0x08000daa       0x6a ./Libraries/XMCLib/src/xmc_vadc.o
                0x08000daa                XMC_VADC_GROUP_ChannelInit
 .text._init    0x08000e14        0x2 ./Libraries/Newlib/syscalls.o
                0x08000e14                _init
 .text.PWM_lCCU8_ConfigInterrupts
                0x08000e16       0x4a ./Dave/Generated/PWM/pwm.o
                0x08000e16                PWM_lCCU8_ConfigInterrupts
 .text.PWM_lCCU8_Start
                0x08000e60       0x2a ./Dave/Generated/PWM/pwm.o
                0x08000e60                PWM_lCCU8_Start
 .text.PWM_lCCU8_Stop
                0x08000e8a       0x2c ./Dave/Generated/PWM/pwm.o
                0x08000e8a                PWM_lCCU8_Stop
 .text.PWM_lCCU8_SetDutyCycle
                0x08000eb6       0x40 ./Dave/Generated/PWM/pwm.o
                0x08000eb6                PWM_lCCU8_SetDutyCycle
 .text.PWM_Start
                0x08000ef6        0xe ./Dave/Generated/PWM/pwm.o
                0x08000ef6                PWM_Start
 .text.PWM_lCCU8_Init
                0x08000f04       0x66 ./Dave/Generated/PWM/pwm.o
                0x08000f04                PWM_lCCU8_Init
 .text.PWM_Init
                0x08000f6a       0x10 ./Dave/Generated/PWM/pwm.o
                0x08000f6a                PWM_Init
 .text.PWM_Stop
                0x08000f7a        0xe ./Dave/Generated/PWM/pwm.o
                0x08000f7a                PWM_Stop
 .text.PWM_SetDutyCycle
                0x08000f88       0x10 ./Dave/Generated/PWM/pwm.o
                0x08000f88                PWM_SetDutyCycle
 .text.INTERRUPT_Init
                0x08000f98       0x90 ./Dave/Generated/INTERRUPT/interrupt.o
                0x08000f98                INTERRUPT_Init
 .text.GLOBAL_CCU8_Init
                0x08001028       0x22 ./Dave/Generated/GLOBAL_CCU8/global_ccu8.o
                0x08001028                GLOBAL_CCU8_Init
 .text.GLOBAL_ADC_Init
                0x0800104a       0x62 ./Dave/Generated/GLOBAL_ADC/global_adc.o
                0x0800104a                GLOBAL_ADC_Init
 .text.DIGITAL_IO_Init
                0x080010ac       0x1c ./Dave/Generated/DIGITAL_IO/digital_io.o
                0x080010ac                DIGITAL_IO_Init
 .text.DAC_ModeConfig
                0x080010c8       0xdc ./Dave/Generated/DAC/dac.o
                0x080010c8                DAC_ModeConfig
 .text.DAC_Init
                0x080011a4       0x48 ./Dave/Generated/DAC/dac.o
                0x080011a4                DAC_Init
 .text.SystemCoreSetup
                0x080011ec       0x78 ./Dave/Generated/CPU_CTRL_XMC4/cpu_ctrl_xmc4_conf.o
                0x080011ec                SystemCoreSetup
 .text.arm_cos_f32
                0x08001264       0x84 ./Dave/Generated/CMSIS_DSP/FastMathFunctions/arm_cos_f32.o
                0x08001264                arm_cos_f32
 .text.arm_sin_f32
                0x080012e8       0x9c ./Dave/Generated/CMSIS_DSP/FastMathFunctions/arm_sin_f32.o
                0x080012e8                arm_sin_f32
 .text.CLOCK_XMC4_Init
                0x08001384        0x8 ./Dave/Generated/CLOCK_XMC4/clock_xmc4.o
                0x08001384                CLOCK_XMC4_Init
 .text.OSCHP_GetFrequency
                0x0800138c        0x8 ./Dave/Generated/CLOCK_XMC4/clock_xmc4.o
                0x0800138c                OSCHP_GetFrequency
 .text.SystemCoreClockSetup
                0x08001394       0x4c ./Dave/Generated/CLOCK_XMC4/clock_xmc4_conf.o
                0x08001394                SystemCoreClockSetup
 .text.ADC_MEASUREMENT_ADV_lQueueInsertEntries
                0x080013e0       0x28 ./Dave/Generated/ADC_MEASUREMENT_ADV/adc_measurement_adv.o
 .text.ADC_MEASUREMENT_ADV_lSyncADCClocks
                0x08001408       0x64 ./Dave/Generated/ADC_MEASUREMENT_ADV/adc_measurement_adv.o
                0x08001408                ADC_MEASUREMENT_ADV_lSyncADCClocks
 .text.ADC_MEASUREMENT_ADV_StartADC
                0x0800146c       0x1c ./Dave/Generated/ADC_MEASUREMENT_ADV/adc_measurement_adv.o
                0x0800146c                ADC_MEASUREMENT_ADV_StartADC
 .text.ADC_MEASUREMENT_ADC_lNvicEnable
                0x08001488       0x30 ./Dave/Generated/ADC_MEASUREMENT_ADV/adc_measurement_adv.o
                0x08001488                ADC_MEASUREMENT_ADC_lNvicEnable
 .text.ADC_MEASUREMENT_ADV_Init
                0x080014b8      0x168 ./Dave/Generated/ADC_MEASUREMENT_ADV/adc_measurement_adv.o
                0x080014b8                ADC_MEASUREMENT_ADV_Init
 .text.DAVE_Init
                0x08001620      0x120 ./Dave/Generated/DAVE.o
                0x08001620                DAVE_Init
 .text.DIGITAL_IO_SetOutputHigh
                0x08001740        0xc ./main.o
 .text.DIGITAL_IO_SetOutputLow
                0x0800174c        0xe ./main.o
 .text.fw_integ
                0x0800175a       0x52 ./main.o
                0x0800175a                fw_integ
 .text.AB_dq    0x080017ac       0x66 ./main.o
                0x080017ac                AB_dq
 .text.dq_AB    0x08001812       0x4e ./main.o
                0x08001812                dq_AB
 .text.LPF1     0x08001860       0x34 ./main.o
                0x08001860                LPF1
 .text.PI_TR_p  0x08001894       0x74 ./main.o
                0x08001894                PI_TR_p
 .text.QSG      0x08001908       0x4a ./main.o
                0x08001908                QSG
 *fill*         0x08001952        0x6 
 .text.Calc_prStruct
                0x08001958       0xd8 ./main.o
                0x08001958                Calc_prStruct
 .text.no_fault
                0x08001a30       0xb0 ./main.o
                0x08001a30                no_fault
 .text.ConverterStateMachine
                0x08001ae0      0x29c ./main.o
                0x08001ae0                ConverterStateMachine
 *fill*         0x08001d7c        0x4 
 .text.CCU80_3_IRQHandler
                0x08001d80      0x6c8 ./main.o
                0x08001d80                CCU80_3_IRQHandler
 .text.startup.main
                0x08002448       0xb8 ./main.o
                0x08002448                main
 .text.ProbeScope_SamplePosNext
                0x08002500       0x20 ./probe_scope.o
 .text.ProbeScope_SampleCh
                0x08002520       0xc4 ./probe_scope.o
 .text.ProbeScope_SampleChAll
                0x080025e4       0x58 ./probe_scope.o
 .text.ProbeScope_ModeTrig
                0x0800263c      0x470 ./probe_scope.o
 .text.ProbeScope_Init
                0x08002aac      0x108 ./probe_scope.o
                0x08002aac                ProbeScope_Init
 .text.ProbeScope_Sampling
                0x08002bb4       0x94 ./probe_scope.o
                0x08002bb4                ProbeScope_Sampling
 .text.fmaxf    0x08002c48       0x4c c:/program files (x86)/dave/eclipse/arm-gcc-49/bin/../lib/gcc/arm-none-eabi/4.9.3/../../../../arm-none-eabi/lib/armv7e-m/softfp\libm.a(lib_a-sf_fmax.o)
                0x08002c48                fmaxf
 .text.fminf    0x08002c94       0x4c c:/program files (x86)/dave/eclipse/arm-gcc-49/bin/../lib/gcc/arm-none-eabi/4.9.3/../../../../arm-none-eabi/lib/armv7e-m/softfp\libm.a(lib_a-sf_fmin.o)
                0x08002c94                fminf
 .text.__fpclassifyf
                0x08002ce0       0x34 c:/program files (x86)/dave/eclipse/arm-gcc-49/bin/../lib/gcc/arm-none-eabi/4.9.3/../../../../arm-none-eabi/lib/armv7e-m/softfp\libm.a(lib_a-sf_fpclassify.o)
                0x08002ce0                __fpclassifyf
 .text          0x08002d14      0x370 c:/program files (x86)/dave/eclipse/arm-gcc-49/bin/../lib/gcc/arm-none-eabi/4.9.3/armv7e-m/softfp\libgcc.a(_arm_addsubdf3.o)
                0x08002d14                __aeabi_drsub
                0x08002d1c                __aeabi_dsub
                0x08002d1c                __subdf3
                0x08002d20                __aeabi_dadd
                0x08002d20                __adddf3
                0x08002f98                __floatunsidf
                0x08002f98                __aeabi_ui2d
                0x08002fb8                __floatsidf
                0x08002fb8                __aeabi_i2d
                0x08002fdc                __aeabi_f2d
                0x08002fdc                __extendsfdf2
                0x08003018                __floatundidf
                0x08003018                __aeabi_ul2d
                0x08003028                __floatdidf
                0x08003028                __aeabi_l2d
 .text          0x08003084      0x424 c:/program files (x86)/dave/eclipse/arm-gcc-49/bin/../lib/gcc/arm-none-eabi/4.9.3/armv7e-m/softfp\libgcc.a(_arm_muldivdf3.o)
                0x08003084                __aeabi_dmul
                0x08003084                __muldf3
                0x080032d8                __divdf3
                0x080032d8                __aeabi_ddiv
 .text          0x080034a8       0xa0 c:/program files (x86)/dave/eclipse/arm-gcc-49/bin/../lib/gcc/arm-none-eabi/4.9.3/armv7e-m/softfp\libgcc.a(_arm_truncdfsf2.o)
                0x080034a8                __truncdfsf2
                0x080034a8                __aeabi_d2f
 .text.__libc_init_array
                0x08003548       0x4c c:/program files (x86)/dave/eclipse/arm-gcc-49/bin/../lib/gcc/arm-none-eabi/4.9.3/../../../../arm-none-eabi/lib/armv7e-m/softfp\libc_nano.a(lib_a-init.o)
                0x08003548                __libc_init_array
 *(.init)
 *(.fini)
 *crtbegin.o(.ctors)
 *crtbegin?.o(.ctors)
 *(EXCLUDE_FILE(*crtend.o *crtend?.o) .ctors)
 *(SORT(.ctors.*))
 *(.ctors)
 *crtbegin.o(.dtors)
 *crtbegin?.o(.dtors)
 *(EXCLUDE_FILE(*crtend.o *crtend?.o) .dtors)
 *(SORT(.dtors.*))
 *(.dtors)
 *(.rodata .rodata.*)
 .rodata.CSWTCH.42
                0x08003594       0x14 ./Libraries/XMCLib/src/xmc_ccu8.o
 .rodata.CSWTCH.43
                0x080035a8        0xa ./Libraries/XMCLib/src/xmc_ccu8.o
 *fill*         0x080035b2        0x2 
 .rodata.g_xmc_vadc_group_array
                0x080035b4       0x10 ./Libraries/XMCLib/src/xmc_vadc.o
 .rodata.PWM_a_gpio_out_config
                0x080035c4        0xc ./Dave/Generated/PWM/pwm_conf.o
                0x080035c4                PWM_a_gpio_out_config
 .rodata.PWM_c_gpio_out_config
                0x080035d0        0xc ./Dave/Generated/PWM/pwm_conf.o
                0x080035d0                PWM_c_gpio_out_config
 .rodata.PWM_update_gpio_out_config
                0x080035dc        0xc ./Dave/Generated/PWM/pwm_conf.o
                0x080035dc                PWM_update_gpio_out_config
 .rodata.PWM_update_compare_config
                0x080035e8       0x10 ./Dave/Generated/PWM/pwm_conf.o
                0x080035e8                PWM_update_compare_config
 .rodata.PWM_b_compare_config
                0x080035f8       0x10 ./Dave/Generated/PWM/pwm_conf.o
                0x080035f8                PWM_b_compare_config
 .rodata.PWM_b_gpio_out_config
                0x08003608        0xc ./Dave/Generated/PWM/pwm_conf.o
                0x08003608                PWM_b_gpio_out_config
 .rodata.PWM_c_compare_config
                0x08003614       0x10 ./Dave/Generated/PWM/pwm_conf.o
                0x08003614                PWM_c_compare_config
 .rodata.PWM_a_compare_config
                0x08003624       0x10 ./Dave/Generated/PWM/pwm_conf.o
                0x08003624                PWM_a_compare_config
 .rodata.LOOP_CYCLE
                0x08003634        0x4 ./Dave/Generated/INTERRUPT/interrupt_conf.o
                0x08003634                LOOP_CYCLE
 .rodata.group_init_handle0
                0x08003638       0x14 ./Dave/Generated/GLOBAL_ADC/global_adc_conf.o
                0x08003638                group_init_handle0
 .rodata.group_init_handle1
                0x0800364c       0x14 ./Dave/Generated/GLOBAL_ADC/global_adc_conf.o
                0x0800364c                group_init_handle1
 .rodata.group_init_handle3
                0x08003660       0x14 ./Dave/Generated/GLOBAL_ADC/global_adc_conf.o
                0x08003660                group_init_handle3
 .rodata.global_config
                0x08003674       0x18 ./Dave/Generated/GLOBAL_ADC/global_adc_conf.o
                0x08003674                global_config
 .rodata.group_init_handle2
                0x0800368c       0x14 ./Dave/Generated/GLOBAL_ADC/global_adc_conf.o
                0x0800368c                group_init_handle2
 .rodata.P_1_0  0x080036a0       0x14 ./Dave/Generated/DIGITAL_IO/digital_io_conf.o
                0x080036a0                P_1_0
 .rodata.P_1_1  0x080036b4       0x14 ./Dave/Generated/DIGITAL_IO/digital_io_conf.o
                0x080036b4                P_1_1
 .rodata.SSR1   0x080036c8       0x14 ./Dave/Generated/DIGITAL_IO/digital_io_conf.o
                0x080036c8                SSR1
 .rodata.SSR2   0x080036dc       0x14 ./Dave/Generated/DIGITAL_IO/digital_io_conf.o
                0x080036dc                SSR2
 .rodata.Button_1
                0x080036f0       0x14 ./Dave/Generated/DIGITAL_IO/digital_io_conf.o
                0x080036f0                Button_1
 .rodata.P_0_9  0x08003704       0x14 ./Dave/Generated/DIGITAL_IO/digital_io_conf.o
                0x08003704                P_0_9
 .rodata.FAULT_RST
                0x08003718       0x14 ./Dave/Generated/DIGITAL_IO/digital_io_conf.o
                0x08003718                FAULT_RST
 .rodata.ENABLE
                0x0800372c       0x14 ./Dave/Generated/DIGITAL_IO/digital_io_conf.o
                0x0800372c                ENABLE
 .rodata.EN_1   0x08003740       0x14 ./Dave/Generated/DIGITAL_IO/digital_io_conf.o
                0x08003740                EN_1
 .rodata.EN_2   0x08003754       0x14 ./Dave/Generated/DIGITAL_IO/digital_io_conf.o
                0x08003754                EN_2
 .rodata.EN_3   0x08003768       0x14 ./Dave/Generated/DIGITAL_IO/digital_io_conf.o
                0x08003768                EN_3
 .rodata.FAULT_IN
                0x0800377c       0x14 ./Dave/Generated/DIGITAL_IO/digital_io_conf.o
                0x0800377c                FAULT_IN
 .rodata.sinTable_f32
                0x08003790      0x804 ./Dave/Generated/CMSIS_DSP/CommonTables/arm_common_tables.o
                0x08003790                sinTable_f32
 .rodata        0x08003f94       0x14 ./Dave/Generated/CLOCK_XMC4/clock_xmc4_conf.o
 .rodata.group_ptrs
                0x08003fa8       0x10 ./Dave/Generated/ADC_MEASUREMENT_ADV/adc_measurement_adv.o
                0x08003fa8                group_ptrs
 .rodata.ADC_MEASUREMENT_2_V2_1_queue_entry_0
                0x08003fb8        0x4 ./Dave/Generated/ADC_MEASUREMENT_ADV/adc_measurement_adv_conf.o
 .rodata.ADC_MEASUREMENT_3_V3_1_res_config
                0x08003fbc        0x4 ./Dave/Generated/ADC_MEASUREMENT_ADV/adc_measurement_adv_conf.o
 .rodata.ADC_MEASUREMENT_1_V1_4_queue_entry_3
                0x08003fc0        0x4 ./Dave/Generated/ADC_MEASUREMENT_ADV/adc_measurement_adv_conf.o
 .rodata.ADC_MEASUREMENT_1_V1_2_res_config
                0x08003fc4        0x4 ./Dave/Generated/ADC_MEASUREMENT_ADV/adc_measurement_adv_conf.o
 .rodata.ADC_MEASUREMENT_2_queue_handle
                0x08003fc8       0x1c ./Dave/Generated/ADC_MEASUREMENT_ADV/adc_measurement_adv_conf.o
 .rodata.ADC_MEASUREMENT_1_V1_2_queue_entry_1
                0x08003fe4        0x4 ./Dave/Generated/ADC_MEASUREMENT_ADV/adc_measurement_adv_conf.o
 .rodata.ADC_MEASUREMENT_1_V1_2_ch_config
                0x08003fe8        0xc ./Dave/Generated/ADC_MEASUREMENT_ADV/adc_measurement_adv_conf.o
 .rodata.ADC_MEASUREMENT_1_V1_1_queue_entry_0
                0x08003ff4        0x4 ./Dave/Generated/ADC_MEASUREMENT_ADV/adc_measurement_adv_conf.o
 .rodata.ADC_MEASUREMENT_2_V2_2_handle
                0x08003ff8        0xc ./Dave/Generated/ADC_MEASUREMENT_ADV/adc_measurement_adv_conf.o
                0x08003ff8                ADC_MEASUREMENT_2_V2_2_handle
 .rodata.ADC_MEASUREMENT_3_V3_1_queue_entry_0
                0x08004004        0x4 ./Dave/Generated/ADC_MEASUREMENT_ADV/adc_measurement_adv_conf.o
 .rodata.ADC_MEASUREMENT_2_V2_2_res_config
                0x08004008        0x4 ./Dave/Generated/ADC_MEASUREMENT_ADV/adc_measurement_adv_conf.o
 .rodata.ADC_MEASUREMENT_1_V1_4_handle
                0x0800400c        0xc ./Dave/Generated/ADC_MEASUREMENT_ADV/adc_measurement_adv_conf.o
                0x0800400c                ADC_MEASUREMENT_1_V1_4_handle
 .rodata.ADC_MEASUREMENT_3_V3_1_ch_config
                0x08004018        0xc ./Dave/Generated/ADC_MEASUREMENT_ADV/adc_measurement_adv_conf.o
 .rodata.ADC_MEASUREMENT_1_V1_1_handle
                0x08004024        0xc ./Dave/Generated/ADC_MEASUREMENT_ADV/adc_measurement_adv_conf.o
                0x08004024                ADC_MEASUREMENT_1_V1_1_handle
 .rodata.ADC_MEASUREMENT_1_V1_1_ch_config
                0x08004030        0xc ./Dave/Generated/ADC_MEASUREMENT_ADV/adc_measurement_adv_conf.o
 .rodata.ADC_MEASUREMENT_2_V2_1_ch_config
                0x0800403c        0xc ./Dave/Generated/ADC_MEASUREMENT_ADV/adc_measurement_adv_conf.o
 .rodata.ADC_MEASUREMENT_2_V2_1_res_config
                0x08004048        0x4 ./Dave/Generated/ADC_MEASUREMENT_ADV/adc_measurement_adv_conf.o
 .rodata.ADC_MEASUREMENT_2_V2_1_handle
                0x0800404c        0xc ./Dave/Generated/ADC_MEASUREMENT_ADV/adc_measurement_adv_conf.o
                0x0800404c                ADC_MEASUREMENT_2_V2_1_handle
 .rodata.ADC_MEASUREMENT_1_V1_4_ch_config
                0x08004058        0xc ./Dave/Generated/ADC_MEASUREMENT_ADV/adc_measurement_adv_conf.o
 .rodata.ADC_MEASUREMENT_1_queue_config
                0x08004064        0xc ./Dave/Generated/ADC_MEASUREMENT_ADV/adc_measurement_adv_conf.o
 .rodata.ADC_MEASUREMENT_1_V1_3_res_config
                0x08004070        0x4 ./Dave/Generated/ADC_MEASUREMENT_ADV/adc_measurement_adv_conf.o
 .rodata.ADC_MEASUREMENT_1_V1_3_handle
                0x08004074        0xc ./Dave/Generated/ADC_MEASUREMENT_ADV/adc_measurement_adv_conf.o
                0x08004074                ADC_MEASUREMENT_1_V1_3_handle
 .rodata.ADC_MEASUREMENT_1_V1_1_res_config
                0x08004080        0x4 ./Dave/Generated/ADC_MEASUREMENT_ADV/adc_measurement_adv_conf.o
 .rodata.ADC_MEASUREMENT_2_V2_3_handle
                0x08004084        0xc ./Dave/Generated/ADC_MEASUREMENT_ADV/adc_measurement_adv_conf.o
                0x08004084                ADC_MEASUREMENT_2_V2_3_handle
 .rodata.ADC_MEASUREMENT_2_V2_2_queue_entry_1
                0x08004090        0x4 ./Dave/Generated/ADC_MEASUREMENT_ADV/adc_measurement_adv_conf.o
 .rodata.ADC_MEASUREMENT_1_V1_3_queue_entry_2
                0x08004094        0x4 ./Dave/Generated/ADC_MEASUREMENT_ADV/adc_measurement_adv_conf.o
 .rodata.ADC_MEASUREMENT_3_queue_handle
                0x08004098       0x1c ./Dave/Generated/ADC_MEASUREMENT_ADV/adc_measurement_adv_conf.o
 .rodata.ADC_MEASUREMENT_2_V2_3_res_config
                0x080040b4        0x4 ./Dave/Generated/ADC_MEASUREMENT_ADV/adc_measurement_adv_conf.o
 .rodata.ADC_MEASUREMENT_2_V2_2_ch_config
                0x080040b8        0xc ./Dave/Generated/ADC_MEASUREMENT_ADV/adc_measurement_adv_conf.o
 .rodata.ADC_MEASUREMENT_2_V2_3_queue_entry_2
                0x080040c4        0x4 ./Dave/Generated/ADC_MEASUREMENT_ADV/adc_measurement_adv_conf.o
 .rodata.ADC_MEASUREMENT_1_V1_2_handle
                0x080040c8        0xc ./Dave/Generated/ADC_MEASUREMENT_ADV/adc_measurement_adv_conf.o
                0x080040c8                ADC_MEASUREMENT_1_V1_2_handle
 .rodata.ADC_MEASUREMENT_2_V2_3_ch_config
                0x080040d4        0xc ./Dave/Generated/ADC_MEASUREMENT_ADV/adc_measurement_adv_conf.o
 .rodata.ADC_MEASUREMENT_1_V1_3_ch_config
                0x080040e0        0xc ./Dave/Generated/ADC_MEASUREMENT_ADV/adc_measurement_adv_conf.o
 .rodata.ADC_MEASUREMENT_1
                0x080040ec       0x1c ./Dave/Generated/ADC_MEASUREMENT_ADV/adc_measurement_adv_conf.o
                0x080040ec                ADC_MEASUREMENT_1
 .rodata.ADC_MEASUREMENT_2
                0x08004108       0x1c ./Dave/Generated/ADC_MEASUREMENT_ADV/adc_measurement_adv_conf.o
                0x08004108                ADC_MEASUREMENT_2
 .rodata.ADC_MEASUREMENT_3
                0x08004124       0x1c ./Dave/Generated/ADC_MEASUREMENT_ADV/adc_measurement_adv_conf.o
                0x08004124                ADC_MEASUREMENT_3
 .rodata.ADC_MEASUREMENT_3_V3_1_handle
                0x08004140        0xc ./Dave/Generated/ADC_MEASUREMENT_ADV/adc_measurement_adv_conf.o
                0x08004140                ADC_MEASUREMENT_3_V3_1_handle
 .rodata.ADC_MEASUREMENT_1_V1_4_res_config
                0x0800414c        0x4 ./Dave/Generated/ADC_MEASUREMENT_ADV/adc_measurement_adv_conf.o
 .rodata.ADC_MEASUREMENT_3_queue_config
                0x08004150        0xc ./Dave/Generated/ADC_MEASUREMENT_ADV/adc_measurement_adv_conf.o
 .rodata.ADC_MEASUREMENT_2_queue_config
                0x0800415c        0xc ./Dave/Generated/ADC_MEASUREMENT_ADV/adc_measurement_adv_conf.o
 .rodata.ADC_MEASUREMENT_1_queue_handle
                0x08004168       0x1c ./Dave/Generated/ADC_MEASUREMENT_ADV/adc_measurement_adv_conf.o
 .rodata.LPF_K_1
                0x08004184        0xc ./main.o
                0x08004184                LPF_K_1
 .rodata.LPF_K_10
                0x08004190        0xc ./main.o
                0x08004190                LPF_K_10
 .rodata.LPF_K_500
                0x0800419c        0xc ./main.o
                0x0800419c                LPF_K_500
 .rodata.LPF_K_1500
                0x080041a8        0xc ./main.o
                0x080041a8                LPF_K_1500
 .rodata.LPF_K_100
                0x080041b4        0xc ./main.o
                0x080041b4                LPF_K_100
 *(.gnu.linkonce.r*)
 *(vtable)
                0x080041c0                . = ALIGN (0x4)

.glue_7         0x080041c0        0x0 load address 0x0c0041c0
 .glue_7        0x00000000        0x0 linker stubs

.glue_7t        0x080041c0        0x0 load address 0x0c0041c0
 .glue_7t       0x00000000        0x0 linker stubs

.vfp11_veneer   0x080041c0        0x0 load address 0x0c0041c0
 .vfp11_veneer  0x00000000        0x0 linker stubs

.v4_bx          0x080041c0        0x0 load address 0x0c0041c0
 .v4_bx         0x00000000        0x0 linker stubs

.iplt           0x080041c0        0x0 load address 0x0c0041c0
 .iplt          0x00000000        0x0 ./Startup/startup_XMC4500.o

.rel.dyn        0x080041c0        0x0 load address 0x0c0041c0
 .rel.iplt      0x00000000        0x0 ./Startup/startup_XMC4500.o

.eh_frame_hdr
 *(.eh_frame_hdr)

.eh_frame
 *(.eh_frame)

.ARM.extab
 *(.ARM.extab* .gnu.linkonce.armextab.*)
                0x080041c0                . = ALIGN (0x4)
                0x080041c0                __exidx_start = .

.ARM.exidx
 *(.ARM.exidx* .gnu.linkonce.armexidx.*)
                0x080041c0                __exidx_end = .
                0x080041c0                . = ALIGN (0x4)

Stack           0x10000000      0x800
                0x10000000                __stack_start = .
                0x10000800                . = (. + stack_size)
 *fill*         0x10000000      0x800 
                0x10000800                __stack_end = .
                0x10000800                __initial_sp = .

.ram_code       0x10000800        0x0 load address 0x0c0041c0
                0x10000800                . = ALIGN (0x4)
                0x10000800                __ram_code_start = .
 *(.ram_code)
                0x10000800                . = ALIGN (0x4)
                0x10000800                __ram_code_end = .
                0x0c0041c0                __ram_code_load = LOADADDR (.ram_code)
                0x00000000                __ram_code_size = (__ram_code_end - __ram_code_start)

PSRAM_DATA      0x10000800        0x0 load address 0x0c0041c0
                0x10000800                . = ALIGN (0x4)
                0x10000800                __data3_start = .
 *(PSRAM_DATA)
                0x10000800                . = ALIGN (0x4)
                0x10000800                __data3_end = .
                0x0c0041c0                __data3_load = LOADADDR (PSRAM_DATA)
                0x00000000                __data3_size = (__data3_end - __data3_start)

PSRAM_BSS       0x10000800        0x0 load address 0x0c0041c0
                0x10000800                . = ALIGN (0x4)
                0x10000800                __bss3_start = .
 *(PSRAM_BSS)
                0x10000800                . = ALIGN (0x4)
                0x10000800                __bss3_end = .
                0x10000800                . = ALIGN (0x8)
                0x10000800                Heap_Bank3_Start = .
                0x00000000                __bss3_size = (__bss3_end - __bss3_start)

.data           0x20000000      0x288 load address 0x0c0041c0
                0x20000000                . = ALIGN (0x4)
                0x20000000                __data_start = .
 *(.data)
 *(.data*)
 .data.PWM_a    0x20000000       0x34 ./Dave/Generated/PWM/pwm_conf.o
                0x20000000                PWM_a
 .data.PWM_b    0x20000034       0x34 ./Dave/Generated/PWM/pwm_conf.o
                0x20000034                PWM_b
 .data.PWM_c    0x20000068       0x34 ./Dave/Generated/PWM/pwm_conf.o
                0x20000068                PWM_c
 .data.PWM_update
                0x2000009c       0x34 ./Dave/Generated/PWM/pwm_conf.o
                0x2000009c                PWM_update
 .data.GLOBAL_CCU8_0
                0x200000d0       0x10 ./Dave/Generated/GLOBAL_CCU8/global_ccu8_conf.o
                0x200000d0                GLOBAL_CCU8_0
 .data.group_0_config
                0x200000e0        0xc ./Dave/Generated/GLOBAL_ADC/global_adc_conf.o
                0x200000e0                group_0_config
 .data.GLOBAL_ADC_0
                0x200000ec       0x1c ./Dave/Generated/GLOBAL_ADC/global_adc_conf.o
                0x200000ec                GLOBAL_ADC_0
 .data.group_1_config
                0x20000108        0xc ./Dave/Generated/GLOBAL_ADC/global_adc_conf.o
                0x20000108                group_1_config
 .data.group_3_config
                0x20000114        0xc ./Dave/Generated/GLOBAL_ADC/global_adc_conf.o
                0x20000114                group_3_config
 .data.group_2_config
                0x20000120        0xc ./Dave/Generated/GLOBAL_ADC/global_adc_conf.o
                0x20000120                group_2_config
 .data.DAC_0_Channel_Config
                0x2000012c        0x8 ./Dave/Generated/DAC/dac_conf.o
                0x2000012c                DAC_0_Channel_Config
 .data.DAC_0    0x20000134       0x2c ./Dave/Generated/DAC/dac_conf.o
                0x20000134                DAC_0
 .data.ADC_MEASUREMENT_2_channel_array
                0x20000160        0xc ./Dave/Generated/ADC_MEASUREMENT_ADV/adc_measurement_adv_conf.o
 .data.ADC_MEASUREMENT_3_queue_entries
                0x2000016c        0x4 ./Dave/Generated/ADC_MEASUREMENT_ADV/adc_measurement_adv_conf.o
 .data.ADC_MEASUREMENT_1_queue_entries
                0x20000170       0x10 ./Dave/Generated/ADC_MEASUREMENT_ADV/adc_measurement_adv_conf.o
 .data.ADC_MEASUREMENT_2_queue_entries
                0x20000180        0xc ./Dave/Generated/ADC_MEASUREMENT_ADV/adc_measurement_adv_conf.o
 .data.ADC_MEASUREMENT_1_initialization_status
                0x2000018c        0x1 ./Dave/Generated/ADC_MEASUREMENT_ADV/adc_measurement_adv_conf.o
 .data.ADC_MEASUREMENT_2_initialization_status
                0x2000018d        0x1 ./Dave/Generated/ADC_MEASUREMENT_ADV/adc_measurement_adv_conf.o
 .data.ADC_MEASUREMENT_3_initialization_status
                0x2000018e        0x1 ./Dave/Generated/ADC_MEASUREMENT_ADV/adc_measurement_adv_conf.o
 *fill*         0x2000018f        0x1 
 .data.ADC_MEASUREMENT_3_channel_array
                0x20000190        0x4 ./Dave/Generated/ADC_MEASUREMENT_ADV/adc_measurement_adv_conf.o
 .data.ADC_MEASUREMENT_1_channel_array
                0x20000194       0x10 ./Dave/Generated/ADC_MEASUREMENT_ADV/adc_measurement_adv_conf.o
 .data.PLL_w    0x200001a4        0x4 ./main.o
                0x200001a4                PLL_w
 .data.PLL_w0   0x200001a8        0x4 ./main.o
                0x200001a8                PLL_w0
 .data.PI_d     0x200001ac       0x1c ./main.o
                0x200001ac                PI_d
 .data.dqsg     0x200001c8       0x34 ./main.o
                0x200001c8                dqsg
 .data.SCADA_VDCmax
                0x200001fc        0x4 ./main.o
                0x200001fc                SCADA_VDCmax
 .data.PI_q     0x20000200       0x1c ./main.o
                0x20000200                PI_q
 .data.PI_PLL   0x2000021c       0x1c ./main.o
                0x2000021c                PI_PLL
 .data.SCADA_VDCmin
                0x20000238        0x4 ./main.o
                0x20000238                SCADA_VDCmin
 .data.i_dqsg   0x2000023c       0x34 ./main.o
                0x2000023c                i_dqsg
 .data.SCADA_Tmax
                0x20000270        0x4 ./main.o
                0x20000270                SCADA_Tmax
 .data.SCADA_Imax
                0x20000274        0x4 ./main.o
                0x20000274                SCADA_Imax
 .data.ProbeScopeDbg_MaxCh
                0x20000278        0x1 ./probe_scope.o
 *fill*         0x20000279        0x3 
 .data.ProbeScopeDbg_32BitEn
                0x2000027c        0x4 ./probe_scope.o
 .data.ProbeScopeDbg_MaxSamples
                0x20000280        0x2 ./probe_scope.o
 *fill*         0x20000282        0x2 
 .data.ProbeScopeDbg_16BitEn
                0x20000284        0x4 ./probe_scope.o
 *(*.data)
 *(.gnu.linkonce.d*)
                0x20000288                . = ALIGN (0x4)
                0x20000288                PROVIDE (__preinit_array_start, .)
 *(.preinit_array)
                0x20000288                PROVIDE (__preinit_array_end, .)
                0x20000288                . = ALIGN (0x4)
                0x20000288                PROVIDE (__init_array_start, .)
 *(SORT(.init_array.*))
 *(.init_array)
                0x20000288                PROVIDE (__init_array_end, .)
                0x20000288                . = ALIGN (0x4)
                0x20000288                PROVIDE (__fini_array_start, .)
 *(SORT(.fini_array.*))
 *(.fini_array)
                0x20000288                PROVIDE (__fini_array_end, .)
                0x20000288                . = ALIGN (0x4)
                0x20000288                __data_end = .
                0x0c0041c0                __data_load = LOADADDR (.data)
                0x00000288                __data_size = (__data_end - __data_start)

.igot.plt       0x20000288        0x0 load address 0x0c004448
 .igot.plt      0x00000000        0x0 ./Startup/startup_XMC4500.o

.bss            0x20000288     0x7fe8 load address 0x0c004448
                0x20000288                . = ALIGN (0x4)
                0x20000288                __bss_start = .
 *(.bss)
 *(.bss*)
 .bss.CLOCK_XMC4_0
                0x20000288        0x1 ./Dave/Generated/CLOCK_XMC4/clock_xmc4_conf.o
                0x20000288                CLOCK_XMC4_0
 *fill*         0x20000289        0x3 
 .bss.m_abc     0x2000028c        0xc ./main.o
                0x2000028c                m_abc
 .bss.PLL_wt_buff
                0x20000298        0x4 ./main.o
                0x20000298                PLL_wt_buff
 .bss.SCADA_Id_ref
                0x2000029c        0x4 ./main.o
                0x2000029c                SCADA_Id_ref
 .bss.PLL_LPFbuff_d
                0x200002a0        0x8 ./main.o
                0x200002a0                PLL_LPFbuff_d
 .bss.SCADA_error_VDCmax
                0x200002a8        0x4 ./main.o
                0x200002a8                SCADA_error_VDCmax
 .bss.SCADA_enable
                0x200002ac        0x4 ./main.o
                0x200002ac                SCADA_enable
 .bss.PLL_LPFbuff_q
                0x200002b0        0x8 ./main.o
                0x200002b0                PLL_LPFbuff_q
 .bss.PLL_LPFbuff_w
                0x200002b8        0x8 ./main.o
                0x200002b8                PLL_LPFbuff_w
 .bss.SOGI_i_AB
                0x200002c0        0x8 ./main.o
                0x200002c0                SOGI_i_AB
 .bss.SCADA_error_VDCmin
                0x200002c8        0x4 ./main.o
                0x200002c8                SCADA_error_VDCmin
 .bss.ADC_LPFbuff_VB
                0x200002cc        0x8 ./main.o
                0x200002cc                ADC_LPFbuff_VB
 .bss.ADC_LPFbuff_VC
                0x200002d4        0x8 ./main.o
                0x200002d4                ADC_LPFbuff_VC
 .bss.timer_sm  0x200002dc        0x4 ./main.o
                0x200002dc                timer_sm
 .bss.SCADA_error_Ia
                0x200002e0        0x4 ./main.o
                0x200002e0                SCADA_error_Ia
 .bss.SCADA_error_Ib
                0x200002e4        0x4 ./main.o
                0x200002e4                SCADA_error_Ib
 .bss.SCADA_error_Ic
                0x200002e8        0x4 ./main.o
                0x200002e8                SCADA_error_Ic
 .bss.Iu_filt   0x200002ec        0x4 ./main.o
                0x200002ec                Iu_filt
 .bss.V_abc_adc
                0x200002f0        0x6 ./main.o
                0x200002f0                V_abc_adc
 *fill*         0x200002f6        0x2 
 .bss.PR_LPFbuff_Iu
                0x200002f8        0x8 ./main.o
                0x200002f8                PR_LPFbuff_Iu
 .bss.vmabc     0x20000300        0xc ./main.o
                0x20000300                vmabc
 .bss.termistor_temp
                0x2000030c        0x2 ./main.o
                0x2000030c                termistor_temp
 *fill*         0x2000030e        0x2 
 .bss.I_abc     0x20000310        0xc ./main.o
                0x20000310                I_abc
 .bss.I_dq_ref  0x2000031c        0x8 ./main.o
                0x2000031c                I_dq_ref
 .bss.LPFbuff_temp
                0x20000324        0x8 ./main.o
                0x20000324                LPFbuff_temp
 .bss.SOGI_v_AB
                0x2000032c        0x8 ./main.o
                0x2000032c                SOGI_v_AB
 .bss.ADC_LPFbuff_VA
                0x20000334        0x8 ./main.o
                0x20000334                ADC_LPFbuff_VA
 .bss.ADC_LPFbuff_IA
                0x2000033c        0x8 ./main.o
                0x2000033c                ADC_LPFbuff_IA
 .bss.CTRL_idq_ref
                0x20000344        0x8 ./main.o
                0x20000344                CTRL_idq_ref
 .bss.PR_output
                0x2000034c        0x4 ./main.o
                0x2000034c                PR_output
 .bss.SCADA_Iq_ref
                0x20000350        0x4 ./main.o
                0x20000350                SCADA_Iq_ref
 .bss.ADC_LPFbuff_IB
                0x20000354        0x8 ./main.o
                0x20000354                ADC_LPFbuff_IB
 .bss.ADC_LPFbuff_IC
                0x2000035c        0x8 ./main.o
                0x2000035c                ADC_LPFbuff_IC
 .bss.V_DC_adc  0x20000364        0x2 ./main.o
                0x20000364                V_DC_adc
 *fill*         0x20000366        0x2 
 .bss.PLL_wt    0x20000368        0x4 ./main.o
                0x20000368                PLL_wt
 .bss.I_AB      0x2000036c        0x8 ./main.o
                0x2000036c                I_AB
 .bss.SCADA_disable
                0x20000374        0x4 ./main.o
                0x20000374                SCADA_disable
 .bss.I_abc_adc
                0x20000378        0x6 ./main.o
                0x20000378                I_abc_adc
 *fill*         0x2000037e        0x2 
 .bss.CTRL_idq  0x20000380        0x8 ./main.o
                0x20000380                CTRL_idq
 .bss.conv      0x20000388       0x28 ./main.o
                0x20000388                conv
 .bss.LPFbuff_vdc
                0x200003b0        0x8 ./main.o
                0x200003b0                LPFbuff_vdc
 .bss.conv_temp_C
                0x200003b8        0x4 ./main.o
                0x200003b8                conv_temp_C
 .bss.state     0x200003bc        0x2 ./main.o
                0x200003bc                state
 *fill*         0x200003be        0x2 
 .bss.PLL_Vdq   0x200003c0        0x8 ./main.o
                0x200003c0                PLL_Vdq
 .bss.V_DC      0x200003c8        0x4 ./main.o
                0x200003c8                V_DC
 .bss.V_abc     0x200003cc        0xc ./main.o
                0x200003cc                V_abc
 .bss.SCADA_status_button
                0x200003d8        0x4 ./main.o
                0x200003d8                SCADA_status_button
 .bss.SCADA_error_Tmax
                0x200003dc        0x4 ./main.o
                0x200003dc                SCADA_error_Tmax
 .bss.ProbeScope_SamplingClkDiv
                0x200003e0        0x2 ./probe_scope.o
 *fill*         0x200003e2        0x2 
 .bss.ProbeScope_SamplesPreTrigCtr
                0x200003e4        0x4 ./probe_scope.o
 .bss.ProbeScope_State
                0x200003e8        0x1 ./probe_scope.o
 *fill*         0x200003e9        0x1 
 .bss.ProbeScope_SamplingClkDivCtr
                0x200003ea        0x2 ./probe_scope.o
 .bss.ProbeScope_Ch1
                0x200003ec      0xfb8 ./probe_scope.o
 .bss.ProbeScope_Ch2
                0x200013a4      0xfb8 ./probe_scope.o
 .bss.ProbeScope_SampleIxPrev
                0x2000235c        0x4 ./probe_scope.o
 .bss.ProbeScope_Ch4
                0x20002360      0xfb8 ./probe_scope.o
 .bss.ProbeScope_Ch5
                0x20003318      0xfb8 ./probe_scope.o
 .bss.ProbeScope_Ch6
                0x200042d0      0xfb8 ./probe_scope.o
 .bss.ProbeScope_Ch7
                0x20005288      0xfb8 ./probe_scope.o
 .bss.ProbeScope_Ch8
                0x20006240      0xfb8 ./probe_scope.o
 .bss.temp.4203
                0x200071f8        0x4 ./probe_scope.o
 .bss.ProbeScope_TrigChSel
                0x200071fc        0x1 ./probe_scope.o
 .bss.ProbeScope_Mode
                0x200071fd        0x1 ./probe_scope.o
 *fill*         0x200071fe        0x2 
 .bss.ProbeScope_TrigHoldOffCtr
                0x20007200        0x4 ./probe_scope.o
 .bss.ProbeScope_SamplesPostTrigCtr
                0x20007204        0x4 ./probe_scope.o
 .bss.ProbeScope_TrigSlope
                0x20007208        0x4 ./probe_scope.o
 .bss.ProbeScope_SampleIxCur
                0x2000720c        0x4 ./probe_scope.o
 .bss.ProbeScope_Ch3
                0x20007210      0xfb8 ./probe_scope.o
 *(COMMON)
 COMMON         0x200081c8       0x8c ./main.o
                0x200081c8                aux_var6
                0x200081cc                scope2
                0x200081d0                m_u
                0x200081d4                scope_adc2
                0x200081d8                scope_adc7
                0x200081dc                relayTimer
                0x200081e0                aux_var3
                0x200081e4                scopeu3
                0x200081e8                aux_var4
                0x200081ec                vdc_bus_error
                0x200081f0                vdc_division
                0x200081f4                m_v
                0x200081f8                scope_adc4
                0x200081fc                aux_var7
                0x20008200                vdc_bus_piout
                0x20008204                scope_adc1
                0x20008208                aux_var1
                0x2000820c                scope_adc6
                0x20008210                scopeu1
                0x20008214                PR_Test
                0x20008234                VDC_BUS_REF
                0x20008238                aux_var5
                0x2000823c                scope1
                0x20008240                scopeu2
                0x20008244                scope_adc5
                0x20008248                scope3
                0x2000824c                aux_var2
                0x20008250                scope_adc3
 COMMON         0x20008254       0x1c ./probe_scope.o
                0x20008254                ProbeScope_TrigFlag
                0x20008258                ProbeScope_SamplingClkHz
                0x2000825c                ProbeScope_TrigIx
                0x20008260                ProbeScope_TrigDispPos
                0x20008264                ProbeScope_TrigHoldOff
                0x20008268                ProbeScope_InitFlag
                0x2000826c                ProbeScope_DataRdyFlag
 *(.gnu.linkonce.b*)
                0x20008270                . = ALIGN (0x4)
                0x20008270                __bss_end = .
                0x20008270                . = ALIGN (0x8)
                0x20008270                Heap_Bank1_Start = .
                0x00007fe8                __bss_size = (__bss_end - __bss_start)

.no_init        0x2000ffc0       0x14
                0x2000ffc0                Heap_Bank1_End = .
 *(.no_init)
 .no_init       0x2000ffc0       0x14 ./Startup/system_XMC4500.o
                0x2000ffc0                SystemCoreClock
                0x2000ffc4                g_chipid

DSRAM2_DATA     0x30000000        0x0 load address 0x0c004448
                0x30000000                . = ALIGN (0x4)
                0x30000000                __data2_start = .
 *(DSRAM2_DATA)
                0x30000000                . = ALIGN (0x4)
                0x30000000                __data2_end = .
                0x0c004448                __data2_load = LOADADDR (DSRAM2_DATA)
                0x00000000                __data2_size = (__data2_end - __data2_start)
                0x00004448                __text_size = (((((__exidx_end - sText) + __data_size) + __ram_code_size) + __data2_size) + __data3_size)
                0x08004448                eText = (sText + __text_size)

DSRAM2_BSS      0x30000000        0x0 load address 0x0c004448
                0x30000000                . = ALIGN (0x4)
                0x30000000                __bss2_start = .
 *(ETH_RAM)
 *(USB_RAM)
 *(DSRAM2_BSS)
                0x30000000                . = ALIGN (0x4)
                0x30000000                __bss2_end = .
                0x30000000                . = ALIGN (0x8)
                0x30000000                Heap_Bank2_Start = .
                0x00000000                __bss2_size = (__bss2_end - __bss2_start)
                0x00007d50                Heap_Bank1_Size = (Heap_Bank1_End - Heap_Bank1_Start)
                0x00008000                Heap_Bank2_Size = (0x8000 - (Heap_Bank2_Start - ORIGIN (DSRAM_2_comm)))
                0x0000f800                Heap_Bank3_Size = (0x10000 - (Heap_Bank3_Start - ORIGIN (PSRAM_1)))
                0x00000001                ASSERT ((Heap_Bank1_Start <= Heap_Bank1_End), region SRAM_combined overflowed no_init section)

/DISCARD/
 *(.comment)

.stab
 *(.stab)

.stabstr
 *(.stabstr)

.debug
 *(.debug)

.line
 *(.line)

.debug_srcinfo
 *(.debug_srcinfo)

.debug_sfnames
 *(.debug_sfnames)

.debug_aranges
 *(.debug_aranges)

.debug_pubnames
 *(.debug_pubnames)

.debug_pubtypes
 *(.debug_pubtypes)

.debug_info
 *(.debug_info .gnu.linkonce.wi.*)

.debug_abbrev
 *(.debug_abbrev)

.debug_line
 *(.debug_line)

.debug_frame    0x00000000       0xe4
 *(.debug_frame)
 .debug_frame   0x00000000       0x4c c:/program files (x86)/dave/eclipse/arm-gcc-49/bin/../lib/gcc/arm-none-eabi/4.9.3/../../../../arm-none-eabi/lib/armv7e-m/softfp\libm.a(lib_a-sf_fmax.o)
 .debug_frame   0x0000004c       0x4c c:/program files (x86)/dave/eclipse/arm-gcc-49/bin/../lib/gcc/arm-none-eabi/4.9.3/../../../../arm-none-eabi/lib/armv7e-m/softfp\libm.a(lib_a-sf_fmin.o)
 .debug_frame   0x00000098       0x20 c:/program files (x86)/dave/eclipse/arm-gcc-49/bin/../lib/gcc/arm-none-eabi/4.9.3/../../../../arm-none-eabi/lib/armv7e-m/softfp\libm.a(lib_a-sf_fpclassify.o)
 .debug_frame   0x000000b8       0x2c c:/program files (x86)/dave/eclipse/arm-gcc-49/bin/../lib/gcc/arm-none-eabi/4.9.3/../../../../arm-none-eabi/lib/armv7e-m/softfp\libc_nano.a(lib_a-init.o)

.debug_str
 *(.debug_str)

.debug_loc
 *(.debug_loc)

.debug_macinfo
 *(.debug_macinfo)

.debug_ranges
 *(.debug_ranges)

.debug_weaknames
 *(.debug_weaknames)

.debug_funcnames
 *(.debug_funcnames)

.debug_typenames
 *(.debug_typenames)

.debug_varnames
 *(.debug_varnames)

.build_attributes
                0x00000000      0x7fc
 *(.ARM.attributes)
 .ARM.attributes
                0x00000000       0x25 ./Startup/startup_XMC4500.o
 .ARM.attributes
                0x00000025       0x37 ./Startup/system_XMC4500.o
 .ARM.attributes
                0x0000005c       0x37 ./Libraries/XMCLib/src/xmc4_gpio.o
 .ARM.attributes
                0x00000093       0x37 ./Libraries/XMCLib/src/xmc4_scu.o
 .ARM.attributes
                0x000000ca       0x37 ./Libraries/XMCLib/src/xmc_ccu8.o
 .ARM.attributes
                0x00000101       0x37 ./Libraries/XMCLib/src/xmc_dac.o
 .ARM.attributes
                0x00000138       0x37 ./Libraries/XMCLib/src/xmc_gpio.o
 .ARM.attributes
                0x0000016f       0x37 ./Libraries/XMCLib/src/xmc_vadc.o
 .ARM.attributes
                0x000001a6       0x37 ./Libraries/Newlib/syscalls.o
 .ARM.attributes
                0x000001dd       0x37 ./Dave/Generated/PWM/pwm.o
 .ARM.attributes
                0x00000214       0x37 ./Dave/Generated/PWM/pwm_conf.o
 .ARM.attributes
                0x0000024b       0x37 ./Dave/Generated/INTERRUPT/interrupt.o
 .ARM.attributes
                0x00000282       0x37 ./Dave/Generated/INTERRUPT/interrupt_conf.o
 .ARM.attributes
                0x000002b9       0x37 ./Dave/Generated/GLOBAL_CCU8/global_ccu8.o
 .ARM.attributes
                0x000002f0       0x37 ./Dave/Generated/GLOBAL_CCU8/global_ccu8_conf.o
 .ARM.attributes
                0x00000327       0x37 ./Dave/Generated/GLOBAL_ADC/global_adc.o
 .ARM.attributes
                0x0000035e       0x37 ./Dave/Generated/GLOBAL_ADC/global_adc_conf.o
 .ARM.attributes
                0x00000395       0x37 ./Dave/Generated/DIGITAL_IO/digital_io.o
 .ARM.attributes
                0x000003cc       0x37 ./Dave/Generated/DIGITAL_IO/digital_io_conf.o
 .ARM.attributes
                0x00000403       0x37 ./Dave/Generated/DAC/dac.o
 .ARM.attributes
                0x0000043a       0x37 ./Dave/Generated/DAC/dac_conf.o
 .ARM.attributes
                0x00000471       0x37 ./Dave/Generated/CPU_CTRL_XMC4/cpu_ctrl_xmc4_conf.o
 .ARM.attributes
                0x000004a8       0x37 ./Dave/Generated/CMSIS_DSP/FastMathFunctions/arm_cos_f32.o
 .ARM.attributes
                0x000004df       0x37 ./Dave/Generated/CMSIS_DSP/FastMathFunctions/arm_sin_f32.o
 .ARM.attributes
                0x00000516       0x37 ./Dave/Generated/CMSIS_DSP/CommonTables/arm_common_tables.o
 .ARM.attributes
                0x0000054d       0x37 ./Dave/Generated/CLOCK_XMC4/clock_xmc4.o
 .ARM.attributes
                0x00000584       0x37 ./Dave/Generated/CLOCK_XMC4/clock_xmc4_conf.o
 .ARM.attributes
                0x000005bb       0x37 ./Dave/Generated/ADC_MEASUREMENT_ADV/adc_measurement_adv.o
 .ARM.attributes
                0x000005f2       0x37 ./Dave/Generated/ADC_MEASUREMENT_ADV/adc_measurement_adv_conf.o
 .ARM.attributes
                0x00000629       0x37 ./Dave/Generated/DAVE.o
 .ARM.attributes
                0x00000660       0x37 ./main.o
 .ARM.attributes
                0x00000697       0x37 ./probe_scope.o
 .ARM.attributes
                0x000006ce       0x32 c:/program files (x86)/dave/eclipse/arm-gcc-49/bin/../lib/gcc/arm-none-eabi/4.9.3/../../../../arm-none-eabi/lib/armv7e-m/softfp\libm.a(lib_a-sf_fmax.o)
 .ARM.attributes
                0x00000700       0x32 c:/program files (x86)/dave/eclipse/arm-gcc-49/bin/../lib/gcc/arm-none-eabi/4.9.3/../../../../arm-none-eabi/lib/armv7e-m/softfp\libm.a(lib_a-sf_fmin.o)
 .ARM.attributes
                0x00000732       0x32 c:/program files (x86)/dave/eclipse/arm-gcc-49/bin/../lib/gcc/arm-none-eabi/4.9.3/../../../../arm-none-eabi/lib/armv7e-m/softfp\libm.a(lib_a-sf_fpclassify.o)
 .ARM.attributes
                0x00000764       0x22 c:/program files (x86)/dave/eclipse/arm-gcc-49/bin/../lib/gcc/arm-none-eabi/4.9.3/armv7e-m/softfp\libgcc.a(_arm_addsubdf3.o)
 .ARM.attributes
                0x00000786       0x22 c:/program files (x86)/dave/eclipse/arm-gcc-49/bin/../lib/gcc/arm-none-eabi/4.9.3/armv7e-m/softfp\libgcc.a(_arm_muldivdf3.o)
 .ARM.attributes
                0x000007a8       0x22 c:/program files (x86)/dave/eclipse/arm-gcc-49/bin/../lib/gcc/arm-none-eabi/4.9.3/armv7e-m/softfp\libgcc.a(_arm_truncdfsf2.o)
 .ARM.attributes
                0x000007ca       0x32 c:/program files (x86)/dave/eclipse/arm-gcc-49/bin/../lib/gcc/arm-none-eabi/4.9.3/../../../../arm-none-eabi/lib/armv7e-m/softfp\libc_nano.a(lib_a-init.o)
OUTPUT(1p_inverter_200V.elf elf32-littlearm)
