20:26:59 **** Incremental Build of configuration Debug for project OL_VSC_vitor ****
"\"C:\\Program Files (x86)\\DAVE\\eclipse\\ARM-GCC-49\\bin\\make\"" --output-sync -j4 all 
'Invoking: ARM-GCC Print Size'
"C:/Program Files (x86)/DAVE/eclipse/ARM-GCC-49/bin/arm-none-eabi-size" --format=berkeley "OL_VSC_vitor.elf"
   text	   data	    bss	    dec	    hex	filename
  20932	    444	  34664	  56040	   dae8	OL_VSC_vitor.elf
'Finished building: OL_VSC_vitor.siz'


20:27:01 Build Finished (took 2s.285ms)

