Archive member included because of file (symbol)

c:/program files (x86)/dave/eclipse/arm-gcc-49/bin/../lib/gcc/arm-none-eabi/4.9.3/../../../../arm-none-eabi/lib/armv7e-m/softfp\libm.a(lib_a-sf_fmax.o)
                              ./main.o (fmaxf)
c:/program files (x86)/dave/eclipse/arm-gcc-49/bin/../lib/gcc/arm-none-eabi/4.9.3/../../../../arm-none-eabi/lib/armv7e-m/softfp\libm.a(lib_a-sf_fmin.o)
                              ./main.o (fminf)
c:/program files (x86)/dave/eclipse/arm-gcc-49/bin/../lib/gcc/arm-none-eabi/4.9.3/../../../../arm-none-eabi/lib/armv7e-m/softfp\libm.a(lib_a-sf_fpclassify.o)
                              c:/program files (x86)/dave/eclipse/arm-gcc-49/bin/../lib/gcc/arm-none-eabi/4.9.3/../../../../arm-none-eabi/lib/armv7e-m/softfp\libm.a(lib_a-sf_fmax.o) (__fpclassifyf)
c:/program files (x86)/dave/eclipse/arm-gcc-49/bin/../lib/gcc/arm-none-eabi/4.9.3/../../../../arm-none-eabi/lib/armv7e-m/softfp\libm.a(lib_a-wf_sqrt.o)
                              ./Dave/Generated/CMSIS_DSP/StatisticsFunctions/arm_rms_f32.o (sqrtf)
c:/program files (x86)/dave/eclipse/arm-gcc-49/bin/../lib/gcc/arm-none-eabi/4.9.3/../../../../arm-none-eabi/lib/armv7e-m/softfp\libm.a(lib_a-ef_sqrt.o)
                              c:/program files (x86)/dave/eclipse/arm-gcc-49/bin/../lib/gcc/arm-none-eabi/4.9.3/../../../../arm-none-eabi/lib/armv7e-m/softfp\libm.a(lib_a-wf_sqrt.o) (__ieee754_sqrtf)
c:/program files (x86)/dave/eclipse/arm-gcc-49/bin/../lib/gcc/arm-none-eabi/4.9.3/../../../../arm-none-eabi/lib/armv7e-m/softfp\libm.a(lib_a-s_lib_ver.o)
                              c:/program files (x86)/dave/eclipse/arm-gcc-49/bin/../lib/gcc/arm-none-eabi/4.9.3/../../../../arm-none-eabi/lib/armv7e-m/softfp\libm.a(lib_a-wf_sqrt.o) (__fdlib_version)
c:/program files (x86)/dave/eclipse/arm-gcc-49/bin/../lib/gcc/arm-none-eabi/4.9.3/../../../../arm-none-eabi/lib/armv7e-m/softfp\libm.a(lib_a-s_matherr.o)
                              c:/program files (x86)/dave/eclipse/arm-gcc-49/bin/../lib/gcc/arm-none-eabi/4.9.3/../../../../arm-none-eabi/lib/armv7e-m/softfp\libm.a(lib_a-wf_sqrt.o) (matherr)
c:/program files (x86)/dave/eclipse/arm-gcc-49/bin/../lib/gcc/arm-none-eabi/4.9.3/armv7e-m/softfp\libgcc.a(_arm_addsubdf3.o)
                              ./Dave/Generated/CMSIS_DSP/MatrixFunctions/arm_mat_inverse_f64.o (__aeabi_dsub)
c:/program files (x86)/dave/eclipse/arm-gcc-49/bin/../lib/gcc/arm-none-eabi/4.9.3/armv7e-m/softfp\libgcc.a(_arm_muldivdf3.o)
                              ./Dave/Generated/CMSIS_DSP/MatrixFunctions/arm_mat_inverse_f64.o (__aeabi_dmul)
c:/program files (x86)/dave/eclipse/arm-gcc-49/bin/../lib/gcc/arm-none-eabi/4.9.3/armv7e-m/softfp\libgcc.a(_arm_cmpdf2.o)
                              ./Dave/Generated/CMSIS_DSP/MatrixFunctions/arm_mat_inverse_f64.o (__aeabi_dcmpeq)
c:/program files (x86)/dave/eclipse/arm-gcc-49/bin/../lib/gcc/arm-none-eabi/4.9.3/armv7e-m/softfp\libgcc.a(_arm_truncdfsf2.o)
                              ./main.o (__aeabi_d2f)
c:/program files (x86)/dave/eclipse/arm-gcc-49/bin/../lib/gcc/arm-none-eabi/4.9.3/armv7e-m/softfp\libgcc.a(_aeabi_ldivmod.o)
                              ./Dave/Generated/CMSIS_DSP/StatisticsFunctions/arm_mean_q31.o (__aeabi_ldivmod)
c:/program files (x86)/dave/eclipse/arm-gcc-49/bin/../lib/gcc/arm-none-eabi/4.9.3/armv7e-m/softfp\libgcc.a(_fixsfdi.o)
                              ./Dave/Generated/CMSIS_DSP/SupportFunctions/arm_float_to_q31.o (__aeabi_f2lz)
c:/program files (x86)/dave/eclipse/arm-gcc-49/bin/../lib/gcc/arm-none-eabi/4.9.3/armv7e-m/softfp\libgcc.a(_fixunssfdi.o)
                              c:/program files (x86)/dave/eclipse/arm-gcc-49/bin/../lib/gcc/arm-none-eabi/4.9.3/armv7e-m/softfp\libgcc.a(_fixsfdi.o) (__aeabi_f2ulz)
c:/program files (x86)/dave/eclipse/arm-gcc-49/bin/../lib/gcc/arm-none-eabi/4.9.3/armv7e-m/softfp\libgcc.a(bpabi.o)
                              c:/program files (x86)/dave/eclipse/arm-gcc-49/bin/../lib/gcc/arm-none-eabi/4.9.3/armv7e-m/softfp\libgcc.a(_aeabi_ldivmod.o) (__gnu_ldivmod_helper)
c:/program files (x86)/dave/eclipse/arm-gcc-49/bin/../lib/gcc/arm-none-eabi/4.9.3/armv7e-m/softfp\libgcc.a(_dvmd_tls.o)
                              c:/program files (x86)/dave/eclipse/arm-gcc-49/bin/../lib/gcc/arm-none-eabi/4.9.3/armv7e-m/softfp\libgcc.a(_aeabi_ldivmod.o) (__aeabi_ldiv0)
c:/program files (x86)/dave/eclipse/arm-gcc-49/bin/../lib/gcc/arm-none-eabi/4.9.3/armv7e-m/softfp\libgcc.a(_arm_fixunsdfsi.o)
                              c:/program files (x86)/dave/eclipse/arm-gcc-49/bin/../lib/gcc/arm-none-eabi/4.9.3/armv7e-m/softfp\libgcc.a(_fixunssfdi.o) (__aeabi_d2uiz)
c:/program files (x86)/dave/eclipse/arm-gcc-49/bin/../lib/gcc/arm-none-eabi/4.9.3/armv7e-m/softfp\libgcc.a(_divdi3.o)
                              c:/program files (x86)/dave/eclipse/arm-gcc-49/bin/../lib/gcc/arm-none-eabi/4.9.3/armv7e-m/softfp\libgcc.a(bpabi.o) (__divdi3)
[...]
Memory Configuration

Name             Origin             Length             Attributes
FLASH_1_cached   0x08000000         0x00100000         xr
FLASH_1_uncached 0x0c000000         0x00100000         xr
PSRAM_1          0x10000000         0x00010000         !xr
DSRAM_1_system   0x20000000         0x00010000         !xr
DSRAM_2_comm     0x30000000         0x00008000         !xr
*default*        0x00000000         0xffffffff

Linker script and memory map

LOAD ./Startup/startup_XMC4500.o
LOAD ./Startup/system_XMC4500.o
LOAD ./Libraries/XMCLib/src/xmc4_eru.o
LOAD ./Libraries/XMCLib/src/xmc4_flash.o
LOAD ./Libraries/XMCLib/src/xmc4_gpio.o
LOAD ./Libraries/XMCLib/src/xmc4_rtc.o
LOAD ./Libraries/XMCLib/src/xmc4_scu.o
LOAD ./Libraries/XMCLib/src/xmc_can.o
LOAD ./Libraries/XMCLib/src/xmc_ccu4.o
LOAD ./Libraries/XMCLib/src/xmc_ccu8.o
LOAD ./Libraries/XMCLib/src/xmc_common.o
LOAD ./Libraries/XMCLib/src/xmc_dac.o
LOAD ./Libraries/XMCLib/src/xmc_dma.o
LOAD ./Libraries/XMCLib/src/xmc_dsd.o
LOAD ./Libraries/XMCLib/src/xmc_ebu.o
LOAD ./Libraries/XMCLib/src/xmc_ecat.o
LOAD ./Libraries/XMCLib/src/xmc_eru.o
LOAD ./Libraries/XMCLib/src/xmc_eth_mac.o
LOAD ./Libraries/XMCLib/src/xmc_eth_phy_dp83848.o
LOAD ./Libraries/XMCLib/src/xmc_eth_phy_ksz8031rnl.o
LOAD ./Libraries/XMCLib/src/xmc_eth_phy_ksz8081rnb.o
LOAD ./Libraries/XMCLib/src/xmc_fce.o
LOAD ./Libraries/XMCLib/src/xmc_gpio.o
LOAD ./Libraries/XMCLib/src/xmc_hrpwm.o
LOAD ./Libraries/XMCLib/src/xmc_i2c.o
LOAD ./Libraries/XMCLib/src/xmc_i2s.o
LOAD ./Libraries/XMCLib/src/xmc_ledts.o
LOAD ./Libraries/XMCLib/src/xmc_posif.o
LOAD ./Libraries/XMCLib/src/xmc_rtc.o
LOAD ./Libraries/XMCLib/src/xmc_sdmmc.o
LOAD ./Libraries/XMCLib/src/xmc_spi.o
LOAD ./Libraries/XMCLib/src/xmc_uart.o
LOAD ./Libraries/XMCLib/src/xmc_usbd.o
LOAD ./Libraries/XMCLib/src/xmc_usbh.o
LOAD ./Libraries/XMCLib/src/xmc_usic.o
LOAD ./Libraries/XMCLib/src/xmc_vadc.o
LOAD ./Libraries/XMCLib/src/xmc_wdt.o
LOAD ./Libraries/Newlib/syscalls.o
LOAD ./Dave/Generated/PWM/pwm.o
LOAD ./Dave/Generated/PWM/pwm_conf.o
LOAD ./Dave/Generated/INTERRUPT/interrupt.o
LOAD ./Dave/Generated/INTERRUPT/interrupt_conf.o
LOAD ./Dave/Generated/GLOBAL_CCU8/global_ccu8.o
LOAD ./Dave/Generated/GLOBAL_CCU8/global_ccu8_conf.o
LOAD ./Dave/Generated/GLOBAL_ADC/global_adc.o
LOAD ./Dave/Generated/GLOBAL_ADC/global_adc_conf.o
LOAD ./Dave/Generated/DIGITAL_IO/digital_io.o
LOAD ./Dave/Generated/DIGITAL_IO/digital_io_conf.o
LOAD ./Dave/Generated/DAC/dac.o
LOAD ./Dave/Generated/DAC/dac_conf.o
LOAD ./Dave/Generated/CPU_CTRL_XMC4/cpu_ctrl_xmc4.o
LOAD ./Dave/Generated/CPU_CTRL_XMC4/cpu_ctrl_xmc4_conf.o
LOAD ./Dave/Generated/CMSIS_DSP/TransformFunctions/arm_bitreversal.o
LOAD ./Dave/Generated/CMSIS_DSP/TransformFunctions/arm_bitreversal2.o
LOAD ./Dave/Generated/CMSIS_DSP/TransformFunctions/arm_cfft_f32.o
LOAD ./Dave/Generated/CMSIS_DSP/TransformFunctions/arm_cfft_q15.o
LOAD ./Dave/Generated/CMSIS_DSP/TransformFunctions/arm_cfft_q31.o
LOAD ./Dave/Generated/CMSIS_DSP/TransformFunctions/arm_cfft_radix2_f32.o
LOAD ./Dave/Generated/CMSIS_DSP/TransformFunctions/arm_cfft_radix2_init_f32.o
LOAD ./Dave/Generated/CMSIS_DSP/TransformFunctions/arm_cfft_radix2_init_q15.o
LOAD ./Dave/Generated/CMSIS_DSP/TransformFunctions/arm_cfft_radix2_init_q31.o
LOAD ./Dave/Generated/CMSIS_DSP/TransformFunctions/arm_cfft_radix2_q15.o
LOAD ./Dave/Generated/CMSIS_DSP/TransformFunctions/arm_cfft_radix2_q31.o
LOAD ./Dave/Generated/CMSIS_DSP/TransformFunctions/arm_cfft_radix4_f32.o
LOAD ./Dave/Generated/CMSIS_DSP/TransformFunctions/arm_cfft_radix4_init_f32.o
LOAD ./Dave/Generated/CMSIS_DSP/TransformFunctions/arm_cfft_radix4_init_q15.o
LOAD ./Dave/Generated/CMSIS_DSP/TransformFunctions/arm_cfft_radix4_init_q31.o
LOAD ./Dave/Generated/CMSIS_DSP/TransformFunctions/arm_cfft_radix4_q15.o
LOAD ./Dave/Generated/CMSIS_DSP/TransformFunctions/arm_cfft_radix4_q31.o
LOAD ./Dave/Generated/CMSIS_DSP/TransformFunctions/arm_cfft_radix8_f32.o
LOAD ./Dave/Generated/CMSIS_DSP/TransformFunctions/arm_dct4_f32.o
LOAD ./Dave/Generated/CMSIS_DSP/TransformFunctions/arm_dct4_init_f32.o
LOAD ./Dave/Generated/CMSIS_DSP/TransformFunctions/arm_dct4_init_q15.o
LOAD ./Dave/Generated/CMSIS_DSP/TransformFunctions/arm_dct4_init_q31.o
LOAD ./Dave/Generated/CMSIS_DSP/TransformFunctions/arm_dct4_q15.o
LOAD ./Dave/Generated/CMSIS_DSP/TransformFunctions/arm_dct4_q31.o
LOAD ./Dave/Generated/CMSIS_DSP/TransformFunctions/arm_rfft_f32.o
LOAD ./Dave/Generated/CMSIS_DSP/TransformFunctions/arm_rfft_fast_f32.o
LOAD ./Dave/Generated/CMSIS_DSP/TransformFunctions/arm_rfft_fast_init_f32.o
LOAD ./Dave/Generated/CMSIS_DSP/TransformFunctions/arm_rfft_init_f32.o
LOAD ./Dave/Generated/CMSIS_DSP/TransformFunctions/arm_rfft_init_q15.o
LOAD ./Dave/Generated/CMSIS_DSP/TransformFunctions/arm_rfft_init_q31.o
LOAD ./Dave/Generated/CMSIS_DSP/TransformFunctions/arm_rfft_q15.o
LOAD ./Dave/Generated/CMSIS_DSP/TransformFunctions/arm_rfft_q31.o
LOAD ./Dave/Generated/CMSIS_DSP/SupportFunctions/arm_copy_f32.o
LOAD ./Dave/Generated/CMSIS_DSP/SupportFunctions/arm_copy_q15.o
LOAD ./Dave/Generated/CMSIS_DSP/SupportFunctions/arm_copy_q31.o
LOAD ./Dave/Generated/CMSIS_DSP/SupportFunctions/arm_copy_q7.o
LOAD ./Dave/Generated/CMSIS_DSP/SupportFunctions/arm_fill_f32.o
LOAD ./Dave/Generated/CMSIS_DSP/SupportFunctions/arm_fill_q15.o
LOAD ./Dave/Generated/CMSIS_DSP/SupportFunctions/arm_fill_q31.o
LOAD ./Dave/Generated/CMSIS_DSP/SupportFunctions/arm_fill_q7.o
LOAD ./Dave/Generated/CMSIS_DSP/SupportFunctions/arm_float_to_q15.o
LOAD ./Dave/Generated/CMSIS_DSP/SupportFunctions/arm_float_to_q31.o
LOAD ./Dave/Generated/CMSIS_DSP/SupportFunctions/arm_float_to_q7.o
LOAD ./Dave/Generated/CMSIS_DSP/SupportFunctions/arm_q15_to_float.o
LOAD ./Dave/Generated/CMSIS_DSP/SupportFunctions/arm_q15_to_q31.o
LOAD ./Dave/Generated/CMSIS_DSP/SupportFunctions/arm_q15_to_q7.o
LOAD ./Dave/Generated/CMSIS_DSP/SupportFunctions/arm_q31_to_float.o
LOAD ./Dave/Generated/CMSIS_DSP/SupportFunctions/arm_q31_to_q15.o
LOAD ./Dave/Generated/CMSIS_DSP/SupportFunctions/arm_q31_to_q7.o
LOAD ./Dave/Generated/CMSIS_DSP/SupportFunctions/arm_q7_to_float.o
LOAD ./Dave/Generated/CMSIS_DSP/SupportFunctions/arm_q7_to_q15.o
LOAD ./Dave/Generated/CMSIS_DSP/SupportFunctions/arm_q7_to_q31.o
LOAD ./Dave/Generated/CMSIS_DSP/StatisticsFunctions/arm_max_f32.o
LOAD ./Dave/Generated/CMSIS_DSP/StatisticsFunctions/arm_max_q15.o
LOAD ./Dave/Generated/CMSIS_DSP/StatisticsFunctions/arm_max_q31.o
LOAD ./Dave/Generated/CMSIS_DSP/StatisticsFunctions/arm_max_q7.o
LOAD ./Dave/Generated/CMSIS_DSP/StatisticsFunctions/arm_mean_f32.o
LOAD ./Dave/Generated/CMSIS_DSP/StatisticsFunctions/arm_mean_q15.o
LOAD ./Dave/Generated/CMSIS_DSP/StatisticsFunctions/arm_mean_q31.o
LOAD ./Dave/Generated/CMSIS_DSP/StatisticsFunctions/arm_mean_q7.o
LOAD ./Dave/Generated/CMSIS_DSP/StatisticsFunctions/arm_min_f32.o
LOAD ./Dave/Generated/CMSIS_DSP/StatisticsFunctions/arm_min_q15.o
LOAD ./Dave/Generated/CMSIS_DSP/StatisticsFunctions/arm_min_q31.o
LOAD ./Dave/Generated/CMSIS_DSP/StatisticsFunctions/arm_min_q7.o
LOAD ./Dave/Generated/CMSIS_DSP/StatisticsFunctions/arm_power_f32.o
LOAD ./Dave/Generated/CMSIS_DSP/StatisticsFunctions/arm_power_q15.o
LOAD ./Dave/Generated/CMSIS_DSP/StatisticsFunctions/arm_power_q31.o
LOAD ./Dave/Generated/CMSIS_DSP/StatisticsFunctions/arm_power_q7.o
LOAD ./Dave/Generated/CMSIS_DSP/StatisticsFunctions/arm_rms_f32.o
LOAD ./Dave/Generated/CMSIS_DSP/StatisticsFunctions/arm_rms_q15.o
LOAD ./Dave/Generated/CMSIS_DSP/StatisticsFunctions/arm_rms_q31.o
LOAD ./Dave/Generated/CMSIS_DSP/StatisticsFunctions/arm_std_f32.o
LOAD ./Dave/Generated/CMSIS_DSP/StatisticsFunctions/arm_std_q15.o
LOAD ./Dave/Generated/CMSIS_DSP/StatisticsFunctions/arm_std_q31.o
LOAD ./Dave/Generated/CMSIS_DSP/StatisticsFunctions/arm_var_f32.o
LOAD ./Dave/Generated/CMSIS_DSP/StatisticsFunctions/arm_var_q15.o
LOAD ./Dave/Generated/CMSIS_DSP/StatisticsFunctions/arm_var_q31.o
LOAD ./Dave/Generated/CMSIS_DSP/MatrixFunctions/arm_mat_add_f32.o
LOAD ./Dave/Generated/CMSIS_DSP/MatrixFunctions/arm_mat_add_q15.o
LOAD ./Dave/Generated/CMSIS_DSP/MatrixFunctions/arm_mat_add_q31.o
LOAD ./Dave/Generated/CMSIS_DSP/MatrixFunctions/arm_mat_cmplx_mult_f32.o
LOAD ./Dave/Generated/CMSIS_DSP/MatrixFunctions/arm_mat_cmplx_mult_q15.o
LOAD ./Dave/Generated/CMSIS_DSP/MatrixFunctions/arm_mat_cmplx_mult_q31.o
LOAD ./Dave/Generated/CMSIS_DSP/MatrixFunctions/arm_mat_init_f32.o
LOAD ./Dave/Generated/CMSIS_DSP/MatrixFunctions/arm_mat_init_q15.o
LOAD ./Dave/Generated/CMSIS_DSP/MatrixFunctions/arm_mat_init_q31.o
LOAD ./Dave/Generated/CMSIS_DSP/MatrixFunctions/arm_mat_inverse_f32.o
LOAD ./Dave/Generated/CMSIS_DSP/MatrixFunctions/arm_mat_inverse_f64.o
LOAD ./Dave/Generated/CMSIS_DSP/MatrixFunctions/arm_mat_mult_f32.o
LOAD ./Dave/Generated/CMSIS_DSP/MatrixFunctions/arm_mat_mult_fast_q15.o
LOAD ./Dave/Generated/CMSIS_DSP/MatrixFunctions/arm_mat_mult_fast_q31.o
LOAD ./Dave/Generated/CMSIS_DSP/MatrixFunctions/arm_mat_mult_q15.o
LOAD ./Dave/Generated/CMSIS_DSP/MatrixFunctions/arm_mat_mult_q31.o
LOAD ./Dave/Generated/CMSIS_DSP/MatrixFunctions/arm_mat_scale_f32.o
LOAD ./Dave/Generated/CMSIS_DSP/MatrixFunctions/arm_mat_scale_q15.o
LOAD ./Dave/Generated/CMSIS_DSP/MatrixFunctions/arm_mat_scale_q31.o
LOAD ./Dave/Generated/CMSIS_DSP/MatrixFunctions/arm_mat_sub_f32.o
LOAD ./Dave/Generated/CMSIS_DSP/MatrixFunctions/arm_mat_sub_q15.o
LOAD ./Dave/Generated/CMSIS_DSP/MatrixFunctions/arm_mat_sub_q31.o
LOAD ./Dave/Generated/CMSIS_DSP/MatrixFunctions/arm_mat_trans_f32.o
LOAD ./Dave/Generated/CMSIS_DSP/MatrixFunctions/arm_mat_trans_q15.o
LOAD ./Dave/Generated/CMSIS_DSP/MatrixFunctions/arm_mat_trans_q31.o
LOAD ./Dave/Generated/CMSIS_DSP/FilteringFunctions/arm_biquad_cascade_df1_32x64_init_q31.o
LOAD ./Dave/Generated/CMSIS_DSP/FilteringFunctions/arm_biquad_cascade_df1_32x64_q31.o
LOAD ./Dave/Generated/CMSIS_DSP/FilteringFunctions/arm_biquad_cascade_df1_f32.o
LOAD ./Dave/Generated/CMSIS_DSP/FilteringFunctions/arm_biquad_cascade_df1_fast_q15.o
LOAD ./Dave/Generated/CMSIS_DSP/FilteringFunctions/arm_biquad_cascade_df1_fast_q31.o
LOAD ./Dave/Generated/CMSIS_DSP/FilteringFunctions/arm_biquad_cascade_df1_init_f32.o
LOAD ./Dave/Generated/CMSIS_DSP/FilteringFunctions/arm_biquad_cascade_df1_init_q15.o
LOAD ./Dave/Generated/CMSIS_DSP/FilteringFunctions/arm_biquad_cascade_df1_init_q31.o
LOAD ./Dave/Generated/CMSIS_DSP/FilteringFunctions/arm_biquad_cascade_df1_q15.o
LOAD ./Dave/Generated/CMSIS_DSP/FilteringFunctions/arm_biquad_cascade_df1_q31.o
LOAD ./Dave/Generated/CMSIS_DSP/FilteringFunctions/arm_biquad_cascade_df2T_f32.o
LOAD ./Dave/Generated/CMSIS_DSP/FilteringFunctions/arm_biquad_cascade_df2T_f64.o
LOAD ./Dave/Generated/CMSIS_DSP/FilteringFunctions/arm_biquad_cascade_df2T_init_f32.o
LOAD ./Dave/Generated/CMSIS_DSP/FilteringFunctions/arm_biquad_cascade_df2T_init_f64.o
LOAD ./Dave/Generated/CMSIS_DSP/FilteringFunctions/arm_biquad_cascade_stereo_df2T_f32.o
LOAD ./Dave/Generated/CMSIS_DSP/FilteringFunctions/arm_biquad_cascade_stereo_df2T_init_f32.o
LOAD ./Dave/Generated/CMSIS_DSP/FilteringFunctions/arm_conv_f32.o
LOAD ./Dave/Generated/CMSIS_DSP/FilteringFunctions/arm_conv_fast_opt_q15.o
LOAD ./Dave/Generated/CMSIS_DSP/FilteringFunctions/arm_conv_fast_q15.o
LOAD ./Dave/Generated/CMSIS_DSP/FilteringFunctions/arm_conv_fast_q31.o
LOAD ./Dave/Generated/CMSIS_DSP/FilteringFunctions/arm_conv_opt_q15.o
LOAD ./Dave/Generated/CMSIS_DSP/FilteringFunctions/arm_conv_opt_q7.o
LOAD ./Dave/Generated/CMSIS_DSP/FilteringFunctions/arm_conv_partial_f32.o
LOAD ./Dave/Generated/CMSIS_DSP/FilteringFunctions/arm_conv_partial_fast_opt_q15.o
LOAD ./Dave/Generated/CMSIS_DSP/FilteringFunctions/arm_conv_partial_fast_q15.o
LOAD ./Dave/Generated/CMSIS_DSP/FilteringFunctions/arm_conv_partial_fast_q31.o
LOAD ./Dave/Generated/CMSIS_DSP/FilteringFunctions/arm_conv_partial_opt_q15.o
LOAD ./Dave/Generated/CMSIS_DSP/FilteringFunctions/arm_conv_partial_opt_q7.o
LOAD ./Dave/Generated/CMSIS_DSP/FilteringFunctions/arm_conv_partial_q15.o
LOAD ./Dave/Generated/CMSIS_DSP/FilteringFunctions/arm_conv_partial_q31.o
LOAD ./Dave/Generated/CMSIS_DSP/FilteringFunctions/arm_conv_partial_q7.o
LOAD ./Dave/Generated/CMSIS_DSP/FilteringFunctions/arm_conv_q15.o
LOAD ./Dave/Generated/CMSIS_DSP/FilteringFunctions/arm_conv_q31.o
LOAD ./Dave/Generated/CMSIS_DSP/FilteringFunctions/arm_conv_q7.o
LOAD ./Dave/Generated/CMSIS_DSP/FilteringFunctions/arm_correlate_f32.o
LOAD ./Dave/Generated/CMSIS_DSP/FilteringFunctions/arm_correlate_fast_opt_q15.o
LOAD ./Dave/Generated/CMSIS_DSP/FilteringFunctions/arm_correlate_fast_q15.o
LOAD ./Dave/Generated/CMSIS_DSP/FilteringFunctions/arm_correlate_fast_q31.o
LOAD ./Dave/Generated/CMSIS_DSP/FilteringFunctions/arm_correlate_opt_q15.o
LOAD ./Dave/Generated/CMSIS_DSP/FilteringFunctions/arm_correlate_opt_q7.o
LOAD ./Dave/Generated/CMSIS_DSP/FilteringFunctions/arm_correlate_q15.o
LOAD ./Dave/Generated/CMSIS_DSP/FilteringFunctions/arm_correlate_q31.o
LOAD ./Dave/Generated/CMSIS_DSP/FilteringFunctions/arm_correlate_q7.o
LOAD ./Dave/Generated/CMSIS_DSP/FilteringFunctions/arm_fir_decimate_f32.o
LOAD ./Dave/Generated/CMSIS_DSP/FilteringFunctions/arm_fir_decimate_fast_q15.o
LOAD ./Dave/Generated/CMSIS_DSP/FilteringFunctions/arm_fir_decimate_fast_q31.o
LOAD ./Dave/Generated/CMSIS_DSP/FilteringFunctions/arm_fir_decimate_init_f32.o
LOAD ./Dave/Generated/CMSIS_DSP/FilteringFunctions/arm_fir_decimate_init_q15.o
LOAD ./Dave/Generated/CMSIS_DSP/FilteringFunctions/arm_fir_decimate_init_q31.o
LOAD ./Dave/Generated/CMSIS_DSP/FilteringFunctions/arm_fir_decimate_q15.o
LOAD ./Dave/Generated/CMSIS_DSP/FilteringFunctions/arm_fir_decimate_q31.o
LOAD ./Dave/Generated/CMSIS_DSP/FilteringFunctions/arm_fir_f32.o
LOAD ./Dave/Generated/CMSIS_DSP/FilteringFunctions/arm_fir_fast_q15.o
LOAD ./Dave/Generated/CMSIS_DSP/FilteringFunctions/arm_fir_fast_q31.o
LOAD ./Dave/Generated/CMSIS_DSP/FilteringFunctions/arm_fir_init_f32.o
LOAD ./Dave/Generated/CMSIS_DSP/FilteringFunctions/arm_fir_init_q15.o
LOAD ./Dave/Generated/CMSIS_DSP/FilteringFunctions/arm_fir_init_q31.o
LOAD ./Dave/Generated/CMSIS_DSP/FilteringFunctions/arm_fir_init_q7.o
LOAD ./Dave/Generated/CMSIS_DSP/FilteringFunctions/arm_fir_interpolate_f32.o
LOAD ./Dave/Generated/CMSIS_DSP/FilteringFunctions/arm_fir_interpolate_init_f32.o
LOAD ./Dave/Generated/CMSIS_DSP/FilteringFunctions/arm_fir_interpolate_init_q15.o
LOAD ./Dave/Generated/CMSIS_DSP/FilteringFunctions/arm_fir_interpolate_init_q31.o
LOAD ./Dave/Generated/CMSIS_DSP/FilteringFunctions/arm_fir_interpolate_q15.o
LOAD ./Dave/Generated/CMSIS_DSP/FilteringFunctions/arm_fir_interpolate_q31.o
LOAD ./Dave/Generated/CMSIS_DSP/FilteringFunctions/arm_fir_lattice_f32.o
LOAD ./Dave/Generated/CMSIS_DSP/FilteringFunctions/arm_fir_lattice_init_f32.o
LOAD ./Dave/Generated/CMSIS_DSP/FilteringFunctions/arm_fir_lattice_init_q15.o
LOAD ./Dave/Generated/CMSIS_DSP/FilteringFunctions/arm_fir_lattice_init_q31.o
LOAD ./Dave/Generated/CMSIS_DSP/FilteringFunctions/arm_fir_lattice_q15.o
LOAD ./Dave/Generated/CMSIS_DSP/FilteringFunctions/arm_fir_lattice_q31.o
LOAD ./Dave/Generated/CMSIS_DSP/FilteringFunctions/arm_fir_q15.o
LOAD ./Dave/Generated/CMSIS_DSP/FilteringFunctions/arm_fir_q31.o
LOAD ./Dave/Generated/CMSIS_DSP/FilteringFunctions/arm_fir_q7.o
LOAD ./Dave/Generated/CMSIS_DSP/FilteringFunctions/arm_fir_sparse_f32.o
LOAD ./Dave/Generated/CMSIS_DSP/FilteringFunctions/arm_fir_sparse_init_f32.o
LOAD ./Dave/Generated/CMSIS_DSP/FilteringFunctions/arm_fir_sparse_init_q15.o
LOAD ./Dave/Generated/CMSIS_DSP/FilteringFunctions/arm_fir_sparse_init_q31.o
LOAD ./Dave/Generated/CMSIS_DSP/FilteringFunctions/arm_fir_sparse_init_q7.o
LOAD ./Dave/Generated/CMSIS_DSP/FilteringFunctions/arm_fir_sparse_q15.o
LOAD ./Dave/Generated/CMSIS_DSP/FilteringFunctions/arm_fir_sparse_q31.o
LOAD ./Dave/Generated/CMSIS_DSP/FilteringFunctions/arm_fir_sparse_q7.o
LOAD ./Dave/Generated/CMSIS_DSP/FilteringFunctions/arm_iir_lattice_f32.o
LOAD ./Dave/Generated/CMSIS_DSP/FilteringFunctions/arm_iir_lattice_init_f32.o
LOAD ./Dave/Generated/CMSIS_DSP/FilteringFunctions/arm_iir_lattice_init_q15.o
LOAD ./Dave/Generated/CMSIS_DSP/FilteringFunctions/arm_iir_lattice_init_q31.o
LOAD ./Dave/Generated/CMSIS_DSP/FilteringFunctions/arm_iir_lattice_q15.o
LOAD ./Dave/Generated/CMSIS_DSP/FilteringFunctions/arm_iir_lattice_q31.o
LOAD ./Dave/Generated/CMSIS_DSP/FilteringFunctions/arm_lms_f32.o
LOAD ./Dave/Generated/CMSIS_DSP/FilteringFunctions/arm_lms_init_f32.o
LOAD ./Dave/Generated/CMSIS_DSP/FilteringFunctions/arm_lms_init_q15.o
LOAD ./Dave/Generated/CMSIS_DSP/FilteringFunctions/arm_lms_init_q31.o
LOAD ./Dave/Generated/CMSIS_DSP/FilteringFunctions/arm_lms_norm_f32.o
LOAD ./Dave/Generated/CMSIS_DSP/FilteringFunctions/arm_lms_norm_init_f32.o
LOAD ./Dave/Generated/CMSIS_DSP/FilteringFunctions/arm_lms_norm_init_q15.o
LOAD ./Dave/Generated/CMSIS_DSP/FilteringFunctions/arm_lms_norm_init_q31.o
LOAD ./Dave/Generated/CMSIS_DSP/FilteringFunctions/arm_lms_norm_q15.o
LOAD ./Dave/Generated/CMSIS_DSP/FilteringFunctions/arm_lms_norm_q31.o
LOAD ./Dave/Generated/CMSIS_DSP/FilteringFunctions/arm_lms_q15.o
LOAD ./Dave/Generated/CMSIS_DSP/FilteringFunctions/arm_lms_q31.o
LOAD ./Dave/Generated/CMSIS_DSP/FastMathFunctions/arm_cos_f32.o
LOAD ./Dave/Generated/CMSIS_DSP/FastMathFunctions/arm_cos_q15.o
LOAD ./Dave/Generated/CMSIS_DSP/FastMathFunctions/arm_cos_q31.o
LOAD ./Dave/Generated/CMSIS_DSP/FastMathFunctions/arm_sin_f32.o
LOAD ./Dave/Generated/CMSIS_DSP/FastMathFunctions/arm_sin_q15.o
LOAD ./Dave/Generated/CMSIS_DSP/FastMathFunctions/arm_sin_q31.o
LOAD ./Dave/Generated/CMSIS_DSP/FastMathFunctions/arm_sqrt_q15.o
LOAD ./Dave/Generated/CMSIS_DSP/FastMathFunctions/arm_sqrt_q31.o
LOAD ./Dave/Generated/CMSIS_DSP/ControllerFunctions/arm_pid_init_f32.o
LOAD ./Dave/Generated/CMSIS_DSP/ControllerFunctions/arm_pid_init_q15.o
LOAD ./Dave/Generated/CMSIS_DSP/ControllerFunctions/arm_pid_init_q31.o
LOAD ./Dave/Generated/CMSIS_DSP/ControllerFunctions/arm_pid_reset_f32.o
LOAD ./Dave/Generated/CMSIS_DSP/ControllerFunctions/arm_pid_reset_q15.o
LOAD ./Dave/Generated/CMSIS_DSP/ControllerFunctions/arm_pid_reset_q31.o
LOAD ./Dave/Generated/CMSIS_DSP/ControllerFunctions/arm_sin_cos_f32.o
LOAD ./Dave/Generated/CMSIS_DSP/ControllerFunctions/arm_sin_cos_q31.o
LOAD ./Dave/Generated/CMSIS_DSP/ComplexMathFunctions/arm_cmplx_conj_f32.o
LOAD ./Dave/Generated/CMSIS_DSP/ComplexMathFunctions/arm_cmplx_conj_q15.o
LOAD ./Dave/Generated/CMSIS_DSP/ComplexMathFunctions/arm_cmplx_conj_q31.o
LOAD ./Dave/Generated/CMSIS_DSP/ComplexMathFunctions/arm_cmplx_dot_prod_f32.o
LOAD ./Dave/Generated/CMSIS_DSP/ComplexMathFunctions/arm_cmplx_dot_prod_q15.o
LOAD ./Dave/Generated/CMSIS_DSP/ComplexMathFunctions/arm_cmplx_dot_prod_q31.o
LOAD ./Dave/Generated/CMSIS_DSP/ComplexMathFunctions/arm_cmplx_mag_f32.o
LOAD ./Dave/Generated/CMSIS_DSP/ComplexMathFunctions/arm_cmplx_mag_q15.o
LOAD ./Dave/Generated/CMSIS_DSP/ComplexMathFunctions/arm_cmplx_mag_q31.o
LOAD ./Dave/Generated/CMSIS_DSP/ComplexMathFunctions/arm_cmplx_mag_squared_f32.o
LOAD ./Dave/Generated/CMSIS_DSP/ComplexMathFunctions/arm_cmplx_mag_squared_q15.o
LOAD ./Dave/Generated/CMSIS_DSP/ComplexMathFunctions/arm_cmplx_mag_squared_q31.o
LOAD ./Dave/Generated/CMSIS_DSP/ComplexMathFunctions/arm_cmplx_mult_cmplx_f32.o
LOAD ./Dave/Generated/CMSIS_DSP/ComplexMathFunctions/arm_cmplx_mult_cmplx_q15.o
LOAD ./Dave/Generated/CMSIS_DSP/ComplexMathFunctions/arm_cmplx_mult_cmplx_q31.o
LOAD ./Dave/Generated/CMSIS_DSP/ComplexMathFunctions/arm_cmplx_mult_real_f32.o
LOAD ./Dave/Generated/CMSIS_DSP/ComplexMathFunctions/arm_cmplx_mult_real_q15.o
LOAD ./Dave/Generated/CMSIS_DSP/ComplexMathFunctions/arm_cmplx_mult_real_q31.o
LOAD ./Dave/Generated/CMSIS_DSP/CommonTables/arm_common_tables.o
LOAD ./Dave/Generated/CMSIS_DSP/CommonTables/arm_const_structs.o
LOAD ./Dave/Generated/CMSIS_DSP/BasicMathFunctions/arm_abs_f32.o
LOAD ./Dave/Generated/CMSIS_DSP/BasicMathFunctions/arm_abs_q15.o
LOAD ./Dave/Generated/CMSIS_DSP/BasicMathFunctions/arm_abs_q31.o
LOAD ./Dave/Generated/CMSIS_DSP/BasicMathFunctions/arm_abs_q7.o
LOAD ./Dave/Generated/CMSIS_DSP/BasicMathFunctions/arm_add_f32.o
LOAD ./Dave/Generated/CMSIS_DSP/BasicMathFunctions/arm_add_q15.o
LOAD ./Dave/Generated/CMSIS_DSP/BasicMathFunctions/arm_add_q31.o
LOAD ./Dave/Generated/CMSIS_DSP/BasicMathFunctions/arm_add_q7.o
LOAD ./Dave/Generated/CMSIS_DSP/BasicMathFunctions/arm_dot_prod_f32.o
LOAD ./Dave/Generated/CMSIS_DSP/BasicMathFunctions/arm_dot_prod_q15.o
LOAD ./Dave/Generated/CMSIS_DSP/BasicMathFunctions/arm_dot_prod_q31.o
LOAD ./Dave/Generated/CMSIS_DSP/BasicMathFunctions/arm_dot_prod_q7.o
LOAD ./Dave/Generated/CMSIS_DSP/BasicMathFunctions/arm_mult_f32.o
LOAD ./Dave/Generated/CMSIS_DSP/BasicMathFunctions/arm_mult_q15.o
LOAD ./Dave/Generated/CMSIS_DSP/BasicMathFunctions/arm_mult_q31.o
LOAD ./Dave/Generated/CMSIS_DSP/BasicMathFunctions/arm_mult_q7.o
LOAD ./Dave/Generated/CMSIS_DSP/BasicMathFunctions/arm_negate_f32.o
LOAD ./Dave/Generated/CMSIS_DSP/BasicMathFunctions/arm_negate_q15.o
LOAD ./Dave/Generated/CMSIS_DSP/BasicMathFunctions/arm_negate_q31.o
LOAD ./Dave/Generated/CMSIS_DSP/BasicMathFunctions/arm_negate_q7.o
LOAD ./Dave/Generated/CMSIS_DSP/BasicMathFunctions/arm_offset_f32.o
LOAD ./Dave/Generated/CMSIS_DSP/BasicMathFunctions/arm_offset_q15.o
LOAD ./Dave/Generated/CMSIS_DSP/BasicMathFunctions/arm_offset_q31.o
LOAD ./Dave/Generated/CMSIS_DSP/BasicMathFunctions/arm_offset_q7.o
LOAD ./Dave/Generated/CMSIS_DSP/BasicMathFunctions/arm_scale_f32.o
LOAD ./Dave/Generated/CMSIS_DSP/BasicMathFunctions/arm_scale_q15.o
LOAD ./Dave/Generated/CMSIS_DSP/BasicMathFunctions/arm_scale_q31.o
LOAD ./Dave/Generated/CMSIS_DSP/BasicMathFunctions/arm_scale_q7.o
LOAD ./Dave/Generated/CMSIS_DSP/BasicMathFunctions/arm_shift_q15.o
LOAD ./Dave/Generated/CMSIS_DSP/BasicMathFunctions/arm_shift_q31.o
LOAD ./Dave/Generated/CMSIS_DSP/BasicMathFunctions/arm_shift_q7.o
LOAD ./Dave/Generated/CMSIS_DSP/BasicMathFunctions/arm_sub_f32.o
LOAD ./Dave/Generated/CMSIS_DSP/BasicMathFunctions/arm_sub_q15.o
LOAD ./Dave/Generated/CMSIS_DSP/BasicMathFunctions/arm_sub_q31.o
LOAD ./Dave/Generated/CMSIS_DSP/BasicMathFunctions/arm_sub_q7.o
LOAD ./Dave/Generated/CMSIS_DSP/cmsis_dsp.o
LOAD ./Dave/Generated/CLOCK_XMC4/clock_xmc4.o
LOAD ./Dave/Generated/CLOCK_XMC4/clock_xmc4_conf.o
LOAD ./Dave/Generated/ADC_MEASUREMENT_ADV/adc_measurement_adv.o
LOAD ./Dave/Generated/ADC_MEASUREMENT_ADV/adc_measurement_adv_conf.o
LOAD ./Dave/Generated/DAVE.o
LOAD ./main.o
LOAD ./probe_scope.o
LOAD c:/program files (x86)/dave/eclipse/arm-gcc-49/bin/../lib/gcc/arm-none-eabi/4.9.3/../../../../arm-none-eabi/lib/armv7e-m/softfp\libm.a
START GROUP
LOAD c:/program files (x86)/dave/eclipse/arm-gcc-49/bin/../lib/gcc/arm-none-eabi/4.9.3/armv7e-m/softfp\libgcc.a
LOAD c:/program files (x86)/dave/eclipse/arm-gcc-49/bin/../lib/gcc/arm-none-eabi/4.9.3/../../../../arm-none-eabi/lib/armv7e-m/softfp\libg_nano.a
LOAD c:/program files (x86)/dave/eclipse/arm-gcc-49/bin/../lib/gcc/arm-none-eabi/4.9.3/../../../../arm-none-eabi/lib/armv7e-m/softfp\libc_nano.a
END GROUP
START GROUP
LOAD c:/program files (x86)/dave/eclipse/arm-gcc-49/bin/../lib/gcc/arm-none-eabi/4.9.3/armv7e-m/softfp\libgcc.a
LOAD c:/program files (x86)/dave/eclipse/arm-gcc-49/bin/../lib/gcc/arm-none-eabi/4.9.3/../../../../arm-none-eabi/lib/armv7e-m/softfp\libc_nano.a
LOAD c:/program files (x86)/dave/eclipse/arm-gcc-49/bin/../lib/gcc/arm-none-eabi/4.9.3/../../../../arm-none-eabi/lib/armv7e-m/softfp\libnosys.a
END GROUP
START GROUP
LOAD c:/program files (x86)/dave/eclipse/arm-gcc-49/bin/../lib/gcc/arm-none-eabi/4.9.3/armv7e-m/softfp\libgcc.a
LOAD c:/program files (x86)/dave/eclipse/arm-gcc-49/bin/../lib/gcc/arm-none-eabi/4.9.3/../../../../arm-none-eabi/lib/armv7e-m/softfp\libc_nano.a
LOAD c:/program files (x86)/dave/eclipse/arm-gcc-49/bin/../lib/gcc/arm-none-eabi/4.9.3/../../../../arm-none-eabi/lib/armv7e-m/softfp\libnosys.a
END GROUP
                0x00000800                stack_size = DEFINED (stack_size)?stack_size:0x800
                0x00000040                no_init_size = 0x40

.text           0x08000000     0x64f8 load address 0x0c000000
                0x08000000                sText = .
 *(.reset)
 .reset         0x08000000      0x2b4 ./Startup/startup_XMC4500.o
                0x08000000                __Vectors
                0x08000200                Reset_Handler
                0x080002b0                DSD0_7_IRQHandler
                0x080002b0                DebugMon_Handler
                0x080002b0                VADC0_C0_0_IRQHandler
                0x080002b0                CAN0_4_IRQHandler
                0x080002b0                VADC0_G2_0_IRQHandler
                0x080002b0                USIC0_5_IRQHandler
                0x080002b0                POSIF0_0_IRQHandler
                0x080002b0                POSIF1_0_IRQHandler
                0x080002b0                HardFault_Handler
                0x080002b0                VADC0_G1_1_IRQHandler
                0x080002b0                SysTick_Handler
                0x080002b0                PendSV_Handler
                0x080002b0                NMI_Handler
                0x080002b0                USIC1_3_IRQHandler
                0x080002b0                CCU40_2_IRQHandler
                0x080002b0                SCU_0_IRQHandler
                0x080002b0                ERU0_0_IRQHandler
                0x080002b0                CCU41_0_IRQHandler
                0x080002b0                USIC1_5_IRQHandler
                0x080002b0                DSD0_4_IRQHandler
                0x080002b0                CCU80_1_IRQHandler
                0x080002b0                CCU81_0_IRQHandler
                0x080002b0                UsageFault_Handler
                0x080002b0                USIC0_0_IRQHandler
                0x080002b0                POSIF1_1_IRQHandler
                0x080002b0                ERU0_2_IRQHandler
                0x080002b0                CCU81_1_IRQHandler
                0x080002b0                ERU1_1_IRQHandler
                0x080002b0                VADC0_G2_3_IRQHandler
                0x080002b0                VADC0_G2_2_IRQHandler
                0x080002b0                CCU42_3_IRQHandler
                0x080002b0                ERU0_3_IRQHandler
                0x080002b0                DSD0_5_IRQHandler
                0x080002b0                VADC0_C0_3_IRQHandler
                0x080002b0                CAN0_6_IRQHandler
                0x080002b0                CCU43_0_IRQHandler
                0x080002b0                VADC0_G0_1_IRQHandler
                0x080002b0                CCU81_2_IRQHandler
                0x080002b0                USIC2_4_IRQHandler
                0x080002b0                CCU81_3_IRQHandler
                0x080002b0                CCU42_1_IRQHandler
                0x080002b0                USIC1_1_IRQHandler
                0x080002b0                USIC2_5_IRQHandler
                0x080002b0                CCU40_0_IRQHandler
                0x080002b0                CAN0_0_IRQHandler
                0x080002b0                ERU1_0_IRQHandler
                0x080002b0                CCU42_2_IRQHandler
                0x080002b0                Default_Handler
                0x080002b0                USIC1_4_IRQHandler
                0x080002b0                ERU1_3_IRQHandler
                0x080002b0                USIC1_0_IRQHandler
                0x080002b0                POSIF0_1_IRQHandler
                0x080002b0                VADC0_G0_0_IRQHandler
                0x080002b0                DSD0_2_IRQHandler
                0x080002b0                CCU41_3_IRQHandler
                0x080002b0                CCU80_2_IRQHandler
                0x080002b0                VADC0_G1_3_IRQHandler
                0x080002b0                VADC0_G0_3_IRQHandler
                0x080002b0                GPDMA0_0_IRQHandler
                0x080002b0                PMU0_0_IRQHandler
                0x080002b0                CAN0_7_IRQHandler
                0x080002b0                DSD0_1_IRQHandler
                0x080002b0                CCU41_2_IRQHandler
                0x080002b0                VADC0_C0_1_IRQHandler
                0x080002b0                CCU43_2_IRQHandler
                0x080002b0                USIC2_2_IRQHandler
                0x080002b0                MemManage_Handler
                0x080002b0                VADC0_G3_1_IRQHandler
                0x080002b0                DAC0_0_IRQHandler
                0x080002b0                SVC_Handler
                0x080002b0                VADC0_G3_3_IRQHandler
                0x080002b0                ERU1_2_IRQHandler
                0x080002b0                CCU41_1_IRQHandler
                0x080002b0                DSD0_6_IRQHandler
                0x080002b0                CCU43_1_IRQHandler
                0x080002b0                VADC0_G1_2_IRQHandler
                0x080002b0                USIC2_3_IRQHandler
                0x080002b0                CAN0_2_IRQHandler
                0x080002b0                USIC2_0_IRQHandler
                0x080002b0                VADC0_G0_2_IRQHandler
                0x080002b0                VADC0_G2_1_IRQHandler
                0x080002b0                CAN0_3_IRQHandler
                0x080002b0                ETH0_0_IRQHandler
                0x080002b0                USIC0_3_IRQHandler
                0x080002b0                DSD0_0_IRQHandler
                0x080002b0                VADC0_C0_2_IRQHandler
                0x080002b0                CCU42_0_IRQHandler
                0x080002b0                FCE0_0_IRQHandler
                0x080002b0                VADC0_G1_0_IRQHandler
                0x080002b0                USB0_0_IRQHandler
                0x080002b0                CAN0_5_IRQHandler
                0x080002b0                CCU80_0_IRQHandler
                0x080002b0                CCU40_1_IRQHandler
                0x080002b0                USIC2_1_IRQHandler
                0x080002b0                USIC0_1_IRQHandler
                0x080002b0                VADC0_G3_2_IRQHandler
                0x080002b0                CCU40_3_IRQHandler
                0x080002b0                BusFault_Handler
                0x080002b0                LEDTS0_0_IRQHandler
                0x080002b0                USIC0_4_IRQHandler
                0x080002b0                CCU43_3_IRQHandler
                0x080002b0                ERU0_1_IRQHandler
                0x080002b0                VADC0_G3_0_IRQHandler
                0x080002b0                USIC1_2_IRQHandler
                0x080002b0                DSD0_3_IRQHandler
                0x080002b0                SDMMC0_0_IRQHandler
                0x080002b0                CAN0_1_IRQHandler
                0x080002b0                USIC0_2_IRQHandler
                0x080002b0                DAC0_1_IRQHandler
                0x080002b0                GPDMA1_0_IRQHandler
 *(.text .text.* .gnu.linkonce.t.*)
 .text.SystemInit
                0x080002b4       0x20 ./Startup/system_XMC4500.o
                0x080002b4                SystemInit
 .text.SystemCoreClockUpdate
                0x080002d4       0xd4 ./Startup/system_XMC4500.o
                0x080002d4                SystemCoreClockUpdate
 .text.XMC_GPIO_Init
                0x080003a8      0x140 ./Libraries/XMCLib/src/xmc4_gpio.o
                0x080003a8                XMC_GPIO_Init
 .text.XMC_SCU_CLOCK_GetCpuClockFrequency
                0x080004e8       0x18 ./Libraries/XMCLib/src/xmc4_scu.o
 .text.XMC_SCU_lDelay
                0x08000500       0x44 ./Libraries/XMCLib/src/xmc4_scu.o
 .text.XMC_SCU_CLOCK_Init
                0x08000544       0xe0 ./Libraries/XMCLib/src/xmc4_scu.o
                0x08000544                XMC_SCU_CLOCK_Init
 .text.XMC_SCU_RESET_DeassertPeripheralReset
                0x08000624       0x38 ./Libraries/XMCLib/src/xmc4_scu.o
                0x08000624                XMC_SCU_RESET_DeassertPeripheralReset
 .text.XMC_SCU_RESET_IsPeripheralResetAsserted
                0x0800065c       0x48 ./Libraries/XMCLib/src/xmc4_scu.o
                0x0800065c                XMC_SCU_RESET_IsPeripheralResetAsserted
 .text.XMC_SCU_CLOCK_GetPeripheralClockFrequency
                0x080006a4       0x20 ./Libraries/XMCLib/src/xmc4_scu.o
                0x080006a4                XMC_SCU_CLOCK_GetPeripheralClockFrequency
 .text.XMC_SCU_CLOCK_SetSystemClockSource
                0x080006c4       0x28 ./Libraries/XMCLib/src/xmc4_scu.o
                0x080006c4                XMC_SCU_CLOCK_SetSystemClockSource
 .text.XMC_SCU_CLOCK_SetUsbClockSource
                0x080006ec       0x28 ./Libraries/XMCLib/src/xmc4_scu.o
                0x080006ec                XMC_SCU_CLOCK_SetUsbClockSource
 .text.XMC_SCU_CLOCK_SetWdtClockSource
                0x08000714       0x28 ./Libraries/XMCLib/src/xmc4_scu.o
                0x08000714                XMC_SCU_CLOCK_SetWdtClockSource
 .text.XMC_SCU_CLOCK_SetSystemPllClockSource
                0x0800073c       0x40 ./Libraries/XMCLib/src/xmc4_scu.o
                0x0800073c                XMC_SCU_CLOCK_SetSystemPllClockSource
 .text.XMC_SCU_HIB_SetRtcClockSource
                0x0800077c       0x3c ./Libraries/XMCLib/src/xmc4_scu.o
                0x0800077c                XMC_SCU_HIB_SetRtcClockSource
 .text.XMC_SCU_HIB_SetStandbyClockSource
                0x080007b8       0x3c ./Libraries/XMCLib/src/xmc4_scu.o
                0x080007b8                XMC_SCU_HIB_SetStandbyClockSource
 .text.XMC_SCU_CLOCK_SetSystemClockDivider
                0x080007f4       0x28 ./Libraries/XMCLib/src/xmc4_scu.o
                0x080007f4                XMC_SCU_CLOCK_SetSystemClockDivider
 .text.XMC_SCU_CLOCK_SetCcuClockDivider
                0x0800081c       0x28 ./Libraries/XMCLib/src/xmc4_scu.o
                0x0800081c                XMC_SCU_CLOCK_SetCcuClockDivider
 .text.XMC_SCU_CLOCK_SetCpuClockDivider
                0x08000844       0x28 ./Libraries/XMCLib/src/xmc4_scu.o
                0x08000844                XMC_SCU_CLOCK_SetCpuClockDivider
 .text.XMC_SCU_CLOCK_SetPeripheralClockDivider
                0x0800086c       0x28 ./Libraries/XMCLib/src/xmc4_scu.o
                0x0800086c                XMC_SCU_CLOCK_SetPeripheralClockDivider
 .text.XMC_SCU_CLOCK_SetUsbClockDivider
                0x08000894       0x28 ./Libraries/XMCLib/src/xmc4_scu.o
                0x08000894                XMC_SCU_CLOCK_SetUsbClockDivider
 .text.XMC_SCU_CLOCK_SetEbuClockDivider
                0x080008bc       0x28 ./Libraries/XMCLib/src/xmc4_scu.o
                0x080008bc                XMC_SCU_CLOCK_SetEbuClockDivider
 .text.XMC_SCU_CLOCK_SetWdtClockDivider
                0x080008e4       0x28 ./Libraries/XMCLib/src/xmc4_scu.o
                0x080008e4                XMC_SCU_CLOCK_SetWdtClockDivider
 .text.XMC_SCU_CLOCK_EnableClock
                0x0800090c       0x20 ./Libraries/XMCLib/src/xmc4_scu.o
                0x0800090c                XMC_SCU_CLOCK_EnableClock
 .text.XMC_SCU_CLOCK_StartUsbPll
                0x0800092c       0x74 ./Libraries/XMCLib/src/xmc4_scu.o
                0x0800092c                XMC_SCU_CLOCK_StartUsbPll
 .text.XMC_SCU_CLOCK_SetBackupClockCalibrationMode
                0x080009a0       0x4c ./Libraries/XMCLib/src/xmc4_scu.o
                0x080009a0                XMC_SCU_CLOCK_SetBackupClockCalibrationMode
 .text.XMC_SCU_HIB_EnableHibernateDomain
                0x080009ec       0x58 ./Libraries/XMCLib/src/xmc4_scu.o
                0x080009ec                XMC_SCU_HIB_EnableHibernateDomain
 .text.XMC_SCU_CLOCK_IsLowPowerOscillatorStable
                0x08000a44       0x24 ./Libraries/XMCLib/src/xmc4_scu.o
                0x08000a44                XMC_SCU_CLOCK_IsLowPowerOscillatorStable
 .text.XMC_SCU_CLOCK_EnableLowPowerOscillator
                0x08000a68       0x64 ./Libraries/XMCLib/src/xmc4_scu.o
                0x08000a68                XMC_SCU_CLOCK_EnableLowPowerOscillator
 .text.XMC_SCU_CLOCK_EnableHighPerformanceOscillator
                0x08000acc       0x50 ./Libraries/XMCLib/src/xmc4_scu.o
                0x08000acc                XMC_SCU_CLOCK_EnableHighPerformanceOscillator
 .text.XMC_SCU_CLOCK_IsHighPerformanceOscillatorStable
                0x08000b1c       0x28 ./Libraries/XMCLib/src/xmc4_scu.o
                0x08000b1c                XMC_SCU_CLOCK_IsHighPerformanceOscillatorStable
 .text.XMC_SCU_CLOCK_EnableSystemPll
                0x08000b44       0x20 ./Libraries/XMCLib/src/xmc4_scu.o
                0x08000b44                XMC_SCU_CLOCK_EnableSystemPll
 .text.XMC_SCU_CLOCK_DisableSystemPll
                0x08000b64       0x20 ./Libraries/XMCLib/src/xmc4_scu.o
                0x08000b64                XMC_SCU_CLOCK_DisableSystemPll
 .text.XMC_SCU_CLOCK_StartSystemPll
                0x08000b84      0x174 ./Libraries/XMCLib/src/xmc4_scu.o
                0x08000b84                XMC_SCU_CLOCK_StartSystemPll
 .text.XMC_SCU_CLOCK_StepSystemPllFrequency
                0x08000cf8       0x2c ./Libraries/XMCLib/src/xmc4_scu.o
                0x08000cf8                XMC_SCU_CLOCK_StepSystemPllFrequency
 .text.XMC_CCU8_StartPrescaler
                0x08000d24       0x20 ./Libraries/XMCLib/src/xmc_ccu8.o
 .text.XMC_CCU8_SLICE_StopTimer
                0x08000d44       0x18 ./Libraries/XMCLib/src/xmc_ccu8.o
 .text.XMC_CCU8_lDeassertReset
                0x08000d5c       0x38 ./Libraries/XMCLib/src/xmc_ccu8.o
 .text.XMC_CCU8_EnableModule
                0x08000d94       0x1c ./Libraries/XMCLib/src/xmc_ccu8.o
                0x08000d94                XMC_CCU8_EnableModule
 .text.XMC_CCU8_Init
                0x08000db0       0x3c ./Libraries/XMCLib/src/xmc_ccu8.o
                0x08000db0                XMC_CCU8_Init
 .text.XMC_CCU8_SLICE_CompareInit
                0x08000dec       0x74 ./Libraries/XMCLib/src/xmc_ccu8.o
                0x08000dec                XMC_CCU8_SLICE_CompareInit
 .text.XMC_CCU8_SLICE_SetTimerPeriodMatch
                0x08000e60       0x1c ./Libraries/XMCLib/src/xmc_ccu8.o
                0x08000e60                XMC_CCU8_SLICE_SetTimerPeriodMatch
 .text.XMC_CCU8_SLICE_SetTimerCompareMatch
                0x08000e7c       0x30 ./Libraries/XMCLib/src/xmc_ccu8.o
                0x08000e7c                XMC_CCU8_SLICE_SetTimerCompareMatch
 .text.XMC_CCU8_SLICE_SetInterruptNode
                0x08000eac       0xb8 ./Libraries/XMCLib/src/xmc_ccu8.o
                0x08000eac                XMC_CCU8_SLICE_SetInterruptNode
 .text.XMC_DAC_CH_EnableOutput
                0x08000f64       0x30 ./Libraries/XMCLib/src/xmc_dac.o
 .text.XMC_DAC_CH_EnablePatternSignOutput
                0x08000f94       0x30 ./Libraries/XMCLib/src/xmc_dac.o
 .text.XMC_DAC_CH_DisablePatternSignOutput
                0x08000fc4       0x30 ./Libraries/XMCLib/src/xmc_dac.o
 .text.XMC_DAC_CH_SetRampStart
                0x08000ff4       0x28 ./Libraries/XMCLib/src/xmc_dac.o
 .text.XMC_DAC_CH_SetRampStop
                0x0800101c       0x3c ./Libraries/XMCLib/src/xmc_dac.o
 .text.XMC_DAC_CH_SetTrigger
                0x08001058       0x34 ./Libraries/XMCLib/src/xmc_dac.o
 .text.XMC_DAC_CH_SetMode
                0x0800108c       0x34 ./Libraries/XMCLib/src/xmc_dac.o
 .text.XMC_DAC_Enable
                0x080010c0       0x18 ./Libraries/XMCLib/src/xmc_dac.o
                0x080010c0                XMC_DAC_Enable
 .text.XMC_DAC_CH_Init
                0x080010d8       0x48 ./Libraries/XMCLib/src/xmc_dac.o
                0x080010d8                XMC_DAC_CH_Init
 .text.XMC_DAC_CH_SetFrequency
                0x08001120       0x60 ./Libraries/XMCLib/src/xmc_dac.o
                0x08001120                XMC_DAC_CH_SetFrequency
 .text.XMC_DAC_CH_SetRampFrequency
                0x08001180       0x50 ./Libraries/XMCLib/src/xmc_dac.o
                0x08001180                XMC_DAC_CH_SetRampFrequency
 .text.XMC_DAC_CH_StartSingleValueMode
                0x080011d0       0x24 ./Libraries/XMCLib/src/xmc_dac.o
                0x080011d0                XMC_DAC_CH_StartSingleValueMode
 .text.XMC_DAC_CH_StartDataMode
                0x080011f4       0x60 ./Libraries/XMCLib/src/xmc_dac.o
                0x080011f4                XMC_DAC_CH_StartDataMode
 .text.XMC_DAC_CH_StartRampMode
                0x08001254       0x88 ./Libraries/XMCLib/src/xmc_dac.o
                0x08001254                XMC_DAC_CH_StartRampMode
 .text.XMC_DAC_CH_StartPatternMode
                0x080012dc       0x90 ./Libraries/XMCLib/src/xmc_dac.o
                0x080012dc                XMC_DAC_CH_StartPatternMode
 .text.XMC_DAC_CH_StartNoiseMode
                0x0800136c       0x60 ./Libraries/XMCLib/src/xmc_dac.o
                0x0800136c                XMC_DAC_CH_StartNoiseMode
 .text.XMC_DAC_CH_SetPattern
                0x080013cc       0xa0 ./Libraries/XMCLib/src/xmc_dac.o
                0x080013cc                XMC_DAC_CH_SetPattern
 .text.XMC_GPIO_SetHardwareControl
                0x0800146c       0x44 ./Libraries/XMCLib/src/xmc_gpio.o
                0x0800146c                XMC_GPIO_SetHardwareControl
 .text.XMC_VADC_GROUP_ExternalMuxControlInit
                0x080014b0       0x6c ./Libraries/XMCLib/src/xmc_vadc.o
 .text.XMC_VADC_GROUP_QueueEnableArbitrationSlot
                0x0800151c       0x24 ./Libraries/XMCLib/src/xmc_vadc.o
 .text.XMC_VADC_GROUP_QueueDisableArbitrationSlot
                0x08001540       0x24 ./Libraries/XMCLib/src/xmc_vadc.o
 .text.XMC_VADC_GLOBAL_EnableModule
                0x08001564        0xc ./Libraries/XMCLib/src/xmc_vadc.o
                0x08001564                XMC_VADC_GLOBAL_EnableModule
 .text.XMC_VADC_GLOBAL_Init
                0x08001570       0x54 ./Libraries/XMCLib/src/xmc_vadc.o
                0x08001570                XMC_VADC_GLOBAL_Init
 .text.XMC_VADC_GLOBAL_StartupCalibration
                0x080015c4       0x60 ./Libraries/XMCLib/src/xmc_vadc.o
                0x080015c4                XMC_VADC_GLOBAL_StartupCalibration
 .text.XMC_VADC_GROUP_Init
                0x08001624       0x68 ./Libraries/XMCLib/src/xmc_vadc.o
                0x08001624                XMC_VADC_GROUP_Init
 .text.XMC_VADC_GROUP_InputClassInit
                0x0800168c       0xb8 ./Libraries/XMCLib/src/xmc_vadc.o
                0x0800168c                XMC_VADC_GROUP_InputClassInit
 .text.XMC_VADC_GROUP_SetPowerMode
                0x08001744       0x38 ./Libraries/XMCLib/src/xmc_vadc.o
                0x08001744                XMC_VADC_GROUP_SetPowerMode
 .text.XMC_VADC_GROUP_SetSyncSlave
                0x0800177c       0x44 ./Libraries/XMCLib/src/xmc_vadc.o
                0x0800177c                XMC_VADC_GROUP_SetSyncSlave
 .text.XMC_VADC_GROUP_SetSyncMaster
                0x080017c0       0x2c ./Libraries/XMCLib/src/xmc_vadc.o
                0x080017c0                XMC_VADC_GROUP_SetSyncMaster
 .text.XMC_VADC_GROUP_CheckSlaveReadiness
                0x080017ec       0x68 ./Libraries/XMCLib/src/xmc_vadc.o
                0x080017ec                XMC_VADC_GROUP_CheckSlaveReadiness
 .text.XMC_VADC_GROUP_QueueInit
                0x08001854       0x9c ./Libraries/XMCLib/src/xmc_vadc.o
                0x08001854                XMC_VADC_GROUP_QueueInit
 .text.XMC_VADC_GROUP_QueueSetReqSrcEventInterruptNode
                0x080018f0       0x38 ./Libraries/XMCLib/src/xmc_vadc.o
                0x080018f0                XMC_VADC_GROUP_QueueSetReqSrcEventInterruptNode
 .text.XMC_VADC_GROUP_ChannelInit
                0x08001928       0xc8 ./Libraries/XMCLib/src/xmc_vadc.o
                0x08001928                XMC_VADC_GROUP_ChannelInit
 .text._init    0x080019f0        0xc ./Libraries/Newlib/syscalls.o
                0x080019f0                _init
 .text.XMC_CCU8_EnableClock
                0x080019fc       0x28 ./Dave/Generated/PWM/pwm.o
 .text.XMC_CCU8_DisableClock
                0x08001a24       0x28 ./Dave/Generated/PWM/pwm.o
 .text.XMC_CCU8_SLICE_StartTimer
                0x08001a4c       0x18 ./Dave/Generated/PWM/pwm.o
 .text.XMC_CCU8_SLICE_StopTimer
                0x08001a64       0x18 ./Dave/Generated/PWM/pwm.o
 .text.XMC_CCU8_SLICE_ClearTimer
                0x08001a7c       0x18 ./Dave/Generated/PWM/pwm.o
 .text.XMC_CCU8_EnableShadowTransfer
                0x08001a94       0x1c ./Dave/Generated/PWM/pwm.o
 .text.XMC_CCU8_SLICE_EnableEvent
                0x08001ab0       0x2c ./Dave/Generated/PWM/pwm.o
 .text.PWM_lCCU8_Init
                0x08001adc       0xc0 ./Dave/Generated/PWM/pwm.o
                0x08001adc                PWM_lCCU8_Init
 .text.PWM_lCCU8_ConfigInterrupts
                0x08001b9c       0x64 ./Dave/Generated/PWM/pwm.o
                0x08001b9c                PWM_lCCU8_ConfigInterrupts
 .text.PWM_lCCU8_Start
                0x08001c00       0x48 ./Dave/Generated/PWM/pwm.o
                0x08001c00                PWM_lCCU8_Start
 .text.PWM_lCCU8_Stop
                0x08001c48       0x48 ./Dave/Generated/PWM/pwm.o
                0x08001c48                PWM_lCCU8_Stop
 .text.PWM_lCCU8_SetDutyCycle
                0x08001c90       0x84 ./Dave/Generated/PWM/pwm.o
                0x08001c90                PWM_lCCU8_SetDutyCycle
 .text.PWM_Init
                0x08001d14       0x2c ./Dave/Generated/PWM/pwm.o
                0x08001d14                PWM_Init
 .text.PWM_Start
                0x08001d40       0x20 ./Dave/Generated/PWM/pwm.o
                0x08001d40                PWM_Start
 .text.PWM_Stop
                0x08001d60       0x20 ./Dave/Generated/PWM/pwm.o
                0x08001d60                PWM_Stop
 .text.PWM_SetDutyCycle
                0x08001d80       0x30 ./Dave/Generated/PWM/pwm.o
                0x08001d80                PWM_SetDutyCycle
 .text.__NVIC_GetPriorityGrouping
                0x08001db0       0x1c ./Dave/Generated/INTERRUPT/interrupt.o
 .text.__NVIC_EnableIRQ
                0x08001dcc       0x38 ./Dave/Generated/INTERRUPT/interrupt.o
 .text.__NVIC_SetPriority
                0x08001e04       0x54 ./Dave/Generated/INTERRUPT/interrupt.o
 .text.NVIC_EncodePriority
                0x08001e58       0x64 ./Dave/Generated/INTERRUPT/interrupt.o
 .text.INTERRUPT_Enable
                0x08001ebc       0x1c ./Dave/Generated/INTERRUPT/interrupt.o
 .text.INTERRUPT_Init
                0x08001ed8       0x4c ./Dave/Generated/INTERRUPT/interrupt.o
                0x08001ed8                INTERRUPT_Init
 .text.XMC_CCU8_StartPrescaler
                0x08001f24       0x20 ./Dave/Generated/GLOBAL_CCU8/global_ccu8.o
 .text.GLOBAL_CCU8_Init
                0x08001f44       0x40 ./Dave/Generated/GLOBAL_CCU8/global_ccu8.o
                0x08001f44                GLOBAL_CCU8_Init
 .text.XMC_VADC_GLOBAL_DisablePostCalibration
                0x08001f84       0x2c ./Dave/Generated/GLOBAL_ADC/global_adc.o
 .text.GLOBAL_ADC_Init
                0x08001fb0       0xb0 ./Dave/Generated/GLOBAL_ADC/global_adc.o
                0x08001fb0                GLOBAL_ADC_Init
 .text.DIGITAL_IO_Init
                0x08002060       0x40 ./Dave/Generated/DIGITAL_IO/digital_io.o
                0x08002060                DIGITAL_IO_Init
 .text.XMC_DAC_EnableSimultaneousDataMode
                0x080020a0       0x20 ./Dave/Generated/DAC/dac.o
 .text.XMC_DAC_CH_Write
                0x080020c0       0x28 ./Dave/Generated/DAC/dac.o
 .text.XMC_DAC_CH_SetMode
                0x080020e8       0x34 ./Dave/Generated/DAC/dac.o
 .text.XMC_DAC_CH_EnableEvent
                0x0800211c       0x30 ./Dave/Generated/DAC/dac.o
 .text.XMC_DAC_CH_SetOutputScale
                0x0800214c       0x38 ./Dave/Generated/DAC/dac.o
 .text.DAC_ModeConfig
                0x08002184      0x158 ./Dave/Generated/DAC/dac.o
                0x08002184                DAC_ModeConfig
 .text.DAC_Init
                0x080022dc       0x74 ./Dave/Generated/DAC/dac.o
                0x080022dc                DAC_Init
 .text.__NVIC_SetPriorityGrouping
                0x08002350       0x48 ./Dave/Generated/CPU_CTRL_XMC4/cpu_ctrl_xmc4_conf.o
 .text.SystemCoreSetup
                0x08002398       0xa0 ./Dave/Generated/CPU_CTRL_XMC4/cpu_ctrl_xmc4_conf.o
                0x08002398                SystemCoreSetup
 .text.arm_cos_f32
                0x08002438       0xf0 ./Dave/Generated/CMSIS_DSP/FastMathFunctions/arm_cos_f32.o
                0x08002438                arm_cos_f32
 .text.arm_sin_f32
                0x08002528      0x110 ./Dave/Generated/CMSIS_DSP/FastMathFunctions/arm_sin_f32.o
                0x08002528                arm_sin_f32
 .text.CLOCK_XMC4_Init
                0x08002638       0x20 ./Dave/Generated/CLOCK_XMC4/clock_xmc4.o
                0x08002638                CLOCK_XMC4_Init
 .text.OSCHP_GetFrequency
                0x08002658       0x14 ./Dave/Generated/CLOCK_XMC4/clock_xmc4.o
                0x08002658                OSCHP_GetFrequency
 .text.SystemCoreClockSetup
                0x0800266c       0x54 ./Dave/Generated/CLOCK_XMC4/clock_xmc4_conf.o
                0x0800266c                SystemCoreClockSetup
 .text.__NVIC_GetPriorityGrouping
                0x080026c0       0x1c ./Dave/Generated/ADC_MEASUREMENT_ADV/adc_measurement_adv.o
 .text.__NVIC_EnableIRQ
                0x080026dc       0x38 ./Dave/Generated/ADC_MEASUREMENT_ADV/adc_measurement_adv.o
 .text.__NVIC_SetPriority
                0x08002714       0x54 ./Dave/Generated/ADC_MEASUREMENT_ADV/adc_measurement_adv.o
 .text.NVIC_EncodePriority
                0x08002768       0x64 ./Dave/Generated/ADC_MEASUREMENT_ADV/adc_measurement_adv.o
 .text.XMC_VADC_GROUP_QueueEnableArbitrationSlot
                0x080027cc       0x24 ./Dave/Generated/ADC_MEASUREMENT_ADV/adc_measurement_adv.o
 .text.XMC_VADC_GROUP_QueueDisableArbitrationSlot
                0x080027f0       0x24 ./Dave/Generated/ADC_MEASUREMENT_ADV/adc_measurement_adv.o
 .text.XMC_VADC_GROUP_QueueIsArbitrationSlotEnabled
                0x08002814       0x2c ./Dave/Generated/ADC_MEASUREMENT_ADV/adc_measurement_adv.o
 .text.XMC_VADC_GROUP_QueueSetGatingMode
                0x08002840       0x38 ./Dave/Generated/ADC_MEASUREMENT_ADV/adc_measurement_adv.o
 .text.XMC_VADC_GROUP_QueueInsertChannel
                0x08002878       0x1c ./Dave/Generated/ADC_MEASUREMENT_ADV/adc_measurement_adv.o
 .text.XMC_VADC_GROUP_ResultInit
                0x08002894       0x24 ./Dave/Generated/ADC_MEASUREMENT_ADV/adc_measurement_adv.o
 .text.ADC_MEASUREMENT_ADV_lQueueInit
                0x080028b8       0xb4 ./Dave/Generated/ADC_MEASUREMENT_ADV/adc_measurement_adv.o
 .text.ADC_MEASUREMENT_ADV_lRequestSrcInit
                0x0800296c       0x28 ./Dave/Generated/ADC_MEASUREMENT_ADV/adc_measurement_adv.o
 .text.ADC_MEASUREMENT_ADV_lQueueInsertEntries
                0x08002994       0x50 ./Dave/Generated/ADC_MEASUREMENT_ADV/adc_measurement_adv.o
 .text.ADC_MEASUREMENT_ADV_lArbitrationStatus
                0x080029e4       0x58 ./Dave/Generated/ADC_MEASUREMENT_ADV/adc_measurement_adv.o
 .text.ADC_MEASUREMENT_ADV_lDisableArbitration
                0x08002a3c       0x34 ./Dave/Generated/ADC_MEASUREMENT_ADV/adc_measurement_adv.o
 .text.ADC_MEASUREMENT_ADV_lInsertChannels
                0x08002a70       0x14 ./Dave/Generated/ADC_MEASUREMENT_ADV/adc_measurement_adv.o
                0x08002a70                ADC_MEASUREMENT_ADV_lInsertChannels
 .text.ADC_MEASUREMENT_ADV_lSyncADCClocks
                0x08002a84       0x7c ./Dave/Generated/ADC_MEASUREMENT_ADV/adc_measurement_adv.o
                0x08002a84                ADC_MEASUREMENT_ADV_lSyncADCClocks
 .text.ADC_MEASUREMENT_ADV_StartADC
                0x08002b00       0x24 ./Dave/Generated/ADC_MEASUREMENT_ADV/adc_measurement_adv.o
                0x08002b00                ADC_MEASUREMENT_ADV_StartADC
 .text.ADC_MEASUREMENT_ADC_lNvicEnable
                0x08002b24       0x30 ./Dave/Generated/ADC_MEASUREMENT_ADV/adc_measurement_adv.o
                0x08002b24                ADC_MEASUREMENT_ADC_lNvicEnable
 .text.ADC_MEASUREMENT_ADC_lResultInit
                0x08002b54       0x38 ./Dave/Generated/ADC_MEASUREMENT_ADV/adc_measurement_adv.o
 .text.ADC_MEASUREMENT_ADV_Init
                0x08002b8c       0xb0 ./Dave/Generated/ADC_MEASUREMENT_ADV/adc_measurement_adv.o
                0x08002b8c                ADC_MEASUREMENT_ADV_Init
 .text.DAVE_Init
                0x08002c3c      0x1c8 ./Dave/Generated/DAVE.o
                0x08002c3c                DAVE_Init
 .text.XMC_GPIO_SetOutputHigh
                0x08002e04       0x20 ./main.o
 .text.XMC_GPIO_SetOutputLow
                0x08002e24       0x24 ./main.o
 .text.DIGITAL_IO_SetOutputHigh
                0x08002e48       0x20 ./main.o
 .text.DIGITAL_IO_SetOutputLow
                0x08002e68       0x20 ./main.o
 .text.XMC_VADC_GROUP_GetResult
                0x08002e88       0x24 ./main.o
 .text.ADC_MEASUREMENT_ADV_GetResult
                0x08002eac       0x3c ./main.o
 .text.fw_integ
                0x08002ee8       0xac ./main.o
                0x08002ee8                fw_integ
 .text.AB_dq    0x08002f94       0x88 ./main.o
                0x08002f94                AB_dq
 .text.dq_AB    0x0800301c       0x74 ./main.o
                0x0800301c                dq_AB
 .text.LPF1     0x08003090       0x68 ./main.o
                0x08003090                LPF1
 .text.PI_TR_p  0x080030f8       0xe4 ./main.o
                0x080030f8                PI_TR_p
 .text.QSG      0x080031dc       0x8c ./main.o
                0x080031dc                QSG
 .text.Init_prStruct
                0x08003268       0x4c ./main.o
                0x08003268                Init_prStruct
 .text.set_PR_ref
                0x080032b4       0x1c ./main.o
                0x080032b4                set_PR_ref
 .text.Calc_prStruct
                0x080032d0      0x160 ./main.o
                0x080032d0                Calc_prStruct
 .text.no_fault
                0x08003430      0x100 ./main.o
                0x08003430                no_fault
 .text.ConverterStateMachine
                0x08003530      0x3b4 ./main.o
                0x08003530                ConverterStateMachine
 *fill*         0x080038e4        0x4 
 .text.CCU80_3_IRQHandler
                0x080038e8      0x8f0 ./main.o
                0x080038e8                CCU80_3_IRQHandler
 .text.main     0x080041d8       0xbc ./main.o
                0x080041d8                main
 .text.ProbeScope_Init
                0x08004294      0x160 ./probe_scope.o
                0x08004294                ProbeScope_Init
 .text.ProbeScope_Sampling
                0x080043f4       0x44 ./probe_scope.o
                0x080043f4                ProbeScope_Sampling
 .text.ProbeScope_ModeOff
                0x08004438       0x28 ./probe_scope.o
 .text.ProbeScope_ModeContinuous
                0x08004460       0x7c ./probe_scope.o
 .text.ProbeScope_ModeTrig
                0x080044dc      0x190 ./probe_scope.o
 .text.ProbeScope_SampleChAll
                0x0800466c       0x58 ./probe_scope.o
 .text.ProbeScope_SampleCh
                0x080046c4      0x1f8 ./probe_scope.o
 .text.ProbeScope_SamplePosNext
                0x080048bc       0x38 ./probe_scope.o
 .text.ProbeScope_IsTrig
                0x080048f4      0x6ac ./probe_scope.o
 .text.fmaxf    0x08004fa0       0x4c c:/program files (x86)/dave/eclipse/arm-gcc-49/bin/../lib/gcc/arm-none-eabi/4.9.3/../../../../arm-none-eabi/lib/armv7e-m/softfp\libm.a(lib_a-sf_fmax.o)
                0x08004fa0                fmaxf
 .text.fminf    0x08004fec       0x4c c:/program files (x86)/dave/eclipse/arm-gcc-49/bin/../lib/gcc/arm-none-eabi/4.9.3/../../../../arm-none-eabi/lib/armv7e-m/softfp\libm.a(lib_a-sf_fmin.o)
                0x08004fec                fminf
 .text.__fpclassifyf
                0x08005038       0x34 c:/program files (x86)/dave/eclipse/arm-gcc-49/bin/../lib/gcc/arm-none-eabi/4.9.3/../../../../arm-none-eabi/lib/armv7e-m/softfp\libm.a(lib_a-sf_fpclassify.o)
                0x08005038                __fpclassifyf
 .text          0x0800506c      0x370 c:/program files (x86)/dave/eclipse/arm-gcc-49/bin/../lib/gcc/arm-none-eabi/4.9.3/armv7e-m/softfp\libgcc.a(_arm_addsubdf3.o)
                0x0800506c                __aeabi_drsub
                0x08005074                __aeabi_dsub
                0x08005074                __subdf3
                0x08005078                __aeabi_dadd
                0x08005078                __adddf3
                0x080052f0                __floatunsidf
                0x080052f0                __aeabi_ui2d
                0x08005310                __floatsidf
                0x08005310                __aeabi_i2d
                0x08005334                __aeabi_f2d
                0x08005334                __extendsfdf2
                0x08005370                __floatundidf
                0x08005370                __aeabi_ul2d
                0x08005380                __floatdidf
                0x08005380                __aeabi_l2d
 .text          0x080053dc      0x424 c:/program files (x86)/dave/eclipse/arm-gcc-49/bin/../lib/gcc/arm-none-eabi/4.9.3/armv7e-m/softfp\libgcc.a(_arm_muldivdf3.o)
                0x080053dc                __aeabi_dmul
                0x080053dc                __muldf3
                0x08005630                __divdf3
                0x08005630                __aeabi_ddiv
 .text          0x08005800       0xa0 c:/program files (x86)/dave/eclipse/arm-gcc-49/bin/../lib/gcc/arm-none-eabi/4.9.3/armv7e-m/softfp\libgcc.a(_arm_truncdfsf2.o)
                0x08005800                __truncdfsf2
                0x08005800                __aeabi_d2f
 .text.__libc_init_array
                0x080058a0       0x4c c:/program files (x86)/dave/eclipse/arm-gcc-49/bin/../lib/gcc/arm-none-eabi/4.9.3/../../../../arm-none-eabi/lib/armv7e-m/softfp\libg_nano.a(lib_a-init.o)
                0x080058a0                __libc_init_array
 *(.init)
 *(.fini)
 *crtbegin.o(.ctors)
 *crtbegin?.o(.ctors)
 *(EXCLUDE_FILE(*crtend.o *crtend?.o) .ctors)
 *(SORT(.ctors.*))
 *(.ctors)
 *crtbegin.o(.dtors)
 *crtbegin?.o(.dtors)
 *(EXCLUDE_FILE(*crtend.o *crtend?.o) .dtors)
 *(SORT(.dtors.*))
 *(.dtors)
 *(.rodata .rodata.*)
 .rodata.g_xmc_vadc_group_array
                0x080058ec       0x10 ./Libraries/XMCLib/src/xmc_vadc.o
 .rodata.PWM_a_compare_config
                0x080058fc       0x10 ./Dave/Generated/PWM/pwm_conf.o
                0x080058fc                PWM_a_compare_config
 .rodata.PWM_a_gpio_out_config
                0x0800590c        0xc ./Dave/Generated/PWM/pwm_conf.o
                0x0800590c                PWM_a_gpio_out_config
 .rodata.PWM_c_compare_config
                0x08005918       0x10 ./Dave/Generated/PWM/pwm_conf.o
                0x08005918                PWM_c_compare_config
 .rodata.PWM_c_gpio_out_config
                0x08005928        0xc ./Dave/Generated/PWM/pwm_conf.o
                0x08005928                PWM_c_gpio_out_config
 .rodata.PWM_b_compare_config
                0x08005934       0x10 ./Dave/Generated/PWM/pwm_conf.o
                0x08005934                PWM_b_compare_config
 .rodata.PWM_b_gpio_out_config
                0x08005944        0xc ./Dave/Generated/PWM/pwm_conf.o
                0x08005944                PWM_b_gpio_out_config
 .rodata.PWM_update_compare_config
                0x08005950       0x10 ./Dave/Generated/PWM/pwm_conf.o
                0x08005950                PWM_update_compare_config
 .rodata.PWM_update_gpio_out_config
                0x08005960        0xc ./Dave/Generated/PWM/pwm_conf.o
                0x08005960                PWM_update_gpio_out_config
 .rodata.LOOP_CYCLE
                0x0800596c        0x4 ./Dave/Generated/INTERRUPT/interrupt_conf.o
                0x0800596c                LOOP_CYCLE
 .rodata.group_init_handle0
                0x08005970       0x14 ./Dave/Generated/GLOBAL_ADC/global_adc_conf.o
                0x08005970                group_init_handle0
 .rodata.group_init_handle1
                0x08005984       0x14 ./Dave/Generated/GLOBAL_ADC/global_adc_conf.o
                0x08005984                group_init_handle1
 .rodata.group_init_handle2
                0x08005998       0x14 ./Dave/Generated/GLOBAL_ADC/global_adc_conf.o
                0x08005998                group_init_handle2
 .rodata.group_init_handle3
                0x080059ac       0x14 ./Dave/Generated/GLOBAL_ADC/global_adc_conf.o
                0x080059ac                group_init_handle3
 .rodata.global_config
                0x080059c0       0x18 ./Dave/Generated/GLOBAL_ADC/global_adc_conf.o
                0x080059c0                global_config
 .rodata.P_1_0  0x080059d8       0x14 ./Dave/Generated/DIGITAL_IO/digital_io_conf.o
                0x080059d8                P_1_0
 .rodata.P_1_1  0x080059ec       0x14 ./Dave/Generated/DIGITAL_IO/digital_io_conf.o
                0x080059ec                P_1_1
 .rodata.ENABLE
                0x08005a00       0x14 ./Dave/Generated/DIGITAL_IO/digital_io_conf.o
                0x08005a00                ENABLE
 .rodata.Button_1
                0x08005a14       0x14 ./Dave/Generated/DIGITAL_IO/digital_io_conf.o
                0x08005a14                Button_1
 .rodata.P_0_9  0x08005a28       0x14 ./Dave/Generated/DIGITAL_IO/digital_io_conf.o
                0x08005a28                P_0_9
 .rodata.EN_1   0x08005a3c       0x14 ./Dave/Generated/DIGITAL_IO/digital_io_conf.o
                0x08005a3c                EN_1
 .rodata.EN_2   0x08005a50       0x14 ./Dave/Generated/DIGITAL_IO/digital_io_conf.o
                0x08005a50                EN_2
 .rodata.EN_3   0x08005a64       0x14 ./Dave/Generated/DIGITAL_IO/digital_io_conf.o
                0x08005a64                EN_3
 .rodata.FAULT_IN
                0x08005a78       0x14 ./Dave/Generated/DIGITAL_IO/digital_io_conf.o
                0x08005a78                FAULT_IN
 .rodata.FAULT_RST
                0x08005a8c       0x14 ./Dave/Generated/DIGITAL_IO/digital_io_conf.o
                0x08005a8c                FAULT_RST
 .rodata.SSR1   0x08005aa0       0x14 ./Dave/Generated/DIGITAL_IO/digital_io_conf.o
                0x08005aa0                SSR1
 .rodata.SSR2   0x08005ab4       0x14 ./Dave/Generated/DIGITAL_IO/digital_io_conf.o
                0x08005ab4                SSR2
 .rodata.sinTable_f32
                0x08005ac8      0x804 ./Dave/Generated/CMSIS_DSP/CommonTables/arm_common_tables.o
                0x08005ac8                sinTable_f32
 .rodata        0x080062cc       0x14 ./Dave/Generated/CLOCK_XMC4/clock_xmc4_conf.o
 .rodata.group_ptrs
                0x080062e0       0x10 ./Dave/Generated/ADC_MEASUREMENT_ADV/adc_measurement_adv.o
                0x080062e0                group_ptrs
 .rodata.ADC_MEASUREMENT_1_V1_1_ch_config
                0x080062f0        0xc ./Dave/Generated/ADC_MEASUREMENT_ADV/adc_measurement_adv_conf.o
 .rodata.ADC_MEASUREMENT_1_V1_1_res_config
                0x080062fc        0x4 ./Dave/Generated/ADC_MEASUREMENT_ADV/adc_measurement_adv_conf.o
 .rodata.ADC_MEASUREMENT_1_V1_1_handle
                0x08006300        0xc ./Dave/Generated/ADC_MEASUREMENT_ADV/adc_measurement_adv_conf.o
                0x08006300                ADC_MEASUREMENT_1_V1_1_handle
 .rodata.ADC_MEASUREMENT_1_V1_2_ch_config
                0x0800630c        0xc ./Dave/Generated/ADC_MEASUREMENT_ADV/adc_measurement_adv_conf.o
 .rodata.ADC_MEASUREMENT_1_V1_2_res_config
                0x08006318        0x4 ./Dave/Generated/ADC_MEASUREMENT_ADV/adc_measurement_adv_conf.o
 .rodata.ADC_MEASUREMENT_1_V1_2_handle
                0x0800631c        0xc ./Dave/Generated/ADC_MEASUREMENT_ADV/adc_measurement_adv_conf.o
                0x0800631c                ADC_MEASUREMENT_1_V1_2_handle
 .rodata.ADC_MEASUREMENT_1_V1_3_ch_config
                0x08006328        0xc ./Dave/Generated/ADC_MEASUREMENT_ADV/adc_measurement_adv_conf.o
 .rodata.ADC_MEASUREMENT_1_V1_3_res_config
                0x08006334        0x4 ./Dave/Generated/ADC_MEASUREMENT_ADV/adc_measurement_adv_conf.o
 .rodata.ADC_MEASUREMENT_1_V1_3_handle
                0x08006338        0xc ./Dave/Generated/ADC_MEASUREMENT_ADV/adc_measurement_adv_conf.o
                0x08006338                ADC_MEASUREMENT_1_V1_3_handle
 .rodata.ADC_MEASUREMENT_1_V1_4_ch_config
                0x08006344        0xc ./Dave/Generated/ADC_MEASUREMENT_ADV/adc_measurement_adv_conf.o
 .rodata.ADC_MEASUREMENT_1_V1_4_res_config
                0x08006350        0x4 ./Dave/Generated/ADC_MEASUREMENT_ADV/adc_measurement_adv_conf.o
 .rodata.ADC_MEASUREMENT_1_V1_4_handle
                0x08006354        0xc ./Dave/Generated/ADC_MEASUREMENT_ADV/adc_measurement_adv_conf.o
                0x08006354                ADC_MEASUREMENT_1_V1_4_handle
 .rodata.ADC_MEASUREMENT_1_queue_config
                0x08006360        0xc ./Dave/Generated/ADC_MEASUREMENT_ADV/adc_measurement_adv_conf.o
 .rodata.ADC_MEASUREMENT_1_queue_handle
                0x0800636c       0x1c ./Dave/Generated/ADC_MEASUREMENT_ADV/adc_measurement_adv_conf.o
 .rodata.ADC_MEASUREMENT_1_V1_1_queue_entry_0
                0x08006388        0x4 ./Dave/Generated/ADC_MEASUREMENT_ADV/adc_measurement_adv_conf.o
 .rodata.ADC_MEASUREMENT_1_V1_2_queue_entry_1
                0x0800638c        0x4 ./Dave/Generated/ADC_MEASUREMENT_ADV/adc_measurement_adv_conf.o
 .rodata.ADC_MEASUREMENT_1_V1_3_queue_entry_2
                0x08006390        0x4 ./Dave/Generated/ADC_MEASUREMENT_ADV/adc_measurement_adv_conf.o
 .rodata.ADC_MEASUREMENT_1_V1_4_queue_entry_3
                0x08006394        0x4 ./Dave/Generated/ADC_MEASUREMENT_ADV/adc_measurement_adv_conf.o
 .rodata.ADC_MEASUREMENT_1
                0x08006398       0x1c ./Dave/Generated/ADC_MEASUREMENT_ADV/adc_measurement_adv_conf.o
                0x08006398                ADC_MEASUREMENT_1
 .rodata.ADC_MEASUREMENT_2_V2_1_ch_config
                0x080063b4        0xc ./Dave/Generated/ADC_MEASUREMENT_ADV/adc_measurement_adv_conf.o
 .rodata.ADC_MEASUREMENT_2_V2_1_res_config
                0x080063c0        0x4 ./Dave/Generated/ADC_MEASUREMENT_ADV/adc_measurement_adv_conf.o
 .rodata.ADC_MEASUREMENT_2_V2_1_handle
                0x080063c4        0xc ./Dave/Generated/ADC_MEASUREMENT_ADV/adc_measurement_adv_conf.o
                0x080063c4                ADC_MEASUREMENT_2_V2_1_handle
 .rodata.ADC_MEASUREMENT_2_V2_2_ch_config
                0x080063d0        0xc ./Dave/Generated/ADC_MEASUREMENT_ADV/adc_measurement_adv_conf.o
 .rodata.ADC_MEASUREMENT_2_V2_2_res_config
                0x080063dc        0x4 ./Dave/Generated/ADC_MEASUREMENT_ADV/adc_measurement_adv_conf.o
 .rodata.ADC_MEASUREMENT_2_V2_2_handle
                0x080063e0        0xc ./Dave/Generated/ADC_MEASUREMENT_ADV/adc_measurement_adv_conf.o
                0x080063e0                ADC_MEASUREMENT_2_V2_2_handle
 .rodata.ADC_MEASUREMENT_2_V2_3_ch_config
                0x080063ec        0xc ./Dave/Generated/ADC_MEASUREMENT_ADV/adc_measurement_adv_conf.o
 .rodata.ADC_MEASUREMENT_2_V2_3_res_config
                0x080063f8        0x4 ./Dave/Generated/ADC_MEASUREMENT_ADV/adc_measurement_adv_conf.o
 .rodata.ADC_MEASUREMENT_2_V2_3_handle
                0x080063fc        0xc ./Dave/Generated/ADC_MEASUREMENT_ADV/adc_measurement_adv_conf.o
                0x080063fc                ADC_MEASUREMENT_2_V2_3_handle
 .rodata.ADC_MEASUREMENT_2_queue_config
                0x08006408        0xc ./Dave/Generated/ADC_MEASUREMENT_ADV/adc_measurement_adv_conf.o
 .rodata.ADC_MEASUREMENT_2_queue_handle
                0x08006414       0x1c ./Dave/Generated/ADC_MEASUREMENT_ADV/adc_measurement_adv_conf.o
 .rodata.ADC_MEASUREMENT_2_V2_1_queue_entry_0
                0x08006430        0x4 ./Dave/Generated/ADC_MEASUREMENT_ADV/adc_measurement_adv_conf.o
 .rodata.ADC_MEASUREMENT_2_V2_2_queue_entry_1
                0x08006434        0x4 ./Dave/Generated/ADC_MEASUREMENT_ADV/adc_measurement_adv_conf.o
 .rodata.ADC_MEASUREMENT_2_V2_3_queue_entry_2
                0x08006438        0x4 ./Dave/Generated/ADC_MEASUREMENT_ADV/adc_measurement_adv_conf.o
 .rodata.ADC_MEASUREMENT_2
                0x0800643c       0x1c ./Dave/Generated/ADC_MEASUREMENT_ADV/adc_measurement_adv_conf.o
                0x0800643c                ADC_MEASUREMENT_2
 .rodata.ADC_MEASUREMENT_3_V3_1_ch_config
                0x08006458        0xc ./Dave/Generated/ADC_MEASUREMENT_ADV/adc_measurement_adv_conf.o
 .rodata.ADC_MEASUREMENT_3_V3_1_res_config
                0x08006464        0x4 ./Dave/Generated/ADC_MEASUREMENT_ADV/adc_measurement_adv_conf.o
 .rodata.ADC_MEASUREMENT_3_V3_1_handle
                0x08006468        0xc ./Dave/Generated/ADC_MEASUREMENT_ADV/adc_measurement_adv_conf.o
                0x08006468                ADC_MEASUREMENT_3_V3_1_handle
 .rodata.ADC_MEASUREMENT_3_queue_config
                0x08006474        0xc ./Dave/Generated/ADC_MEASUREMENT_ADV/adc_measurement_adv_conf.o
 .rodata.ADC_MEASUREMENT_3_queue_handle
                0x08006480       0x1c ./Dave/Generated/ADC_MEASUREMENT_ADV/adc_measurement_adv_conf.o
 .rodata.ADC_MEASUREMENT_3_V3_1_queue_entry_0
                0x0800649c        0x4 ./Dave/Generated/ADC_MEASUREMENT_ADV/adc_measurement_adv_conf.o
 .rodata.ADC_MEASUREMENT_3
                0x080064a0       0x1c ./Dave/Generated/ADC_MEASUREMENT_ADV/adc_measurement_adv_conf.o
                0x080064a0                ADC_MEASUREMENT_3
 .rodata.LPF_K_1
                0x080064bc        0xc ./main.o
                0x080064bc                LPF_K_1
 .rodata.LPF_K_10
                0x080064c8        0xc ./main.o
                0x080064c8                LPF_K_10
 .rodata.LPF_K_100
                0x080064d4        0xc ./main.o
                0x080064d4                LPF_K_100
 .rodata.LPF_K_500
                0x080064e0        0xc ./main.o
                0x080064e0                LPF_K_500
 .rodata.LPF_K_1500
                0x080064ec        0xc ./main.o
                0x080064ec                LPF_K_1500
 *(.gnu.linkonce.r*)
 *(vtable)
                0x080064f8                . = ALIGN (0x4)

.glue_7         0x080064f8        0x0 load address 0x0c0064f8
 .glue_7        0x00000000        0x0 linker stubs

.glue_7t        0x080064f8        0x0 load address 0x0c0064f8
 .glue_7t       0x00000000        0x0 linker stubs

.vfp11_veneer   0x080064f8        0x0 load address 0x0c0064f8
 .vfp11_veneer  0x00000000        0x0 linker stubs

.v4_bx          0x080064f8        0x0 load address 0x0c0064f8
 .v4_bx         0x00000000        0x0 linker stubs

.iplt           0x080064f8        0x0 load address 0x0c0064f8
 .iplt          0x00000000        0x0 ./Startup/startup_XMC4500.o

.rel.dyn        0x080064f8        0x0 load address 0x0c0064f8
 .rel.iplt      0x00000000        0x0 ./Startup/startup_XMC4500.o

.eh_frame_hdr
 *(.eh_frame_hdr)

.eh_frame
 *(.eh_frame)

.ARM.extab
 *(.ARM.extab* .gnu.linkonce.armextab.*)
                0x080064f8                . = ALIGN (0x4)
                0x080064f8                __exidx_start = .

.ARM.exidx
 *(.ARM.exidx* .gnu.linkonce.armexidx.*)
                0x080064f8                __exidx_end = .
                0x080064f8                . = ALIGN (0x4)

Stack           0x10000000      0x800
                0x10000000                __stack_start = .
                0x10000800                . = (. + stack_size)
 *fill*         0x10000000      0x800 
                0x10000800                __stack_end = .
                0x10000800                __initial_sp = .

.ram_code       0x10000800        0x0 load address 0x0c0064f8
                0x10000800                . = ALIGN (0x4)
                0x10000800                __ram_code_start = .
 *(.ram_code)
                0x10000800                . = ALIGN (0x4)
                0x10000800                __ram_code_end = .
                0x0c0064f8                __ram_code_load = LOADADDR (.ram_code)
                0x00000000                __ram_code_size = (__ram_code_end - __ram_code_start)

PSRAM_DATA      0x10000800        0x0 load address 0x0c0064f8
                0x10000800                . = ALIGN (0x4)
                0x10000800                __data3_start = .
 *(PSRAM_DATA)
                0x10000800                . = ALIGN (0x4)
                0x10000800                __data3_end = .
                0x0c0064f8                __data3_load = LOADADDR (PSRAM_DATA)
                0x00000000                __data3_size = (__data3_end - __data3_start)

PSRAM_BSS       0x10000800        0x0 load address 0x0c0064f8
                0x10000800                . = ALIGN (0x4)
                0x10000800                __bss3_start = .
 *(PSRAM_BSS)
                0x10000800                . = ALIGN (0x4)
                0x10000800                __bss3_end = .
                0x10000800                . = ALIGN (0x8)
                0x10000800                Heap_Bank3_Start = .
                0x00000000                __bss3_size = (__bss3_end - __bss3_start)

.data           0x20000000      0x28c load address 0x0c0064f8
                0x20000000                . = ALIGN (0x4)
                0x20000000                __data_start = .
 *(.data)
 *(.data*)
 .data.PWM_a    0x20000000       0x34 ./Dave/Generated/PWM/pwm_conf.o
                0x20000000                PWM_a
 .data.PWM_c    0x20000034       0x34 ./Dave/Generated/PWM/pwm_conf.o
                0x20000034                PWM_c
 .data.PWM_b    0x20000068       0x34 ./Dave/Generated/PWM/pwm_conf.o
                0x20000068                PWM_b
 .data.PWM_update
                0x2000009c       0x34 ./Dave/Generated/PWM/pwm_conf.o
                0x2000009c                PWM_update
 .data.GLOBAL_CCU8_0
                0x200000d0       0x10 ./Dave/Generated/GLOBAL_CCU8/global_ccu8_conf.o
                0x200000d0                GLOBAL_CCU8_0
 .data.group_0_config
                0x200000e0        0xc ./Dave/Generated/GLOBAL_ADC/global_adc_conf.o
                0x200000e0                group_0_config
 .data.group_1_config
                0x200000ec        0xc ./Dave/Generated/GLOBAL_ADC/global_adc_conf.o
                0x200000ec                group_1_config
 .data.group_2_config
                0x200000f8        0xc ./Dave/Generated/GLOBAL_ADC/global_adc_conf.o
                0x200000f8                group_2_config
 .data.group_3_config
                0x20000104        0xc ./Dave/Generated/GLOBAL_ADC/global_adc_conf.o
                0x20000104                group_3_config
 .data.GLOBAL_ADC_0
                0x20000110       0x1c ./Dave/Generated/GLOBAL_ADC/global_adc_conf.o
                0x20000110                GLOBAL_ADC_0
 .data.DAC_0_Channel_Config
                0x2000012c        0x8 ./Dave/Generated/DAC/dac_conf.o
                0x2000012c                DAC_0_Channel_Config
 .data.DAC_0    0x20000134       0x2c ./Dave/Generated/DAC/dac_conf.o
                0x20000134                DAC_0
 .data.ADC_MEASUREMENT_1_queue_entries
                0x20000160       0x10 ./Dave/Generated/ADC_MEASUREMENT_ADV/adc_measurement_adv_conf.o
 .data.ADC_MEASUREMENT_1_channel_array
                0x20000170       0x10 ./Dave/Generated/ADC_MEASUREMENT_ADV/adc_measurement_adv_conf.o
 .data.ADC_MEASUREMENT_1_initialization_status
                0x20000180        0x1 ./Dave/Generated/ADC_MEASUREMENT_ADV/adc_measurement_adv_conf.o
 *fill*         0x20000181        0x3 
 .data.ADC_MEASUREMENT_2_queue_entries
                0x20000184        0xc ./Dave/Generated/ADC_MEASUREMENT_ADV/adc_measurement_adv_conf.o
 .data.ADC_MEASUREMENT_2_channel_array
                0x20000190        0xc ./Dave/Generated/ADC_MEASUREMENT_ADV/adc_measurement_adv_conf.o
 .data.ADC_MEASUREMENT_2_initialization_status
                0x2000019c        0x1 ./Dave/Generated/ADC_MEASUREMENT_ADV/adc_measurement_adv_conf.o
 *fill*         0x2000019d        0x3 
 .data.ADC_MEASUREMENT_3_queue_entries
                0x200001a0        0x4 ./Dave/Generated/ADC_MEASUREMENT_ADV/adc_measurement_adv_conf.o
 .data.ADC_MEASUREMENT_3_channel_array
                0x200001a4        0x4 ./Dave/Generated/ADC_MEASUREMENT_ADV/adc_measurement_adv_conf.o
 .data.ADC_MEASUREMENT_3_initialization_status
                0x200001a8        0x1 ./Dave/Generated/ADC_MEASUREMENT_ADV/adc_measurement_adv_conf.o
 *fill*         0x200001a9        0x3 
 .data.PI_PLL   0x200001ac       0x1c ./main.o
                0x200001ac                PI_PLL
 .data.PI_d     0x200001c8       0x1c ./main.o
                0x200001c8                PI_d
 .data.PI_q     0x200001e4       0x1c ./main.o
                0x200001e4                PI_q
 .data.dqsg     0x20000200       0x34 ./main.o
                0x20000200                dqsg
 .data.i_dqsg   0x20000234       0x34 ./main.o
                0x20000234                i_dqsg
 .data.PLL_w    0x20000268        0x4 ./main.o
                0x20000268                PLL_w
 .data.PLL_w0   0x2000026c        0x4 ./main.o
                0x2000026c                PLL_w0
 .data.SCADA_Imax
                0x20000270        0x4 ./main.o
                0x20000270                SCADA_Imax
 .data.SCADA_VDCmax
                0x20000274        0x4 ./main.o
                0x20000274                SCADA_VDCmax
 .data.SCADA_VDCmin
                0x20000278        0x4 ./main.o
                0x20000278                SCADA_VDCmin
 .data.SCADA_Tmax
                0x2000027c        0x4 ./main.o
                0x2000027c                SCADA_Tmax
 .data.ProbeScopeDbg_MaxSamples
                0x20000280        0x2 ./probe_scope.o
 .data.ProbeScopeDbg_MaxCh
                0x20000282        0x1 ./probe_scope.o
 *fill*         0x20000283        0x1 
 .data.ProbeScopeDbg_16BitEn
                0x20000284        0x4 ./probe_scope.o
 .data.ProbeScopeDbg_32BitEn
                0x20000288        0x4 ./probe_scope.o
 *(*.data)
 *(.gnu.linkonce.d*)
                0x2000028c                . = ALIGN (0x4)
                0x2000028c                PROVIDE (__preinit_array_start, .)
 *(.preinit_array)
                0x2000028c                PROVIDE (__preinit_array_end, .)
                0x2000028c                . = ALIGN (0x4)
                0x2000028c                PROVIDE (__init_array_start, .)
 *(SORT(.init_array.*))
 *(.init_array)
                0x2000028c                PROVIDE (__init_array_end, .)
                0x2000028c                . = ALIGN (0x4)
                0x2000028c                PROVIDE (__fini_array_start, .)
 *(SORT(.fini_array.*))
 *(.fini_array)
                0x2000028c                PROVIDE (__fini_array_end, .)
                0x2000028c                . = ALIGN (0x4)
                0x2000028c                __data_end = .
                0x0c0064f8                __data_load = LOADADDR (.data)
                0x0000028c                __data_size = (__data_end - __data_start)

.igot.plt       0x2000028c        0x0 load address 0x0c006784
 .igot.plt      0x00000000        0x0 ./Startup/startup_XMC4500.o

.bss            0x2000028c     0x7fe4 load address 0x0c006784
                0x2000028c                . = ALIGN (0x4)
                0x2000028c                __bss_start = .
 *(.bss)
 *(.bss*)
 .bss.CLOCK_XMC4_0
                0x2000028c        0x4 ./Dave/Generated/CLOCK_XMC4/clock_xmc4_conf.o
                0x2000028c                CLOCK_XMC4_0
 .bss.conv      0x20000290       0x28 ./main.o
                0x20000290                conv
 .bss.I_dq_ref  0x200002b8        0x8 ./main.o
                0x200002b8                I_dq_ref
 .bss.state     0x200002c0        0x2 ./main.o
                0x200002c0                state
 .bss.termistor_temp
                0x200002c2        0x2 ./main.o
                0x200002c2                termistor_temp
 .bss.V_DC_adc  0x200002c4        0x2 ./main.o
                0x200002c4                V_DC_adc
 *fill*         0x200002c6        0x2 
 .bss.m_abc     0x200002c8        0xc ./main.o
                0x200002c8                m_abc
 .bss.V_abc_adc
                0x200002d4        0x8 ./main.o
                0x200002d4                V_abc_adc
 .bss.I_abc_adc
                0x200002dc        0x8 ./main.o
                0x200002dc                I_abc_adc
 .bss.conv_temp_C
                0x200002e4        0x4 ./main.o
                0x200002e4                conv_temp_C
 .bss.V_DC      0x200002e8        0x4 ./main.o
                0x200002e8                V_DC
 .bss.V_abc     0x200002ec        0xc ./main.o
                0x200002ec                V_abc
 .bss.I_abc     0x200002f8        0xc ./main.o
                0x200002f8                I_abc
 .bss.I_AB      0x20000304        0x8 ./main.o
                0x20000304                I_AB
 .bss.PR_output
                0x2000030c        0x4 ./main.o
                0x2000030c                PR_output
 .bss.SOGI_v_AB
                0x20000310        0x8 ./main.o
                0x20000310                SOGI_v_AB
 .bss.PLL_wt    0x20000318        0x4 ./main.o
                0x20000318                PLL_wt
 .bss.PLL_Vdq   0x2000031c        0x8 ./main.o
                0x2000031c                PLL_Vdq
 .bss.PLL_LPFbuff_d
                0x20000324        0x8 ./main.o
                0x20000324                PLL_LPFbuff_d
 .bss.PLL_LPFbuff_q
                0x2000032c        0x8 ./main.o
                0x2000032c                PLL_LPFbuff_q
 .bss.PLL_wt_buff
                0x20000334        0x4 ./main.o
                0x20000334                PLL_wt_buff
 .bss.PLL_LPFbuff_w
                0x20000338        0x8 ./main.o
                0x20000338                PLL_LPFbuff_w
 .bss.PR_LPFbuff_Iu
                0x20000340        0x8 ./main.o
                0x20000340                PR_LPFbuff_Iu
 .bss.Iu_filt   0x20000348        0x4 ./main.o
                0x20000348                Iu_filt
 .bss.SOGI_i_AB
                0x2000034c        0x8 ./main.o
                0x2000034c                SOGI_i_AB
 .bss.CTRL_idq  0x20000354        0x8 ./main.o
                0x20000354                CTRL_idq
 .bss.CTRL_idq_ref
                0x2000035c        0x8 ./main.o
                0x2000035c                CTRL_idq_ref
 .bss.vmabc     0x20000364        0xc ./main.o
                0x20000364                vmabc
 .bss.LPFbuff_vdc
                0x20000370        0x8 ./main.o
                0x20000370                LPFbuff_vdc
 .bss.LPFbuff_temp
                0x20000378        0x8 ./main.o
                0x20000378                LPFbuff_temp
 .bss.ADC_LPFbuff_VA
                0x20000380        0x8 ./main.o
                0x20000380                ADC_LPFbuff_VA
 .bss.ADC_LPFbuff_VB
                0x20000388        0x8 ./main.o
                0x20000388                ADC_LPFbuff_VB
 .bss.ADC_LPFbuff_VC
                0x20000390        0x8 ./main.o
                0x20000390                ADC_LPFbuff_VC
 .bss.ADC_LPFbuff_IA
                0x20000398        0x8 ./main.o
                0x20000398                ADC_LPFbuff_IA
 .bss.ADC_LPFbuff_IB
                0x200003a0        0x8 ./main.o
                0x200003a0                ADC_LPFbuff_IB
 .bss.ADC_LPFbuff_IC
                0x200003a8        0x8 ./main.o
                0x200003a8                ADC_LPFbuff_IC
 .bss.SCADA_enable
                0x200003b0        0x4 ./main.o
                0x200003b0                SCADA_enable
 .bss.SCADA_disable
                0x200003b4        0x4 ./main.o
                0x200003b4                SCADA_disable
 .bss.SCADA_status_button
                0x200003b8        0x4 ./main.o
                0x200003b8                SCADA_status_button
 .bss.SCADA_error_Ia
                0x200003bc        0x4 ./main.o
                0x200003bc                SCADA_error_Ia
 .bss.SCADA_error_Ib
                0x200003c0        0x4 ./main.o
                0x200003c0                SCADA_error_Ib
 .bss.SCADA_error_Ic
                0x200003c4        0x4 ./main.o
                0x200003c4                SCADA_error_Ic
 .bss.SCADA_error_VDCmax
                0x200003c8        0x4 ./main.o
                0x200003c8                SCADA_error_VDCmax
 .bss.SCADA_error_VDCmin
                0x200003cc        0x4 ./main.o
                0x200003cc                SCADA_error_VDCmin
 .bss.SCADA_error_Tmax
                0x200003d0        0x4 ./main.o
                0x200003d0                SCADA_error_Tmax
 .bss.timer_sm  0x200003d4        0x4 ./main.o
                0x200003d4                timer_sm
 .bss.SCADA_Id_ref
                0x200003d8        0x4 ./main.o
                0x200003d8                SCADA_Id_ref
 .bss.SCADA_Iq_ref
                0x200003dc        0x4 ./main.o
                0x200003dc                SCADA_Iq_ref
 .bss.ProbeScope_Ch1
                0x200003e0      0xfb8 ./probe_scope.o
 .bss.ProbeScope_Ch2
                0x20001398      0xfb8 ./probe_scope.o
 .bss.ProbeScope_Ch3
                0x20002350      0xfb8 ./probe_scope.o
 .bss.ProbeScope_Ch4
                0x20003308      0xfb8 ./probe_scope.o
 .bss.ProbeScope_Ch5
                0x200042c0      0xfb8 ./probe_scope.o
 .bss.ProbeScope_Ch6
                0x20005278      0xfb8 ./probe_scope.o
 .bss.ProbeScope_Ch7
                0x20006230      0xfb8 ./probe_scope.o
 .bss.ProbeScope_Ch8
                0x200071e8      0xfb8 ./probe_scope.o
 .bss.ProbeScope_Mode
                0x200081a0        0x1 ./probe_scope.o
 .bss.ProbeScope_TrigChSel
                0x200081a1        0x1 ./probe_scope.o
 *fill*         0x200081a2        0x2 
 .bss.ProbeScope_TrigHoldOffCtr
                0x200081a4        0x4 ./probe_scope.o
 .bss.ProbeScope_TrigSlope
                0x200081a8        0x4 ./probe_scope.o
 .bss.ProbeScope_SampleIxPrev
                0x200081ac        0x4 ./probe_scope.o
 .bss.ProbeScope_SampleIxCur
                0x200081b0        0x4 ./probe_scope.o
 .bss.ProbeScope_SamplesPreTrigCtr
                0x200081b4        0x4 ./probe_scope.o
 .bss.ProbeScope_SamplesPostTrigCtr
                0x200081b8        0x4 ./probe_scope.o
 .bss.ProbeScope_SamplingClkDiv
                0x200081bc        0x2 ./probe_scope.o
 .bss.ProbeScope_SamplingClkDivCtr
                0x200081be        0x2 ./probe_scope.o
 .bss.ProbeScope_State
                0x200081c0        0x1 ./probe_scope.o
 *fill*         0x200081c1        0x3 
 .bss.temp.4203
                0x200081c4        0x4 ./probe_scope.o
 *(COMMON)
 COMMON         0x200081c8       0x8c ./main.o
                0x200081c8                aux_var6
                0x200081cc                scope2
                0x200081d0                m_u
                0x200081d4                scope_adc2
                0x200081d8                scope_adc7
                0x200081dc                relayTimer
                0x200081e0                aux_var3
                0x200081e4                scopeu3
                0x200081e8                aux_var4
                0x200081ec                vdc_bus_error
                0x200081f0                vdc_division
                0x200081f4                m_v
                0x200081f8                scope_adc4
                0x200081fc                aux_var7
                0x20008200                vdc_bus_piout
                0x20008204                scope_adc1
                0x20008208                aux_var1
                0x2000820c                scope_adc6
                0x20008210                scopeu1
                0x20008214                PR_Test
                0x20008234                VDC_BUS_REF
                0x20008238                aux_var5
                0x2000823c                scope1
                0x20008240                scopeu2
                0x20008244                scope_adc5
                0x20008248                scope3
                0x2000824c                aux_var2
                0x20008250                scope_adc3
 COMMON         0x20008254       0x1c ./probe_scope.o
                0x20008254                ProbeScope_TrigFlag
                0x20008258                ProbeScope_SamplingClkHz
                0x2000825c                ProbeScope_TrigIx
                0x20008260                ProbeScope_TrigDispPos
                0x20008264                ProbeScope_TrigHoldOff
                0x20008268                ProbeScope_InitFlag
                0x2000826c                ProbeScope_DataRdyFlag
 *(.gnu.linkonce.b*)
                0x20008270                . = ALIGN (0x4)
                0x20008270                __bss_end = .
                0x20008270                . = ALIGN (0x8)
                0x20008270                Heap_Bank1_Start = .
                0x00007fe4                __bss_size = (__bss_end - __bss_start)

.no_init        0x2000ffc0       0x14
                0x2000ffc0                Heap_Bank1_End = .
 *(.no_init)
 .no_init       0x2000ffc0       0x14 ./Startup/system_XMC4500.o
                0x2000ffc0                SystemCoreClock
                0x2000ffc4                g_chipid

DSRAM2_DATA     0x30000000        0x0 load address 0x0c006784
                0x30000000                . = ALIGN (0x4)
                0x30000000                __data2_start = .
 *(DSRAM2_DATA)
                0x30000000                . = ALIGN (0x4)
                0x30000000                __data2_end = .
                0x0c006784                __data2_load = LOADADDR (DSRAM2_DATA)
                0x00000000                __data2_size = (__data2_end - __data2_start)
                0x00006784                __text_size = (((((__exidx_end - sText) + __data_size) + __ram_code_size) + __data2_size) + __data3_size)
                0x08006784                eText = (sText + __text_size)

DSRAM2_BSS      0x30000000        0x0 load address 0x0c006784
                0x30000000                . = ALIGN (0x4)
                0x30000000                __bss2_start = .
 *(ETH_RAM)
 *(USB_RAM)
 *(DSRAM2_BSS)
                0x30000000                . = ALIGN (0x4)
                0x30000000                __bss2_end = .
                0x30000000                . = ALIGN (0x8)
                0x30000000                Heap_Bank2_Start = .
                0x00000000                __bss2_size = (__bss2_end - __bss2_start)
                0x00007d50                Heap_Bank1_Size = (Heap_Bank1_End - Heap_Bank1_Start)
                0x00008000                Heap_Bank2_Size = (0x8000 - (Heap_Bank2_Start - ORIGIN (DSRAM_2_comm)))
                0x0000f800                Heap_Bank3_Size = (0x10000 - (Heap_Bank3_Start - ORIGIN (PSRAM_1)))
                0x00000001                ASSERT ((Heap_Bank1_Start <= Heap_Bank1_End), region SRAM_combined overflowed no_init section)

/DISCARD/
 *(.comment)

.stab
 *(.stab)

.stabstr
 *(.stabstr)

.debug
 *(.debug)

.line
 *(.line)

.debug_srcinfo
 *(.debug_srcinfo)

.debug_sfnames
 *(.debug_sfnames)

.debug_aranges  0x00000000     0x1090
 *(.debug_aranges)
 .debug_aranges
                0x00000000       0x20 ./Startup/startup_XMC4500.o
 .debug_aranges
                0x00000020       0x48 ./Startup/system_XMC4500.o
 .debug_aranges
                0x00000068       0x28 ./Libraries/XMCLib/src/xmc4_gpio.o
 .debug_aranges
                0x00000090      0x3c0 ./Libraries/XMCLib/src/xmc4_scu.o
 .debug_aranges
                0x00000450      0x180 ./Libraries/XMCLib/src/xmc_ccu8.o
 .debug_aranges
                0x000005d0       0xb0 ./Libraries/XMCLib/src/xmc_dac.o
 .debug_aranges
                0x00000680       0x28 ./Libraries/XMCLib/src/xmc_gpio.o
 .debug_aranges
                0x000006a8      0x280 ./Libraries/XMCLib/src/xmc_vadc.o
 .debug_aranges
                0x00000928       0x28 ./Libraries/Newlib/syscalls.o
 .debug_aranges
                0x00000950      0x100 ./Dave/Generated/PWM/pwm.o
 .debug_aranges
                0x00000a50       0x18 ./Dave/Generated/PWM/pwm_conf.o
 .debug_aranges
                0x00000a68       0x50 ./Dave/Generated/INTERRUPT/interrupt.o
 .debug_aranges
                0x00000ab8       0x18 ./Dave/Generated/INTERRUPT/interrupt_conf.o
 .debug_aranges
                0x00000ad0       0x30 ./Dave/Generated/GLOBAL_CCU8/global_ccu8.o
 .debug_aranges
                0x00000b00       0x18 ./Dave/Generated/GLOBAL_CCU8/global_ccu8_conf.o
 .debug_aranges
                0x00000b18       0x30 ./Dave/Generated/GLOBAL_ADC/global_adc.o
 .debug_aranges
                0x00000b48       0x18 ./Dave/Generated/GLOBAL_ADC/global_adc_conf.o
 .debug_aranges
                0x00000b60       0x28 ./Dave/Generated/DIGITAL_IO/digital_io.o
 .debug_aranges
                0x00000b88       0x18 ./Dave/Generated/DIGITAL_IO/digital_io_conf.o
 .debug_aranges
                0x00000ba0       0xf8 ./Dave/Generated/DAC/dac.o
 .debug_aranges
                0x00000c98       0x18 ./Dave/Generated/DAC/dac_conf.o
 .debug_aranges
                0x00000cb0       0x28 ./Dave/Generated/CPU_CTRL_XMC4/cpu_ctrl_xmc4_conf.o
 .debug_aranges
                0x00000cd8       0x20 ./Dave/Generated/CMSIS_DSP/FastMathFunctions/arm_cos_f32.o
 .debug_aranges
                0x00000cf8       0x20 ./Dave/Generated/CMSIS_DSP/FastMathFunctions/arm_sin_f32.o
 .debug_aranges
                0x00000d18       0x18 ./Dave/Generated/CMSIS_DSP/CommonTables/arm_common_tables.o
 .debug_aranges
                0x00000d30       0x38 ./Dave/Generated/CLOCK_XMC4/clock_xmc4.o
 .debug_aranges